<!doctype html public "-//w3c//dtd html 4.0 transitional//en">
<html><head>
<title>Static Call Graph - [NES_STM32G431\NES_STM32G431.axf]</title></head>
<body><HR>
<H1>Static Call Graph for image NES_STM32G431\NES_STM32G431.axf</H1><HR>
<BR><P>#&#060CALLGRAPH&#062# ARM Linker, 5060960: Last Updated: Sat Feb 25 16:45:43 2023
<BR><P>
<H3>Maximum Stack Usage =        176 bytes + Unknown(Functions without stacksize, Cycles, Untraceable Function Pointers)</H3><H3>
Call chain for Maximum Stack Depth:</H3>
main &rArr; SystemClock_Config &rArr; HAL_RCC_OscConfig &rArr; HAL_InitTick &rArr; HAL_NVIC_SetPriority &rArr; __NVIC_SetPriority
<P>
<H3>
Functions with no stack information
</H3><UL>
 <LI><a href="#[a1]">PPU_W</a>
 <LI><a href="#[99]">PPU_R</a>
 <LI><a href="#[0]">_00</a>
 <LI><a href="#[1]">_01</a>
 <LI><a href="#[3]">_05</a>
 <LI><a href="#[4]">_06</a>
 <LI><a href="#[5]">_08</a>
 <LI><a href="#[6]">_09</a>
 <LI><a href="#[7]">_0A</a>
 <LI><a href="#[8]">_0D</a>
 <LI><a href="#[9]">_0E</a>
 <LI><a href="#[a]">_10</a>
 <LI><a href="#[b]">_11</a>
 <LI><a href="#[c]">_15</a>
 <LI><a href="#[d]">_16</a>
 <LI><a href="#[e]">_18</a>
 <LI><a href="#[f]">_19</a>
 <LI><a href="#[10]">_1D</a>
 <LI><a href="#[11]">_1E</a>
 <LI><a href="#[12]">_20</a>
 <LI><a href="#[13]">_21</a>
 <LI><a href="#[14]">_24</a>
 <LI><a href="#[15]">_25</a>
 <LI><a href="#[16]">_26</a>
 <LI><a href="#[17]">_28</a>
 <LI><a href="#[18]">_29</a>
 <LI><a href="#[19]">_2A</a>
 <LI><a href="#[1a]">_2C</a>
 <LI><a href="#[1b]">_2D</a>
 <LI><a href="#[1c]">_2E</a>
 <LI><a href="#[1d]">_30</a>
 <LI><a href="#[1e]">_31</a>
 <LI><a href="#[1f]">_35</a>
 <LI><a href="#[20]">_36</a>
 <LI><a href="#[21]">_38</a>
 <LI><a href="#[22]">_39</a>
 <LI><a href="#[23]">_3D</a>
 <LI><a href="#[24]">_3E</a>
 <LI><a href="#[25]">_40</a>
 <LI><a href="#[26]">_41</a>
 <LI><a href="#[27]">_45</a>
 <LI><a href="#[28]">_46</a>
 <LI><a href="#[29]">_48</a>
 <LI><a href="#[2a]">_49</a>
 <LI><a href="#[2b]">_4A</a>
 <LI><a href="#[2c]">_4C</a>
 <LI><a href="#[2d]">_4D</a>
 <LI><a href="#[2e]">_4E</a>
 <LI><a href="#[2f]">_50</a>
 <LI><a href="#[30]">_51</a>
 <LI><a href="#[31]">_55</a>
 <LI><a href="#[32]">_56</a>
 <LI><a href="#[33]">_58</a>
 <LI><a href="#[34]">_59</a>
 <LI><a href="#[35]">_5D</a>
 <LI><a href="#[36]">_5E</a>
 <LI><a href="#[37]">_60</a>
 <LI><a href="#[38]">_61</a>
 <LI><a href="#[39]">_65</a>
 <LI><a href="#[3a]">_66</a>
 <LI><a href="#[3b]">_68</a>
 <LI><a href="#[3c]">_69</a>
 <LI><a href="#[3d]">_6A</a>
 <LI><a href="#[3e]">_6C</a>
 <LI><a href="#[3f]">_6D</a>
 <LI><a href="#[40]">_6E</a>
 <LI><a href="#[41]">_70</a>
 <LI><a href="#[42]">_71</a>
 <LI><a href="#[43]">_75</a>
 <LI><a href="#[44]">_76</a>
 <LI><a href="#[45]">_78</a>
 <LI><a href="#[46]">_79</a>
 <LI><a href="#[47]">_7D</a>
 <LI><a href="#[48]">_7E</a>
 <LI><a href="#[49]">_81</a>
 <LI><a href="#[4a]">_84</a>
 <LI><a href="#[4b]">_85</a>
 <LI><a href="#[4c]">_86</a>
 <LI><a href="#[4d]">_88</a>
 <LI><a href="#[4e]">_8A</a>
 <LI><a href="#[4f]">_8C</a>
 <LI><a href="#[50]">_8D</a>
 <LI><a href="#[51]">_8E</a>
 <LI><a href="#[52]">_90</a>
 <LI><a href="#[53]">_91</a>
 <LI><a href="#[54]">_94</a>
 <LI><a href="#[55]">_95</a>
 <LI><a href="#[56]">_96</a>
 <LI><a href="#[57]">_98</a>
 <LI><a href="#[58]">_99</a>
 <LI><a href="#[59]">_9A</a>
 <LI><a href="#[5a]">_9D</a>
 <LI><a href="#[5b]">_A0</a>
 <LI><a href="#[5c]">_A1</a>
 <LI><a href="#[5d]">_A2</a>
 <LI><a href="#[5e]">_A4</a>
 <LI><a href="#[5f]">_A5</a>
 <LI><a href="#[60]">_A6</a>
 <LI><a href="#[61]">_A8</a>
 <LI><a href="#[62]">_A9</a>
 <LI><a href="#[63]">_AA</a>
 <LI><a href="#[64]">_AC</a>
 <LI><a href="#[65]">_AD</a>
 <LI><a href="#[66]">_AE</a>
 <LI><a href="#[67]">_B0</a>
 <LI><a href="#[68]">_B1</a>
 <LI><a href="#[69]">_B4</a>
 <LI><a href="#[6a]">_B5</a>
 <LI><a href="#[6b]">_B6</a>
 <LI><a href="#[6c]">_B8</a>
 <LI><a href="#[6d]">_B9</a>
 <LI><a href="#[6e]">_BA</a>
 <LI><a href="#[6f]">_BC</a>
 <LI><a href="#[70]">_BD</a>
 <LI><a href="#[71]">_BE</a>
 <LI><a href="#[72]">_C0</a>
 <LI><a href="#[73]">_C1</a>
 <LI><a href="#[74]">_C4</a>
 <LI><a href="#[75]">_C5</a>
 <LI><a href="#[76]">_C6</a>
 <LI><a href="#[77]">_C8</a>
 <LI><a href="#[78]">_C9</a>
 <LI><a href="#[79]">_CA</a>
 <LI><a href="#[7a]">_CC</a>
 <LI><a href="#[7b]">_CD</a>
 <LI><a href="#[7c]">_CE</a>
 <LI><a href="#[7d]">_D0</a>
 <LI><a href="#[7e]">_D1</a>
 <LI><a href="#[7f]">_D5</a>
 <LI><a href="#[80]">_D6</a>
 <LI><a href="#[81]">_D8</a>
 <LI><a href="#[82]">_D9</a>
 <LI><a href="#[83]">_DD</a>
 <LI><a href="#[84]">_DE</a>
 <LI><a href="#[85]">_E0</a>
 <LI><a href="#[86]">_E1</a>
 <LI><a href="#[87]">_E4</a>
 <LI><a href="#[88]">_E5</a>
 <LI><a href="#[89]">_E6</a>
 <LI><a href="#[8a]">_E8</a>
 <LI><a href="#[8b]">_E9</a>
 <LI><a href="#[8c]">_EA</a>
 <LI><a href="#[8d]">_EC</a>
 <LI><a href="#[8e]">_ED</a>
 <LI><a href="#[8f]">_EE</a>
 <LI><a href="#[90]">_F0</a>
 <LI><a href="#[91]">_F1</a>
 <LI><a href="#[92]">_F5</a>
 <LI><a href="#[93]">_F6</a>
 <LI><a href="#[94]">_F8</a>
 <LI><a href="#[95]">_F9</a>
 <LI><a href="#[96]">_FD</a>
 <LI><a href="#[97]">_FE</a>
 <LI><a href="#[f6]">exit_run</a>
 <LI><a href="#[102]">VecCont</a>
 <LI><a href="#[2]">_xx</a>
 <LI><a href="#[9a]">IO_R</a>
 <LI><a href="#[a2]">IO_W</a>
 <LI><a href="#[f8]">dma_W</a>
 <LI><a href="#[f9]">joy0_W</a>
 <LI><a href="#[f7]">joy0_R</a>
 <LI><a href="#[152]">empty_R</a>
 <LI><a href="#[9b]">void</a>
 <LI><a href="#[98]">ram_R</a>
 <LI><a href="#[a0]">ram_W</a>
 <LI><a href="#[9c]">rom_R80</a>
 <LI><a href="#[9d]">rom_RA0</a>
 <LI><a href="#[9e]">rom_RC0</a>
 <LI><a href="#[9f]">rom_RE0</a>
</UL>
</UL>
<P>
<H3>
Mutually Recursive functions
</H3> <LI><a href="#[be]">ADC1_2_IRQHandler</a>&nbsp;&nbsp;&nbsp;&rArr;&nbsp;&nbsp;&nbsp;<a href="#[be]">ADC1_2_IRQHandler</a><BR>
 <LI><a href="#[152]">empty_R</a>&nbsp;&nbsp;&nbsp;&rArr;&nbsp;&nbsp;&nbsp;<a href="#[152]">empty_R</a><BR>
</UL>
<P>
<H3>
Function Pointers
</H3><UL>
 <LI><a href="#[be]">ADC1_2_IRQHandler</a> from startup_stm32g431xx.o(.text) referenced from startup_stm32g431xx.o(RESET)
 <LI><a href="#[a7]">BusFault_Handler</a> from stm32g4xx_it.o(i.BusFault_Handler) referenced from startup_stm32g431xx.o(RESET)
 <LI><a href="#[e6]">COMP1_2_3_IRQHandler</a> from startup_stm32g431xx.o(.text) referenced from startup_stm32g431xx.o(RESET)
 <LI><a href="#[e7]">COMP4_IRQHandler</a> from startup_stm32g431xx.o(.text) referenced from startup_stm32g431xx.o(RESET)
 <LI><a href="#[f1]">CORDIC_IRQHandler</a> from startup_stm32g431xx.o(.text) referenced from startup_stm32g431xx.o(RESET)
 <LI><a href="#[e8]">CRS_IRQHandler</a> from startup_stm32g431xx.o(.text) referenced from startup_stm32g431xx.o(RESET)
 <LI><a href="#[b8]">DMA1_Channel1_IRQHandler</a> from startup_stm32g431xx.o(.text) referenced from startup_stm32g431xx.o(RESET)
 <LI><a href="#[b9]">DMA1_Channel2_IRQHandler</a> from startup_stm32g431xx.o(.text) referenced from startup_stm32g431xx.o(RESET)
 <LI><a href="#[ba]">DMA1_Channel3_IRQHandler</a> from startup_stm32g431xx.o(.text) referenced from startup_stm32g431xx.o(RESET)
 <LI><a href="#[bb]">DMA1_Channel4_IRQHandler</a> from startup_stm32g431xx.o(.text) referenced from startup_stm32g431xx.o(RESET)
 <LI><a href="#[bc]">DMA1_Channel5_IRQHandler</a> from startup_stm32g431xx.o(.text) referenced from startup_stm32g431xx.o(RESET)
 <LI><a href="#[bd]">DMA1_Channel6_IRQHandler</a> from startup_stm32g431xx.o(.text) referenced from startup_stm32g431xx.o(RESET)
 <LI><a href="#[e0]">DMA2_Channel1_IRQHandler</a> from startup_stm32g431xx.o(.text) referenced from startup_stm32g431xx.o(RESET)
 <LI><a href="#[e1]">DMA2_Channel2_IRQHandler</a> from startup_stm32g431xx.o(.text) referenced from startup_stm32g431xx.o(RESET)
 <LI><a href="#[e2]">DMA2_Channel3_IRQHandler</a> from startup_stm32g431xx.o(.text) referenced from startup_stm32g431xx.o(RESET)
 <LI><a href="#[e3]">DMA2_Channel4_IRQHandler</a> from startup_stm32g431xx.o(.text) referenced from startup_stm32g431xx.o(RESET)
 <LI><a href="#[e4]">DMA2_Channel5_IRQHandler</a> from startup_stm32g431xx.o(.text) referenced from startup_stm32g431xx.o(RESET)
 <LI><a href="#[f0]">DMA2_Channel6_IRQHandler</a> from startup_stm32g431xx.o(.text) referenced from startup_stm32g431xx.o(RESET)
 <LI><a href="#[ef]">DMAMUX_OVR_IRQHandler</a> from startup_stm32g431xx.o(.text) referenced from startup_stm32g431xx.o(RESET)
 <LI><a href="#[aa]">DebugMon_Handler</a> from stm32g4xx_it.o(i.DebugMon_Handler) referenced from startup_stm32g431xx.o(RESET)
 <LI><a href="#[b3]">EXTI0_IRQHandler</a> from startup_stm32g431xx.o(.text) referenced from startup_stm32g431xx.o(RESET)
 <LI><a href="#[d4]">EXTI15_10_IRQHandler</a> from startup_stm32g431xx.o(.text) referenced from startup_stm32g431xx.o(RESET)
 <LI><a href="#[b4]">EXTI1_IRQHandler</a> from startup_stm32g431xx.o(.text) referenced from startup_stm32g431xx.o(RESET)
 <LI><a href="#[b5]">EXTI2_IRQHandler</a> from startup_stm32g431xx.o(.text) referenced from startup_stm32g431xx.o(RESET)
 <LI><a href="#[b6]">EXTI3_IRQHandler</a> from startup_stm32g431xx.o(.text) referenced from startup_stm32g431xx.o(RESET)
 <LI><a href="#[b7]">EXTI4_IRQHandler</a> from startup_stm32g431xx.o(.text) referenced from startup_stm32g431xx.o(RESET)
 <LI><a href="#[c3]">EXTI9_5_IRQHandler</a> from startup_stm32g431xx.o(.text) referenced from startup_stm32g431xx.o(RESET)
 <LI><a href="#[c1]">FDCAN1_IT0_IRQHandler</a> from startup_stm32g431xx.o(.text) referenced from startup_stm32g431xx.o(RESET)
 <LI><a href="#[c2]">FDCAN1_IT1_IRQHandler</a> from startup_stm32g431xx.o(.text) referenced from startup_stm32g431xx.o(RESET)
 <LI><a href="#[b1]">FLASH_IRQHandler</a> from startup_stm32g431xx.o(.text) referenced from startup_stm32g431xx.o(RESET)
 <LI><a href="#[f2]">FMAC_IRQHandler</a> from startup_stm32g431xx.o(.text) referenced from startup_stm32g431xx.o(RESET)
 <LI><a href="#[ea]">FPU_IRQHandler</a> from startup_stm32g431xx.o(.text) referenced from startup_stm32g431xx.o(RESET)
 <LI><a href="#[a5]">HardFault_Handler</a> from stm32g4xx_it.o(i.HardFault_Handler) referenced from startup_stm32g431xx.o(RESET)
 <LI><a href="#[cc]">I2C1_ER_IRQHandler</a> from startup_stm32g431xx.o(.text) referenced from startup_stm32g431xx.o(RESET)
 <LI><a href="#[cb]">I2C1_EV_IRQHandler</a> from startup_stm32g431xx.o(.text) referenced from startup_stm32g431xx.o(RESET)
 <LI><a href="#[ce]">I2C2_ER_IRQHandler</a> from startup_stm32g431xx.o(.text) referenced from startup_stm32g431xx.o(RESET)
 <LI><a href="#[cd]">I2C2_EV_IRQHandler</a> from startup_stm32g431xx.o(.text) referenced from startup_stm32g431xx.o(RESET)
 <LI><a href="#[ee]">I2C3_ER_IRQHandler</a> from startup_stm32g431xx.o(.text) referenced from startup_stm32g431xx.o(RESET)
 <LI><a href="#[ed]">I2C3_EV_IRQHandler</a> from startup_stm32g431xx.o(.text) referenced from startup_stm32g431xx.o(RESET)
 <LI><a href="#[9a]">IO_R</a> from 6502.o(io_code) referenced 2 times from 6502.o(wram_globals0)
 <LI><a href="#[a2]">IO_W</a> from 6502.o(io_code) referenced 2 times from 6502.o(wram_globals0)
 <LI><a href="#[db]">LPTIM1_IRQHandler</a> from startup_stm32g431xx.o(.text) referenced from startup_stm32g431xx.o(RESET)
 <LI><a href="#[ec]">LPUART1_IRQHandler</a> from startup_stm32g431xx.o(.text) referenced from startup_stm32g431xx.o(RESET)
 <LI><a href="#[a6]">MemManage_Handler</a> from stm32g4xx_it.o(i.MemManage_Handler) referenced from startup_stm32g431xx.o(RESET)
 <LI><a href="#[a4]">NMI_Handler</a> from stm32g4xx_it.o(i.NMI_Handler) referenced from startup_stm32g431xx.o(RESET)
 <LI><a href="#[99]">PPU_R</a> from 6502.o(CPU_GPU) referenced 2 times from 6502.o(wram_globals0)
 <LI><a href="#[a1]">PPU_W</a> from 6502.o(CPU_GPU) referenced 2 times from 6502.o(wram_globals0)
 <LI><a href="#[ae]">PVD_PVM_IRQHandler</a> from startup_stm32g431xx.o(.text) referenced from startup_stm32g431xx.o(RESET)
 <LI><a href="#[ab]">PendSV_Handler</a> from stm32g4xx_it.o(i.PendSV_Handler) referenced from startup_stm32g431xx.o(RESET)
 <LI><a href="#[b2]">RCC_IRQHandler</a> from startup_stm32g431xx.o(.text) referenced from startup_stm32g431xx.o(RESET)
 <LI><a href="#[eb]">RNG_IRQHandler</a> from startup_stm32g431xx.o(.text) referenced from startup_stm32g431xx.o(RESET)
 <LI><a href="#[d5]">RTC_Alarm_IRQHandler</a> from startup_stm32g431xx.o(.text) referenced from startup_stm32g431xx.o(RESET)
 <LI><a href="#[af]">RTC_TAMP_LSECSS_IRQHandler</a> from startup_stm32g431xx.o(.text) referenced from startup_stm32g431xx.o(RESET)
 <LI><a href="#[b0]">RTC_WKUP_IRQHandler</a> from startup_stm32g431xx.o(.text) referenced from startup_stm32g431xx.o(RESET)
 <LI><a href="#[a3]">Reset_Handler</a> from startup_stm32g431xx.o(.text) referenced from startup_stm32g431xx.o(RESET)
 <LI><a href="#[e9]">SAI1_IRQHandler</a> from startup_stm32g431xx.o(.text) referenced from startup_stm32g431xx.o(RESET)
 <LI><a href="#[cf]">SPI1_IRQHandler</a> from startup_stm32g431xx.o(.text) referenced from startup_stm32g431xx.o(RESET)
 <LI><a href="#[d0]">SPI2_IRQHandler</a> from startup_stm32g431xx.o(.text) referenced from startup_stm32g431xx.o(RESET)
 <LI><a href="#[dc]">SPI3_IRQHandler</a> from startup_stm32g431xx.o(.text) referenced from startup_stm32g431xx.o(RESET)
 <LI><a href="#[a9]">SVC_Handler</a> from stm32g4xx_it.o(i.SVC_Handler) referenced from startup_stm32g431xx.o(RESET)
 <LI><a href="#[ac]">SysTick_Handler</a> from stm32g4xx_it.o(i.SysTick_Handler) referenced from startup_stm32g431xx.o(RESET)
 <LI><a href="#[f4]">SystemInit</a> from system_stm32g4xx.o(i.SystemInit) referenced from startup_stm32g431xx.o(.text)
 <LI><a href="#[c4]">TIM1_BRK_TIM15_IRQHandler</a> from startup_stm32g431xx.o(.text) referenced from startup_stm32g431xx.o(RESET)
 <LI><a href="#[c7]">TIM1_CC_IRQHandler</a> from startup_stm32g431xx.o(.text) referenced from startup_stm32g431xx.o(RESET)
 <LI><a href="#[c6]">TIM1_TRG_COM_TIM17_IRQHandler</a> from startup_stm32g431xx.o(.text) referenced from startup_stm32g431xx.o(RESET)
 <LI><a href="#[c5]">TIM1_UP_TIM16_IRQHandler</a> from startup_stm32g431xx.o(.text) referenced from startup_stm32g431xx.o(RESET)
 <LI><a href="#[c8]">TIM2_IRQHandler</a> from startup_stm32g431xx.o(.text) referenced from startup_stm32g431xx.o(RESET)
 <LI><a href="#[c9]">TIM3_IRQHandler</a> from startup_stm32g431xx.o(.text) referenced from startup_stm32g431xx.o(RESET)
 <LI><a href="#[ca]">TIM4_IRQHandler</a> from startup_stm32g431xx.o(.text) referenced from startup_stm32g431xx.o(RESET)
 <LI><a href="#[de]">TIM6_DAC_IRQHandler</a> from stm32g4xx_it.o(i.TIM6_DAC_IRQHandler) referenced from startup_stm32g431xx.o(RESET)
 <LI><a href="#[df]">TIM7_IRQHandler</a> from startup_stm32g431xx.o(.text) referenced from startup_stm32g431xx.o(RESET)
 <LI><a href="#[d7]">TIM8_BRK_IRQHandler</a> from startup_stm32g431xx.o(.text) referenced from startup_stm32g431xx.o(RESET)
 <LI><a href="#[da]">TIM8_CC_IRQHandler</a> from startup_stm32g431xx.o(.text) referenced from startup_stm32g431xx.o(RESET)
 <LI><a href="#[d9]">TIM8_TRG_COM_IRQHandler</a> from startup_stm32g431xx.o(.text) referenced from startup_stm32g431xx.o(RESET)
 <LI><a href="#[d8]">TIM8_UP_IRQHandler</a> from startup_stm32g431xx.o(.text) referenced from startup_stm32g431xx.o(RESET)
 <LI><a href="#[dd]">UART4_IRQHandler</a> from startup_stm32g431xx.o(.text) referenced from startup_stm32g431xx.o(RESET)
 <LI><a href="#[e5]">UCPD1_IRQHandler</a> from startup_stm32g431xx.o(.text) referenced from startup_stm32g431xx.o(RESET)
 <LI><a href="#[d1]">USART1_IRQHandler</a> from startup_stm32g431xx.o(.text) referenced from startup_stm32g431xx.o(RESET)
 <LI><a href="#[d2]">USART2_IRQHandler</a> from startup_stm32g431xx.o(.text) referenced from startup_stm32g431xx.o(RESET)
 <LI><a href="#[d3]">USART3_IRQHandler</a> from startup_stm32g431xx.o(.text) referenced from startup_stm32g431xx.o(RESET)
 <LI><a href="#[d6]">USBWakeUp_IRQHandler</a> from startup_stm32g431xx.o(.text) referenced from startup_stm32g431xx.o(RESET)
 <LI><a href="#[bf]">USB_HP_IRQHandler</a> from startup_stm32g431xx.o(.text) referenced from startup_stm32g431xx.o(RESET)
 <LI><a href="#[c0]">USB_LP_IRQHandler</a> from startup_stm32g431xx.o(.text) referenced from startup_stm32g431xx.o(RESET)
 <LI><a href="#[a8]">UsageFault_Handler</a> from stm32g4xx_it.o(i.UsageFault_Handler) referenced from startup_stm32g431xx.o(RESET)
 <LI><a href="#[ad]">WWDG_IRQHandler</a> from startup_stm32g431xx.o(.text) referenced from startup_stm32g431xx.o(RESET)
 <LI><a href="#[0]">_00</a> from 6502.o(cpu_code) referenced 2 times from 6502.o(wram_globals0)
 <LI><a href="#[1]">_01</a> from 6502.o(cpu_code) referenced 2 times from 6502.o(wram_globals0)
 <LI><a href="#[3]">_05</a> from 6502.o(cpu_code) referenced 2 times from 6502.o(wram_globals0)
 <LI><a href="#[4]">_06</a> from 6502.o(cpu_code) referenced 2 times from 6502.o(wram_globals0)
 <LI><a href="#[5]">_08</a> from 6502.o(cpu_code) referenced 2 times from 6502.o(wram_globals0)
 <LI><a href="#[6]">_09</a> from 6502.o(cpu_code) referenced 2 times from 6502.o(wram_globals0)
 <LI><a href="#[7]">_0A</a> from 6502.o(cpu_code) referenced 2 times from 6502.o(wram_globals0)
 <LI><a href="#[8]">_0D</a> from 6502.o(cpu_code) referenced 2 times from 6502.o(wram_globals0)
 <LI><a href="#[9]">_0E</a> from 6502.o(cpu_code) referenced 2 times from 6502.o(wram_globals0)
 <LI><a href="#[a]">_10</a> from 6502.o(cpu_code) referenced 2 times from 6502.o(wram_globals0)
 <LI><a href="#[b]">_11</a> from 6502.o(cpu_code) referenced 2 times from 6502.o(wram_globals0)
 <LI><a href="#[c]">_15</a> from 6502.o(cpu_code) referenced 2 times from 6502.o(wram_globals0)
 <LI><a href="#[d]">_16</a> from 6502.o(cpu_code) referenced 2 times from 6502.o(wram_globals0)
 <LI><a href="#[e]">_18</a> from 6502.o(cpu_code) referenced 2 times from 6502.o(wram_globals0)
 <LI><a href="#[f]">_19</a> from 6502.o(cpu_code) referenced 2 times from 6502.o(wram_globals0)
 <LI><a href="#[10]">_1D</a> from 6502.o(cpu_code) referenced 2 times from 6502.o(wram_globals0)
 <LI><a href="#[11]">_1E</a> from 6502.o(cpu_code) referenced 2 times from 6502.o(wram_globals0)
 <LI><a href="#[12]">_20</a> from 6502.o(cpu_code) referenced 2 times from 6502.o(wram_globals0)
 <LI><a href="#[13]">_21</a> from 6502.o(cpu_code) referenced 2 times from 6502.o(wram_globals0)
 <LI><a href="#[14]">_24</a> from 6502.o(cpu_code) referenced 2 times from 6502.o(wram_globals0)
 <LI><a href="#[15]">_25</a> from 6502.o(cpu_code) referenced 2 times from 6502.o(wram_globals0)
 <LI><a href="#[16]">_26</a> from 6502.o(cpu_code) referenced 2 times from 6502.o(wram_globals0)
 <LI><a href="#[17]">_28</a> from 6502.o(cpu_code) referenced 2 times from 6502.o(wram_globals0)
 <LI><a href="#[18]">_29</a> from 6502.o(cpu_code) referenced 2 times from 6502.o(wram_globals0)
 <LI><a href="#[19]">_2A</a> from 6502.o(cpu_code) referenced 2 times from 6502.o(wram_globals0)
 <LI><a href="#[1a]">_2C</a> from 6502.o(cpu_code) referenced 2 times from 6502.o(wram_globals0)
 <LI><a href="#[1b]">_2D</a> from 6502.o(cpu_code) referenced 2 times from 6502.o(wram_globals0)
 <LI><a href="#[1c]">_2E</a> from 6502.o(cpu_code) referenced 2 times from 6502.o(wram_globals0)
 <LI><a href="#[1d]">_30</a> from 6502.o(cpu_code) referenced 2 times from 6502.o(wram_globals0)
 <LI><a href="#[1e]">_31</a> from 6502.o(cpu_code) referenced 2 times from 6502.o(wram_globals0)
 <LI><a href="#[1f]">_35</a> from 6502.o(cpu_code) referenced 2 times from 6502.o(wram_globals0)
 <LI><a href="#[20]">_36</a> from 6502.o(cpu_code) referenced 2 times from 6502.o(wram_globals0)
 <LI><a href="#[21]">_38</a> from 6502.o(cpu_code) referenced 2 times from 6502.o(wram_globals0)
 <LI><a href="#[22]">_39</a> from 6502.o(cpu_code) referenced 2 times from 6502.o(wram_globals0)
 <LI><a href="#[23]">_3D</a> from 6502.o(cpu_code) referenced 2 times from 6502.o(wram_globals0)
 <LI><a href="#[24]">_3E</a> from 6502.o(cpu_code) referenced 2 times from 6502.o(wram_globals0)
 <LI><a href="#[25]">_40</a> from 6502.o(cpu_code) referenced 2 times from 6502.o(wram_globals0)
 <LI><a href="#[26]">_41</a> from 6502.o(cpu_code) referenced 2 times from 6502.o(wram_globals0)
 <LI><a href="#[27]">_45</a> from 6502.o(cpu_code) referenced 2 times from 6502.o(wram_globals0)
 <LI><a href="#[28]">_46</a> from 6502.o(cpu_code) referenced 2 times from 6502.o(wram_globals0)
 <LI><a href="#[29]">_48</a> from 6502.o(cpu_code) referenced 2 times from 6502.o(wram_globals0)
 <LI><a href="#[2a]">_49</a> from 6502.o(cpu_code) referenced 2 times from 6502.o(wram_globals0)
 <LI><a href="#[2b]">_4A</a> from 6502.o(cpu_code) referenced 2 times from 6502.o(wram_globals0)
 <LI><a href="#[2c]">_4C</a> from 6502.o(cpu_code) referenced 2 times from 6502.o(wram_globals0)
 <LI><a href="#[2d]">_4D</a> from 6502.o(cpu_code) referenced 2 times from 6502.o(wram_globals0)
 <LI><a href="#[2e]">_4E</a> from 6502.o(cpu_code) referenced 2 times from 6502.o(wram_globals0)
 <LI><a href="#[2f]">_50</a> from 6502.o(cpu_code) referenced 2 times from 6502.o(wram_globals0)
 <LI><a href="#[30]">_51</a> from 6502.o(cpu_code) referenced 2 times from 6502.o(wram_globals0)
 <LI><a href="#[31]">_55</a> from 6502.o(cpu_code) referenced 2 times from 6502.o(wram_globals0)
 <LI><a href="#[32]">_56</a> from 6502.o(cpu_code) referenced 2 times from 6502.o(wram_globals0)
 <LI><a href="#[33]">_58</a> from 6502.o(cpu_code) referenced 2 times from 6502.o(wram_globals0)
 <LI><a href="#[34]">_59</a> from 6502.o(cpu_code) referenced 2 times from 6502.o(wram_globals0)
 <LI><a href="#[35]">_5D</a> from 6502.o(cpu_code) referenced 2 times from 6502.o(wram_globals0)
 <LI><a href="#[36]">_5E</a> from 6502.o(cpu_code) referenced 2 times from 6502.o(wram_globals0)
 <LI><a href="#[37]">_60</a> from 6502.o(cpu_code) referenced 2 times from 6502.o(wram_globals0)
 <LI><a href="#[38]">_61</a> from 6502.o(cpu_code) referenced 2 times from 6502.o(wram_globals0)
 <LI><a href="#[39]">_65</a> from 6502.o(cpu_code) referenced 2 times from 6502.o(wram_globals0)
 <LI><a href="#[3a]">_66</a> from 6502.o(cpu_code) referenced 2 times from 6502.o(wram_globals0)
 <LI><a href="#[3b]">_68</a> from 6502.o(cpu_code) referenced 2 times from 6502.o(wram_globals0)
 <LI><a href="#[3c]">_69</a> from 6502.o(cpu_code) referenced 2 times from 6502.o(wram_globals0)
 <LI><a href="#[3d]">_6A</a> from 6502.o(cpu_code) referenced 2 times from 6502.o(wram_globals0)
 <LI><a href="#[3e]">_6C</a> from 6502.o(cpu_code) referenced 2 times from 6502.o(wram_globals0)
 <LI><a href="#[3f]">_6D</a> from 6502.o(cpu_code) referenced 2 times from 6502.o(wram_globals0)
 <LI><a href="#[40]">_6E</a> from 6502.o(cpu_code) referenced 2 times from 6502.o(wram_globals0)
 <LI><a href="#[41]">_70</a> from 6502.o(cpu_code) referenced 2 times from 6502.o(wram_globals0)
 <LI><a href="#[42]">_71</a> from 6502.o(cpu_code) referenced 2 times from 6502.o(wram_globals0)
 <LI><a href="#[43]">_75</a> from 6502.o(cpu_code) referenced 2 times from 6502.o(wram_globals0)
 <LI><a href="#[44]">_76</a> from 6502.o(cpu_code) referenced 2 times from 6502.o(wram_globals0)
 <LI><a href="#[45]">_78</a> from 6502.o(cpu_code) referenced 2 times from 6502.o(wram_globals0)
 <LI><a href="#[46]">_79</a> from 6502.o(cpu_code) referenced 2 times from 6502.o(wram_globals0)
 <LI><a href="#[47]">_7D</a> from 6502.o(cpu_code) referenced 2 times from 6502.o(wram_globals0)
 <LI><a href="#[48]">_7E</a> from 6502.o(cpu_code) referenced 2 times from 6502.o(wram_globals0)
 <LI><a href="#[49]">_81</a> from 6502.o(cpu_code) referenced 2 times from 6502.o(wram_globals0)
 <LI><a href="#[4a]">_84</a> from 6502.o(cpu_code) referenced 2 times from 6502.o(wram_globals0)
 <LI><a href="#[4b]">_85</a> from 6502.o(cpu_code) referenced 2 times from 6502.o(wram_globals0)
 <LI><a href="#[4c]">_86</a> from 6502.o(cpu_code) referenced 2 times from 6502.o(wram_globals0)
 <LI><a href="#[4d]">_88</a> from 6502.o(cpu_code) referenced 2 times from 6502.o(wram_globals0)
 <LI><a href="#[4e]">_8A</a> from 6502.o(cpu_code) referenced 2 times from 6502.o(wram_globals0)
 <LI><a href="#[4f]">_8C</a> from 6502.o(cpu_code) referenced 2 times from 6502.o(wram_globals0)
 <LI><a href="#[50]">_8D</a> from 6502.o(cpu_code) referenced 2 times from 6502.o(wram_globals0)
 <LI><a href="#[51]">_8E</a> from 6502.o(cpu_code) referenced 2 times from 6502.o(wram_globals0)
 <LI><a href="#[52]">_90</a> from 6502.o(cpu_code) referenced 2 times from 6502.o(wram_globals0)
 <LI><a href="#[53]">_91</a> from 6502.o(cpu_code) referenced 2 times from 6502.o(wram_globals0)
 <LI><a href="#[54]">_94</a> from 6502.o(cpu_code) referenced 2 times from 6502.o(wram_globals0)
 <LI><a href="#[55]">_95</a> from 6502.o(cpu_code) referenced 2 times from 6502.o(wram_globals0)
 <LI><a href="#[56]">_96</a> from 6502.o(cpu_code) referenced 2 times from 6502.o(wram_globals0)
 <LI><a href="#[57]">_98</a> from 6502.o(cpu_code) referenced 2 times from 6502.o(wram_globals0)
 <LI><a href="#[58]">_99</a> from 6502.o(cpu_code) referenced 2 times from 6502.o(wram_globals0)
 <LI><a href="#[59]">_9A</a> from 6502.o(cpu_code) referenced 2 times from 6502.o(wram_globals0)
 <LI><a href="#[5a]">_9D</a> from 6502.o(cpu_code) referenced 2 times from 6502.o(wram_globals0)
 <LI><a href="#[5b]">_A0</a> from 6502.o(cpu_code) referenced 2 times from 6502.o(wram_globals0)
 <LI><a href="#[5c]">_A1</a> from 6502.o(cpu_code) referenced 2 times from 6502.o(wram_globals0)
 <LI><a href="#[5d]">_A2</a> from 6502.o(cpu_code) referenced 2 times from 6502.o(wram_globals0)
 <LI><a href="#[5e]">_A4</a> from 6502.o(cpu_code) referenced 2 times from 6502.o(wram_globals0)
 <LI><a href="#[5f]">_A5</a> from 6502.o(cpu_code) referenced 2 times from 6502.o(wram_globals0)
 <LI><a href="#[60]">_A6</a> from 6502.o(cpu_code) referenced 2 times from 6502.o(wram_globals0)
 <LI><a href="#[61]">_A8</a> from 6502.o(cpu_code) referenced 2 times from 6502.o(wram_globals0)
 <LI><a href="#[62]">_A9</a> from 6502.o(cpu_code) referenced 2 times from 6502.o(wram_globals0)
 <LI><a href="#[63]">_AA</a> from 6502.o(cpu_code) referenced 2 times from 6502.o(wram_globals0)
 <LI><a href="#[64]">_AC</a> from 6502.o(cpu_code) referenced 2 times from 6502.o(wram_globals0)
 <LI><a href="#[65]">_AD</a> from 6502.o(cpu_code) referenced 2 times from 6502.o(wram_globals0)
 <LI><a href="#[66]">_AE</a> from 6502.o(cpu_code) referenced 2 times from 6502.o(wram_globals0)
 <LI><a href="#[67]">_B0</a> from 6502.o(cpu_code) referenced 2 times from 6502.o(wram_globals0)
 <LI><a href="#[68]">_B1</a> from 6502.o(cpu_code) referenced 2 times from 6502.o(wram_globals0)
 <LI><a href="#[69]">_B4</a> from 6502.o(cpu_code) referenced 2 times from 6502.o(wram_globals0)
 <LI><a href="#[6a]">_B5</a> from 6502.o(cpu_code) referenced 2 times from 6502.o(wram_globals0)
 <LI><a href="#[6b]">_B6</a> from 6502.o(cpu_code) referenced 2 times from 6502.o(wram_globals0)
 <LI><a href="#[6c]">_B8</a> from 6502.o(cpu_code) referenced 2 times from 6502.o(wram_globals0)
 <LI><a href="#[6d]">_B9</a> from 6502.o(cpu_code) referenced 2 times from 6502.o(wram_globals0)
 <LI><a href="#[6e]">_BA</a> from 6502.o(cpu_code) referenced 2 times from 6502.o(wram_globals0)
 <LI><a href="#[6f]">_BC</a> from 6502.o(cpu_code) referenced 2 times from 6502.o(wram_globals0)
 <LI><a href="#[70]">_BD</a> from 6502.o(cpu_code) referenced 2 times from 6502.o(wram_globals0)
 <LI><a href="#[71]">_BE</a> from 6502.o(cpu_code) referenced 2 times from 6502.o(wram_globals0)
 <LI><a href="#[72]">_C0</a> from 6502.o(cpu_code) referenced 2 times from 6502.o(wram_globals0)
 <LI><a href="#[73]">_C1</a> from 6502.o(cpu_code) referenced 2 times from 6502.o(wram_globals0)
 <LI><a href="#[74]">_C4</a> from 6502.o(cpu_code) referenced 2 times from 6502.o(wram_globals0)
 <LI><a href="#[75]">_C5</a> from 6502.o(cpu_code) referenced 2 times from 6502.o(wram_globals0)
 <LI><a href="#[76]">_C6</a> from 6502.o(cpu_code) referenced 2 times from 6502.o(wram_globals0)
 <LI><a href="#[77]">_C8</a> from 6502.o(cpu_code) referenced 2 times from 6502.o(wram_globals0)
 <LI><a href="#[78]">_C9</a> from 6502.o(cpu_code) referenced 2 times from 6502.o(wram_globals0)
 <LI><a href="#[79]">_CA</a> from 6502.o(cpu_code) referenced 2 times from 6502.o(wram_globals0)
 <LI><a href="#[7a]">_CC</a> from 6502.o(cpu_code) referenced 2 times from 6502.o(wram_globals0)
 <LI><a href="#[7b]">_CD</a> from 6502.o(cpu_code) referenced 2 times from 6502.o(wram_globals0)
 <LI><a href="#[7c]">_CE</a> from 6502.o(cpu_code) referenced 2 times from 6502.o(wram_globals0)
 <LI><a href="#[7d]">_D0</a> from 6502.o(cpu_code) referenced 2 times from 6502.o(wram_globals0)
 <LI><a href="#[7e]">_D1</a> from 6502.o(cpu_code) referenced 2 times from 6502.o(wram_globals0)
 <LI><a href="#[7f]">_D5</a> from 6502.o(cpu_code) referenced 2 times from 6502.o(wram_globals0)
 <LI><a href="#[80]">_D6</a> from 6502.o(cpu_code) referenced 2 times from 6502.o(wram_globals0)
 <LI><a href="#[81]">_D8</a> from 6502.o(cpu_code) referenced 2 times from 6502.o(wram_globals0)
 <LI><a href="#[82]">_D9</a> from 6502.o(cpu_code) referenced 2 times from 6502.o(wram_globals0)
 <LI><a href="#[83]">_DD</a> from 6502.o(cpu_code) referenced 2 times from 6502.o(wram_globals0)
 <LI><a href="#[84]">_DE</a> from 6502.o(cpu_code) referenced 2 times from 6502.o(wram_globals0)
 <LI><a href="#[85]">_E0</a> from 6502.o(cpu_code) referenced 2 times from 6502.o(wram_globals0)
 <LI><a href="#[86]">_E1</a> from 6502.o(cpu_code) referenced 2 times from 6502.o(wram_globals0)
 <LI><a href="#[87]">_E4</a> from 6502.o(cpu_code) referenced 2 times from 6502.o(wram_globals0)
 <LI><a href="#[88]">_E5</a> from 6502.o(cpu_code) referenced 2 times from 6502.o(wram_globals0)
 <LI><a href="#[89]">_E6</a> from 6502.o(cpu_code) referenced 2 times from 6502.o(wram_globals0)
 <LI><a href="#[8a]">_E8</a> from 6502.o(cpu_code) referenced 2 times from 6502.o(wram_globals0)
 <LI><a href="#[8b]">_E9</a> from 6502.o(cpu_code) referenced 2 times from 6502.o(wram_globals0)
 <LI><a href="#[8c]">_EA</a> from 6502.o(cpu_code) referenced 2 times from 6502.o(wram_globals0)
 <LI><a href="#[8d]">_EC</a> from 6502.o(cpu_code) referenced 2 times from 6502.o(wram_globals0)
 <LI><a href="#[8e]">_ED</a> from 6502.o(cpu_code) referenced 2 times from 6502.o(wram_globals0)
 <LI><a href="#[8f]">_EE</a> from 6502.o(cpu_code) referenced 2 times from 6502.o(wram_globals0)
 <LI><a href="#[90]">_F0</a> from 6502.o(cpu_code) referenced 2 times from 6502.o(wram_globals0)
 <LI><a href="#[91]">_F1</a> from 6502.o(cpu_code) referenced 2 times from 6502.o(wram_globals0)
 <LI><a href="#[92]">_F5</a> from 6502.o(cpu_code) referenced 2 times from 6502.o(wram_globals0)
 <LI><a href="#[93]">_F6</a> from 6502.o(cpu_code) referenced 2 times from 6502.o(wram_globals0)
 <LI><a href="#[94]">_F8</a> from 6502.o(cpu_code) referenced 2 times from 6502.o(wram_globals0)
 <LI><a href="#[95]">_F9</a> from 6502.o(cpu_code) referenced 2 times from 6502.o(wram_globals0)
 <LI><a href="#[96]">_FD</a> from 6502.o(cpu_code) referenced 2 times from 6502.o(wram_globals0)
 <LI><a href="#[97]">_FE</a> from 6502.o(cpu_code) referenced 2 times from 6502.o(wram_globals0)
 <LI><a href="#[f5]">__main</a> from entry.o(.ARM.Collect$$$$00000000) referenced from startup_stm32g431xx.o(.text)
 <LI><a href="#[2]">_xx</a> from 6502.o(cpu_run) referenced 210 times from 6502.o(wram_globals0)
 <LI><a href="#[f8]">dma_W</a> from 6502.o(io_code) referenced from 6502.o(io_code)
 <LI><a href="#[f6]">exit_run</a> from 6502.o(cpu_run) referenced from 6502.o(cpu_run)
 <LI><a href="#[f7]">joy0_R</a> from 6502.o(io_code) referenced from 6502.o(io_code)
 <LI><a href="#[f9]">joy0_W</a> from 6502.o(io_code) referenced from 6502.o(io_code)
 <LI><a href="#[f3]">main</a> from main.o(i.main) referenced from entry9a.o(.ARM.Collect$$$$0000000B)
 <LI><a href="#[98]">ram_R</a> from 6502.o(rwram_code) referenced 2 times from 6502.o(wram_globals0)
 <LI><a href="#[a0]">ram_W</a> from 6502.o(rwram_code) referenced 2 times from 6502.o(wram_globals0)
 <LI><a href="#[9c]">rom_R80</a> from 6502.o(rwram_code) referenced 2 times from 6502.o(wram_globals0)
 <LI><a href="#[9d]">rom_RA0</a> from 6502.o(rwram_code) referenced 2 times from 6502.o(wram_globals0)
 <LI><a href="#[9e]">rom_RC0</a> from 6502.o(rwram_code) referenced 2 times from 6502.o(wram_globals0)
 <LI><a href="#[9f]">rom_RE0</a> from 6502.o(rwram_code) referenced 2 times from 6502.o(wram_globals0)
 <LI><a href="#[9b]">void</a> from 6502.o(rwram_code) referenced 24 times from 6502.o(io_code)
 <LI><a href="#[9b]">void</a> from 6502.o(rwram_code) referenced 12 times from 6502.o(wram_globals0)
</UL>
<P>
<H3>
Global Symbols
</H3>
<P><STRONG><a name="[f5]"></a>__main</STRONG> (Thumb, 0 bytes, Stack size unknown bytes, entry.o(.ARM.Collect$$$$00000000))
<BR>[Address Reference Count : 1]<UL><LI> startup_stm32g431xx.o(.text)
</UL>
<P><STRONG><a name="[154]"></a>_main_stk</STRONG> (Thumb, 0 bytes, Stack size unknown bytes, entry2.o(.ARM.Collect$$$$00000001))

<P><STRONG><a name="[fa]"></a>_main_scatterload</STRONG> (Thumb, 0 bytes, Stack size unknown bytes, entry5.o(.ARM.Collect$$$$00000004))
<BR><BR>[Calls]<UL><LI><a href="#[fb]">&gt;&gt;</a>&nbsp;&nbsp;&nbsp;__scatterload
</UL>

<P><STRONG><a name="[ff]"></a>__main_after_scatterload</STRONG> (Thumb, 0 bytes, Stack size unknown bytes, entry5.o(.ARM.Collect$$$$00000004))
<BR><BR>[Called By]<UL><LI><a href="#[fb]">&gt;&gt;</a>&nbsp;&nbsp;&nbsp;__scatterload
</UL>

<P><STRONG><a name="[155]"></a>_main_clock</STRONG> (Thumb, 0 bytes, Stack size unknown bytes, entry7b.o(.ARM.Collect$$$$00000008))

<P><STRONG><a name="[156]"></a>_main_cpp_init</STRONG> (Thumb, 0 bytes, Stack size unknown bytes, entry8b.o(.ARM.Collect$$$$0000000A))

<P><STRONG><a name="[157]"></a>_main_init</STRONG> (Thumb, 0 bytes, Stack size unknown bytes, entry9a.o(.ARM.Collect$$$$0000000B))

<P><STRONG><a name="[158]"></a>__rt_lib_shutdown_fini</STRONG> (Thumb, 0 bytes, Stack size unknown bytes, entry12b.o(.ARM.Collect$$$$0000000E))

<P><STRONG><a name="[159]"></a>__rt_final_cpp</STRONG> (Thumb, 0 bytes, Stack size unknown bytes, entry10a.o(.ARM.Collect$$$$0000000F))

<P><STRONG><a name="[15a]"></a>__rt_final_exit</STRONG> (Thumb, 0 bytes, Stack size unknown bytes, entry11a.o(.ARM.Collect$$$$00000011))

<P><STRONG><a name="[a3]"></a>Reset_Handler</STRONG> (Thumb, 8 bytes, Stack size 0 bytes, startup_stm32g431xx.o(.text))
<BR>[Address Reference Count : 1]<UL><LI> startup_stm32g431xx.o(RESET)
</UL>
<P><STRONG><a name="[be]"></a>ADC1_2_IRQHandler</STRONG> (Thumb, 0 bytes, Stack size 0 bytes, startup_stm32g431xx.o(.text))
<BR><BR>[Calls]<UL><LI><a href="#[be]">&gt;&gt;</a>&nbsp;&nbsp;&nbsp;ADC1_2_IRQHandler
</UL>
<BR>[Called By]<UL><LI><a href="#[be]">&gt;&gt;</a>&nbsp;&nbsp;&nbsp;ADC1_2_IRQHandler
</UL>
<BR>[Address Reference Count : 1]<UL><LI> startup_stm32g431xx.o(RESET)
</UL>
<P><STRONG><a name="[e6]"></a>COMP1_2_3_IRQHandler</STRONG> (Thumb, 0 bytes, Stack size 0 bytes, startup_stm32g431xx.o(.text))
<BR>[Address Reference Count : 1]<UL><LI> startup_stm32g431xx.o(RESET)
</UL>
<P><STRONG><a name="[e7]"></a>COMP4_IRQHandler</STRONG> (Thumb, 0 bytes, Stack size 0 bytes, startup_stm32g431xx.o(.text))
<BR>[Address Reference Count : 1]<UL><LI> startup_stm32g431xx.o(RESET)
</UL>
<P><STRONG><a name="[f1]"></a>CORDIC_IRQHandler</STRONG> (Thumb, 0 bytes, Stack size 0 bytes, startup_stm32g431xx.o(.text))
<BR>[Address Reference Count : 1]<UL><LI> startup_stm32g431xx.o(RESET)
</UL>
<P><STRONG><a name="[e8]"></a>CRS_IRQHandler</STRONG> (Thumb, 0 bytes, Stack size 0 bytes, startup_stm32g431xx.o(.text))
<BR>[Address Reference Count : 1]<UL><LI> startup_stm32g431xx.o(RESET)
</UL>
<P><STRONG><a name="[b8]"></a>DMA1_Channel1_IRQHandler</STRONG> (Thumb, 0 bytes, Stack size 0 bytes, startup_stm32g431xx.o(.text))
<BR>[Address Reference Count : 1]<UL><LI> startup_stm32g431xx.o(RESET)
</UL>
<P><STRONG><a name="[b9]"></a>DMA1_Channel2_IRQHandler</STRONG> (Thumb, 0 bytes, Stack size 0 bytes, startup_stm32g431xx.o(.text))
<BR>[Address Reference Count : 1]<UL><LI> startup_stm32g431xx.o(RESET)
</UL>
<P><STRONG><a name="[ba]"></a>DMA1_Channel3_IRQHandler</STRONG> (Thumb, 0 bytes, Stack size 0 bytes, startup_stm32g431xx.o(.text))
<BR>[Address Reference Count : 1]<UL><LI> startup_stm32g431xx.o(RESET)
</UL>
<P><STRONG><a name="[bb]"></a>DMA1_Channel4_IRQHandler</STRONG> (Thumb, 0 bytes, Stack size 0 bytes, startup_stm32g431xx.o(.text))
<BR>[Address Reference Count : 1]<UL><LI> startup_stm32g431xx.o(RESET)
</UL>
<P><STRONG><a name="[bc]"></a>DMA1_Channel5_IRQHandler</STRONG> (Thumb, 0 bytes, Stack size 0 bytes, startup_stm32g431xx.o(.text))
<BR>[Address Reference Count : 1]<UL><LI> startup_stm32g431xx.o(RESET)
</UL>
<P><STRONG><a name="[bd]"></a>DMA1_Channel6_IRQHandler</STRONG> (Thumb, 0 bytes, Stack size 0 bytes, startup_stm32g431xx.o(.text))
<BR>[Address Reference Count : 1]<UL><LI> startup_stm32g431xx.o(RESET)
</UL>
<P><STRONG><a name="[e0]"></a>DMA2_Channel1_IRQHandler</STRONG> (Thumb, 0 bytes, Stack size 0 bytes, startup_stm32g431xx.o(.text))
<BR>[Address Reference Count : 1]<UL><LI> startup_stm32g431xx.o(RESET)
</UL>
<P><STRONG><a name="[e1]"></a>DMA2_Channel2_IRQHandler</STRONG> (Thumb, 0 bytes, Stack size 0 bytes, startup_stm32g431xx.o(.text))
<BR>[Address Reference Count : 1]<UL><LI> startup_stm32g431xx.o(RESET)
</UL>
<P><STRONG><a name="[e2]"></a>DMA2_Channel3_IRQHandler</STRONG> (Thumb, 0 bytes, Stack size 0 bytes, startup_stm32g431xx.o(.text))
<BR>[Address Reference Count : 1]<UL><LI> startup_stm32g431xx.o(RESET)
</UL>
<P><STRONG><a name="[e3]"></a>DMA2_Channel4_IRQHandler</STRONG> (Thumb, 0 bytes, Stack size 0 bytes, startup_stm32g431xx.o(.text))
<BR>[Address Reference Count : 1]<UL><LI> startup_stm32g431xx.o(RESET)
</UL>
<P><STRONG><a name="[e4]"></a>DMA2_Channel5_IRQHandler</STRONG> (Thumb, 0 bytes, Stack size 0 bytes, startup_stm32g431xx.o(.text))
<BR>[Address Reference Count : 1]<UL><LI> startup_stm32g431xx.o(RESET)
</UL>
<P><STRONG><a name="[f0]"></a>DMA2_Channel6_IRQHandler</STRONG> (Thumb, 0 bytes, Stack size 0 bytes, startup_stm32g431xx.o(.text))
<BR>[Address Reference Count : 1]<UL><LI> startup_stm32g431xx.o(RESET)
</UL>
<P><STRONG><a name="[ef]"></a>DMAMUX_OVR_IRQHandler</STRONG> (Thumb, 0 bytes, Stack size 0 bytes, startup_stm32g431xx.o(.text))
<BR>[Address Reference Count : 1]<UL><LI> startup_stm32g431xx.o(RESET)
</UL>
<P><STRONG><a name="[b3]"></a>EXTI0_IRQHandler</STRONG> (Thumb, 0 bytes, Stack size 0 bytes, startup_stm32g431xx.o(.text))
<BR>[Address Reference Count : 1]<UL><LI> startup_stm32g431xx.o(RESET)
</UL>
<P><STRONG><a name="[d4]"></a>EXTI15_10_IRQHandler</STRONG> (Thumb, 0 bytes, Stack size 0 bytes, startup_stm32g431xx.o(.text))
<BR>[Address Reference Count : 1]<UL><LI> startup_stm32g431xx.o(RESET)
</UL>
<P><STRONG><a name="[b4]"></a>EXTI1_IRQHandler</STRONG> (Thumb, 0 bytes, Stack size 0 bytes, startup_stm32g431xx.o(.text))
<BR>[Address Reference Count : 1]<UL><LI> startup_stm32g431xx.o(RESET)
</UL>
<P><STRONG><a name="[b5]"></a>EXTI2_IRQHandler</STRONG> (Thumb, 0 bytes, Stack size 0 bytes, startup_stm32g431xx.o(.text))
<BR>[Address Reference Count : 1]<UL><LI> startup_stm32g431xx.o(RESET)
</UL>
<P><STRONG><a name="[b6]"></a>EXTI3_IRQHandler</STRONG> (Thumb, 0 bytes, Stack size 0 bytes, startup_stm32g431xx.o(.text))
<BR>[Address Reference Count : 1]<UL><LI> startup_stm32g431xx.o(RESET)
</UL>
<P><STRONG><a name="[b7]"></a>EXTI4_IRQHandler</STRONG> (Thumb, 0 bytes, Stack size 0 bytes, startup_stm32g431xx.o(.text))
<BR>[Address Reference Count : 1]<UL><LI> startup_stm32g431xx.o(RESET)
</UL>
<P><STRONG><a name="[c3]"></a>EXTI9_5_IRQHandler</STRONG> (Thumb, 0 bytes, Stack size 0 bytes, startup_stm32g431xx.o(.text))
<BR>[Address Reference Count : 1]<UL><LI> startup_stm32g431xx.o(RESET)
</UL>
<P><STRONG><a name="[c1]"></a>FDCAN1_IT0_IRQHandler</STRONG> (Thumb, 0 bytes, Stack size 0 bytes, startup_stm32g431xx.o(.text))
<BR>[Address Reference Count : 1]<UL><LI> startup_stm32g431xx.o(RESET)
</UL>
<P><STRONG><a name="[c2]"></a>FDCAN1_IT1_IRQHandler</STRONG> (Thumb, 0 bytes, Stack size 0 bytes, startup_stm32g431xx.o(.text))
<BR>[Address Reference Count : 1]<UL><LI> startup_stm32g431xx.o(RESET)
</UL>
<P><STRONG><a name="[b1]"></a>FLASH_IRQHandler</STRONG> (Thumb, 0 bytes, Stack size 0 bytes, startup_stm32g431xx.o(.text))
<BR>[Address Reference Count : 1]<UL><LI> startup_stm32g431xx.o(RESET)
</UL>
<P><STRONG><a name="[f2]"></a>FMAC_IRQHandler</STRONG> (Thumb, 0 bytes, Stack size 0 bytes, startup_stm32g431xx.o(.text))
<BR>[Address Reference Count : 1]<UL><LI> startup_stm32g431xx.o(RESET)
</UL>
<P><STRONG><a name="[ea]"></a>FPU_IRQHandler</STRONG> (Thumb, 0 bytes, Stack size 0 bytes, startup_stm32g431xx.o(.text))
<BR>[Address Reference Count : 1]<UL><LI> startup_stm32g431xx.o(RESET)
</UL>
<P><STRONG><a name="[cc]"></a>I2C1_ER_IRQHandler</STRONG> (Thumb, 0 bytes, Stack size 0 bytes, startup_stm32g431xx.o(.text))
<BR>[Address Reference Count : 1]<UL><LI> startup_stm32g431xx.o(RESET)
</UL>
<P><STRONG><a name="[cb]"></a>I2C1_EV_IRQHandler</STRONG> (Thumb, 0 bytes, Stack size 0 bytes, startup_stm32g431xx.o(.text))
<BR>[Address Reference Count : 1]<UL><LI> startup_stm32g431xx.o(RESET)
</UL>
<P><STRONG><a name="[ce]"></a>I2C2_ER_IRQHandler</STRONG> (Thumb, 0 bytes, Stack size 0 bytes, startup_stm32g431xx.o(.text))
<BR>[Address Reference Count : 1]<UL><LI> startup_stm32g431xx.o(RESET)
</UL>
<P><STRONG><a name="[cd]"></a>I2C2_EV_IRQHandler</STRONG> (Thumb, 0 bytes, Stack size 0 bytes, startup_stm32g431xx.o(.text))
<BR>[Address Reference Count : 1]<UL><LI> startup_stm32g431xx.o(RESET)
</UL>
<P><STRONG><a name="[ee]"></a>I2C3_ER_IRQHandler</STRONG> (Thumb, 0 bytes, Stack size 0 bytes, startup_stm32g431xx.o(.text))
<BR>[Address Reference Count : 1]<UL><LI> startup_stm32g431xx.o(RESET)
</UL>
<P><STRONG><a name="[ed]"></a>I2C3_EV_IRQHandler</STRONG> (Thumb, 0 bytes, Stack size 0 bytes, startup_stm32g431xx.o(.text))
<BR>[Address Reference Count : 1]<UL><LI> startup_stm32g431xx.o(RESET)
</UL>
<P><STRONG><a name="[db]"></a>LPTIM1_IRQHandler</STRONG> (Thumb, 0 bytes, Stack size 0 bytes, startup_stm32g431xx.o(.text))
<BR>[Address Reference Count : 1]<UL><LI> startup_stm32g431xx.o(RESET)
</UL>
<P><STRONG><a name="[ec]"></a>LPUART1_IRQHandler</STRONG> (Thumb, 0 bytes, Stack size 0 bytes, startup_stm32g431xx.o(.text))
<BR>[Address Reference Count : 1]<UL><LI> startup_stm32g431xx.o(RESET)
</UL>
<P><STRONG><a name="[ae]"></a>PVD_PVM_IRQHandler</STRONG> (Thumb, 0 bytes, Stack size 0 bytes, startup_stm32g431xx.o(.text))
<BR>[Address Reference Count : 1]<UL><LI> startup_stm32g431xx.o(RESET)
</UL>
<P><STRONG><a name="[b2]"></a>RCC_IRQHandler</STRONG> (Thumb, 0 bytes, Stack size 0 bytes, startup_stm32g431xx.o(.text))
<BR>[Address Reference Count : 1]<UL><LI> startup_stm32g431xx.o(RESET)
</UL>
<P><STRONG><a name="[eb]"></a>RNG_IRQHandler</STRONG> (Thumb, 0 bytes, Stack size 0 bytes, startup_stm32g431xx.o(.text))
<BR>[Address Reference Count : 1]<UL><LI> startup_stm32g431xx.o(RESET)
</UL>
<P><STRONG><a name="[d5]"></a>RTC_Alarm_IRQHandler</STRONG> (Thumb, 0 bytes, Stack size 0 bytes, startup_stm32g431xx.o(.text))
<BR>[Address Reference Count : 1]<UL><LI> startup_stm32g431xx.o(RESET)
</UL>
<P><STRONG><a name="[af]"></a>RTC_TAMP_LSECSS_IRQHandler</STRONG> (Thumb, 0 bytes, Stack size 0 bytes, startup_stm32g431xx.o(.text))
<BR>[Address Reference Count : 1]<UL><LI> startup_stm32g431xx.o(RESET)
</UL>
<P><STRONG><a name="[b0]"></a>RTC_WKUP_IRQHandler</STRONG> (Thumb, 0 bytes, Stack size 0 bytes, startup_stm32g431xx.o(.text))
<BR>[Address Reference Count : 1]<UL><LI> startup_stm32g431xx.o(RESET)
</UL>
<P><STRONG><a name="[e9]"></a>SAI1_IRQHandler</STRONG> (Thumb, 0 bytes, Stack size 0 bytes, startup_stm32g431xx.o(.text))
<BR>[Address Reference Count : 1]<UL><LI> startup_stm32g431xx.o(RESET)
</UL>
<P><STRONG><a name="[cf]"></a>SPI1_IRQHandler</STRONG> (Thumb, 0 bytes, Stack size 0 bytes, startup_stm32g431xx.o(.text))
<BR>[Address Reference Count : 1]<UL><LI> startup_stm32g431xx.o(RESET)
</UL>
<P><STRONG><a name="[d0]"></a>SPI2_IRQHandler</STRONG> (Thumb, 0 bytes, Stack size 0 bytes, startup_stm32g431xx.o(.text))
<BR>[Address Reference Count : 1]<UL><LI> startup_stm32g431xx.o(RESET)
</UL>
<P><STRONG><a name="[dc]"></a>SPI3_IRQHandler</STRONG> (Thumb, 0 bytes, Stack size 0 bytes, startup_stm32g431xx.o(.text))
<BR>[Address Reference Count : 1]<UL><LI> startup_stm32g431xx.o(RESET)
</UL>
<P><STRONG><a name="[c4]"></a>TIM1_BRK_TIM15_IRQHandler</STRONG> (Thumb, 0 bytes, Stack size 0 bytes, startup_stm32g431xx.o(.text))
<BR>[Address Reference Count : 1]<UL><LI> startup_stm32g431xx.o(RESET)
</UL>
<P><STRONG><a name="[c7]"></a>TIM1_CC_IRQHandler</STRONG> (Thumb, 0 bytes, Stack size 0 bytes, startup_stm32g431xx.o(.text))
<BR>[Address Reference Count : 1]<UL><LI> startup_stm32g431xx.o(RESET)
</UL>
<P><STRONG><a name="[c6]"></a>TIM1_TRG_COM_TIM17_IRQHandler</STRONG> (Thumb, 0 bytes, Stack size 0 bytes, startup_stm32g431xx.o(.text))
<BR>[Address Reference Count : 1]<UL><LI> startup_stm32g431xx.o(RESET)
</UL>
<P><STRONG><a name="[c5]"></a>TIM1_UP_TIM16_IRQHandler</STRONG> (Thumb, 0 bytes, Stack size 0 bytes, startup_stm32g431xx.o(.text))
<BR>[Address Reference Count : 1]<UL><LI> startup_stm32g431xx.o(RESET)
</UL>
<P><STRONG><a name="[c8]"></a>TIM2_IRQHandler</STRONG> (Thumb, 0 bytes, Stack size 0 bytes, startup_stm32g431xx.o(.text))
<BR>[Address Reference Count : 1]<UL><LI> startup_stm32g431xx.o(RESET)
</UL>
<P><STRONG><a name="[c9]"></a>TIM3_IRQHandler</STRONG> (Thumb, 0 bytes, Stack size 0 bytes, startup_stm32g431xx.o(.text))
<BR>[Address Reference Count : 1]<UL><LI> startup_stm32g431xx.o(RESET)
</UL>
<P><STRONG><a name="[ca]"></a>TIM4_IRQHandler</STRONG> (Thumb, 0 bytes, Stack size 0 bytes, startup_stm32g431xx.o(.text))
<BR>[Address Reference Count : 1]<UL><LI> startup_stm32g431xx.o(RESET)
</UL>
<P><STRONG><a name="[df]"></a>TIM7_IRQHandler</STRONG> (Thumb, 0 bytes, Stack size 0 bytes, startup_stm32g431xx.o(.text))
<BR>[Address Reference Count : 1]<UL><LI> startup_stm32g431xx.o(RESET)
</UL>
<P><STRONG><a name="[d7]"></a>TIM8_BRK_IRQHandler</STRONG> (Thumb, 0 bytes, Stack size 0 bytes, startup_stm32g431xx.o(.text))
<BR>[Address Reference Count : 1]<UL><LI> startup_stm32g431xx.o(RESET)
</UL>
<P><STRONG><a name="[da]"></a>TIM8_CC_IRQHandler</STRONG> (Thumb, 0 bytes, Stack size 0 bytes, startup_stm32g431xx.o(.text))
<BR>[Address Reference Count : 1]<UL><LI> startup_stm32g431xx.o(RESET)
</UL>
<P><STRONG><a name="[d9]"></a>TIM8_TRG_COM_IRQHandler</STRONG> (Thumb, 0 bytes, Stack size 0 bytes, startup_stm32g431xx.o(.text))
<BR>[Address Reference Count : 1]<UL><LI> startup_stm32g431xx.o(RESET)
</UL>
<P><STRONG><a name="[d8]"></a>TIM8_UP_IRQHandler</STRONG> (Thumb, 0 bytes, Stack size 0 bytes, startup_stm32g431xx.o(.text))
<BR>[Address Reference Count : 1]<UL><LI> startup_stm32g431xx.o(RESET)
</UL>
<P><STRONG><a name="[dd]"></a>UART4_IRQHandler</STRONG> (Thumb, 0 bytes, Stack size 0 bytes, startup_stm32g431xx.o(.text))
<BR>[Address Reference Count : 1]<UL><LI> startup_stm32g431xx.o(RESET)
</UL>
<P><STRONG><a name="[e5]"></a>UCPD1_IRQHandler</STRONG> (Thumb, 0 bytes, Stack size 0 bytes, startup_stm32g431xx.o(.text))
<BR>[Address Reference Count : 1]<UL><LI> startup_stm32g431xx.o(RESET)
</UL>
<P><STRONG><a name="[d1]"></a>USART1_IRQHandler</STRONG> (Thumb, 0 bytes, Stack size 0 bytes, startup_stm32g431xx.o(.text))
<BR>[Address Reference Count : 1]<UL><LI> startup_stm32g431xx.o(RESET)
</UL>
<P><STRONG><a name="[d2]"></a>USART2_IRQHandler</STRONG> (Thumb, 0 bytes, Stack size 0 bytes, startup_stm32g431xx.o(.text))
<BR>[Address Reference Count : 1]<UL><LI> startup_stm32g431xx.o(RESET)
</UL>
<P><STRONG><a name="[d3]"></a>USART3_IRQHandler</STRONG> (Thumb, 0 bytes, Stack size 0 bytes, startup_stm32g431xx.o(.text))
<BR>[Address Reference Count : 1]<UL><LI> startup_stm32g431xx.o(RESET)
</UL>
<P><STRONG><a name="[d6]"></a>USBWakeUp_IRQHandler</STRONG> (Thumb, 0 bytes, Stack size 0 bytes, startup_stm32g431xx.o(.text))
<BR>[Address Reference Count : 1]<UL><LI> startup_stm32g431xx.o(RESET)
</UL>
<P><STRONG><a name="[bf]"></a>USB_HP_IRQHandler</STRONG> (Thumb, 0 bytes, Stack size 0 bytes, startup_stm32g431xx.o(.text))
<BR>[Address Reference Count : 1]<UL><LI> startup_stm32g431xx.o(RESET)
</UL>
<P><STRONG><a name="[c0]"></a>USB_LP_IRQHandler</STRONG> (Thumb, 0 bytes, Stack size 0 bytes, startup_stm32g431xx.o(.text))
<BR>[Address Reference Count : 1]<UL><LI> startup_stm32g431xx.o(RESET)
</UL>
<P><STRONG><a name="[ad]"></a>WWDG_IRQHandler</STRONG> (Thumb, 0 bytes, Stack size 0 bytes, startup_stm32g431xx.o(.text))
<BR>[Address Reference Count : 1]<UL><LI> startup_stm32g431xx.o(RESET)
</UL>
<P><STRONG><a name="[fd]"></a>__aeabi_memset</STRONG> (Thumb, 14 bytes, Stack size 0 bytes, memseta.o(.text), UNUSED)
<BR><BR>[Called By]<UL><LI><a href="#[fe]">&gt;&gt;</a>&nbsp;&nbsp;&nbsp;_memset$wrapper
<LI><a href="#[fc]">&gt;&gt;</a>&nbsp;&nbsp;&nbsp;__aeabi_memclr
</UL>

<P><STRONG><a name="[15b]"></a>__aeabi_memset4</STRONG> (Thumb, 0 bytes, Stack size 0 bytes, memseta.o(.text), UNUSED)

<P><STRONG><a name="[15c]"></a>__aeabi_memset8</STRONG> (Thumb, 0 bytes, Stack size 0 bytes, memseta.o(.text), UNUSED)

<P><STRONG><a name="[fc]"></a>__aeabi_memclr</STRONG> (Thumb, 4 bytes, Stack size 0 bytes, memseta.o(.text), UNUSED)
<BR><BR>[Calls]<UL><LI><a href="#[fd]">&gt;&gt;</a>&nbsp;&nbsp;&nbsp;__aeabi_memset
</UL>

<P><STRONG><a name="[124]"></a>__aeabi_memclr4</STRONG> (Thumb, 0 bytes, Stack size 0 bytes, memseta.o(.text))
<BR><BR>[Called By]<UL><LI><a href="#[12b]">&gt;&gt;</a>&nbsp;&nbsp;&nbsp;LCD_CtrlLinesConfig
<LI><a href="#[126]">&gt;&gt;</a>&nbsp;&nbsp;&nbsp;LCD_BusOut
<LI><a href="#[123]">&gt;&gt;</a>&nbsp;&nbsp;&nbsp;LCD_BusIn
<LI><a href="#[137]">&gt;&gt;</a>&nbsp;&nbsp;&nbsp;MX_GPIO_Init
<LI><a href="#[14d]">&gt;&gt;</a>&nbsp;&nbsp;&nbsp;SystemClock_Config
</UL>

<P><STRONG><a name="[15d]"></a>__aeabi_memclr8</STRONG> (Thumb, 0 bytes, Stack size 0 bytes, memseta.o(.text), UNUSED)

<P><STRONG><a name="[fe]"></a>_memset$wrapper</STRONG> (Thumb, 18 bytes, Stack size 8 bytes, memseta.o(.text), UNUSED)
<BR><BR>[Calls]<UL><LI><a href="#[fd]">&gt;&gt;</a>&nbsp;&nbsp;&nbsp;__aeabi_memset
</UL>

<P><STRONG><a name="[fb]"></a>__scatterload</STRONG> (Thumb, 28 bytes, Stack size 0 bytes, init.o(.text))
<BR><BR>[Calls]<UL><LI><a href="#[ff]">&gt;&gt;</a>&nbsp;&nbsp;&nbsp;__main_after_scatterload
</UL>
<BR>[Called By]<UL><LI><a href="#[fa]">&gt;&gt;</a>&nbsp;&nbsp;&nbsp;_main_scatterload
</UL>

<P><STRONG><a name="[15e]"></a>__scatterload_rt2</STRONG> (Thumb, 0 bytes, Stack size 0 bytes, init.o(.text), UNUSED)

<P><STRONG><a name="[15f]"></a>__decompress</STRONG> (Thumb, 0 bytes, Stack size unknown bytes, __dczerorl2.o(.text), UNUSED)

<P><STRONG><a name="[160]"></a>__decompress1</STRONG> (Thumb, 86 bytes, Stack size unknown bytes, __dczerorl2.o(.text), UNUSED)

<P><STRONG><a name="[144]"></a>run</STRONG> (Thumb, 52 bytes, Stack size 0 bytes, 6502.o(cpu_run))
<BR><BR>[Called By]<UL><LI><a href="#[143]">&gt;&gt;</a>&nbsp;&nbsp;&nbsp;NesFrameCycle
</UL>

<P><STRONG><a name="[146]"></a>line242NMI</STRONG> (Thumb, 44 bytes, Stack size 0 bytes, 6502.o(cpu_run))
<BR><BR>[Called By]<UL><LI><a href="#[143]">&gt;&gt;</a>&nbsp;&nbsp;&nbsp;NesFrameCycle
</UL>

<P><STRONG><a name="[153]"></a>CPU_reset</STRONG> (Thumb, 60 bytes, Stack size 0 bytes, 6502.o(cpu_run))
<BR><BR>[Called By]<UL><LI><a href="#[150]">&gt;&gt;</a>&nbsp;&nbsp;&nbsp;loadcart
</UL>

<P><STRONG><a name="[a7]"></a>BusFault_Handler</STRONG> (Thumb, 4 bytes, Stack size 0 bytes, stm32g4xx_it.o(i.BusFault_Handler))
<BR>[Address Reference Count : 1]<UL><LI> startup_stm32g431xx.o(RESET)
</UL>
<P><STRONG><a name="[aa]"></a>DebugMon_Handler</STRONG> (Thumb, 2 bytes, Stack size 0 bytes, stm32g4xx_it.o(i.DebugMon_Handler))
<BR>[Address Reference Count : 1]<UL><LI> startup_stm32g431xx.o(RESET)
</UL>
<P><STRONG><a name="[14b]"></a>Delay_LCD</STRONG> (Thumb, 30 bytes, Stack size 0 bytes, lcd.o(i.Delay_LCD))
<BR><BR>[Called By]<UL><LI><a href="#[131]">&gt;&gt;</a>&nbsp;&nbsp;&nbsp;REG_8230_Init
</UL>

<P><STRONG><a name="[13a]"></a>Error_Handler</STRONG> (Thumb, 6 bytes, Stack size 0 bytes, main.o(i.Error_Handler))
<BR><BR>[Called By]<UL><LI><a href="#[139]">&gt;&gt;</a>&nbsp;&nbsp;&nbsp;MX_TIM6_Init
<LI><a href="#[14d]">&gt;&gt;</a>&nbsp;&nbsp;&nbsp;SystemClock_Config
</UL>

<P><STRONG><a name="[103]"></a>HAL_Delay</STRONG> (Thumb, 36 bytes, Stack size 16 bytes, stm32g4xx_hal.o(i.HAL_Delay))
<BR><BR>[Stack]<UL><LI>Max Depth = 16<LI>Call Chain = HAL_Delay
</UL>
<BR>[Calls]<UL><LI><a href="#[104]">&gt;&gt;</a>&nbsp;&nbsp;&nbsp;HAL_GetTick
</UL>
<BR>[Called By]<UL><LI><a href="#[132]">&gt;&gt;</a>&nbsp;&nbsp;&nbsp;REG_932X_Init
</UL>

<P><STRONG><a name="[125]"></a>HAL_GPIO_Init</STRONG> (Thumb, 438 bytes, Stack size 20 bytes, stm32g4xx_hal_gpio.o(i.HAL_GPIO_Init))
<BR><BR>[Stack]<UL><LI>Max Depth = 20<LI>Call Chain = HAL_GPIO_Init
</UL>
<BR>[Called By]<UL><LI><a href="#[12b]">&gt;&gt;</a>&nbsp;&nbsp;&nbsp;LCD_CtrlLinesConfig
<LI><a href="#[126]">&gt;&gt;</a>&nbsp;&nbsp;&nbsp;LCD_BusOut
<LI><a href="#[123]">&gt;&gt;</a>&nbsp;&nbsp;&nbsp;LCD_BusIn
<LI><a href="#[137]">&gt;&gt;</a>&nbsp;&nbsp;&nbsp;MX_GPIO_Init
</UL>

<P><STRONG><a name="[138]"></a>HAL_GPIO_WritePin</STRONG> (Thumb, 10 bytes, Stack size 0 bytes, stm32g4xx_hal_gpio.o(i.HAL_GPIO_WritePin))
<BR><BR>[Called By]<UL><LI><a href="#[137]">&gt;&gt;</a>&nbsp;&nbsp;&nbsp;MX_GPIO_Init
</UL>

<P><STRONG><a name="[104]"></a>HAL_GetTick</STRONG> (Thumb, 6 bytes, Stack size 0 bytes, stm32g4xx_hal.o(i.HAL_GetTick))
<BR><BR>[Called By]<UL><LI><a href="#[103]">&gt;&gt;</a>&nbsp;&nbsp;&nbsp;HAL_Delay
<LI><a href="#[111]">&gt;&gt;</a>&nbsp;&nbsp;&nbsp;HAL_RCC_OscConfig
<LI><a href="#[10e]">&gt;&gt;</a>&nbsp;&nbsp;&nbsp;HAL_RCC_ClockConfig
</UL>

<P><STRONG><a name="[14c]"></a>HAL_IncTick</STRONG> (Thumb, 16 bytes, Stack size 0 bytes, stm32g4xx_hal.o(i.HAL_IncTick))
<BR><BR>[Called By]<UL><LI><a href="#[ac]">&gt;&gt;</a>&nbsp;&nbsp;&nbsp;SysTick_Handler
</UL>

<P><STRONG><a name="[105]"></a>HAL_Init</STRONG> (Thumb, 30 bytes, Stack size 8 bytes, stm32g4xx_hal.o(i.HAL_Init))
<BR><BR>[Stack]<UL><LI>Max Depth = 72<LI>Call Chain = HAL_Init &rArr; HAL_InitTick &rArr; HAL_NVIC_SetPriority &rArr; __NVIC_SetPriority
</UL>
<BR>[Calls]<UL><LI><a href="#[108]">&gt;&gt;</a>&nbsp;&nbsp;&nbsp;HAL_MspInit
<LI><a href="#[107]">&gt;&gt;</a>&nbsp;&nbsp;&nbsp;HAL_InitTick
<LI><a href="#[106]">&gt;&gt;</a>&nbsp;&nbsp;&nbsp;HAL_NVIC_SetPriorityGrouping
</UL>
<BR>[Called By]<UL><LI><a href="#[f3]">&gt;&gt;</a>&nbsp;&nbsp;&nbsp;main
</UL>

<P><STRONG><a name="[107]"></a>HAL_InitTick</STRONG> (Thumb, 74 bytes, Stack size 16 bytes, stm32g4xx_hal.o(i.HAL_InitTick))
<BR><BR>[Stack]<UL><LI>Max Depth = 64<LI>Call Chain = HAL_InitTick &rArr; HAL_NVIC_SetPriority &rArr; __NVIC_SetPriority
</UL>
<BR>[Calls]<UL><LI><a href="#[10a]">&gt;&gt;</a>&nbsp;&nbsp;&nbsp;HAL_NVIC_SetPriority
<LI><a href="#[109]">&gt;&gt;</a>&nbsp;&nbsp;&nbsp;HAL_SYSTICK_Config
</UL>
<BR>[Called By]<UL><LI><a href="#[111]">&gt;&gt;</a>&nbsp;&nbsp;&nbsp;HAL_RCC_OscConfig
<LI><a href="#[10e]">&gt;&gt;</a>&nbsp;&nbsp;&nbsp;HAL_RCC_ClockConfig
<LI><a href="#[105]">&gt;&gt;</a>&nbsp;&nbsp;&nbsp;HAL_Init
</UL>

<P><STRONG><a name="[108]"></a>HAL_MspInit</STRONG> (Thumb, 62 bytes, Stack size 8 bytes, stm32g4xx_hal_msp.o(i.HAL_MspInit))
<BR><BR>[Stack]<UL><LI>Max Depth = 8<LI>Call Chain = HAL_MspInit
</UL>
<BR>[Calls]<UL><LI><a href="#[10b]">&gt;&gt;</a>&nbsp;&nbsp;&nbsp;HAL_PWREx_DisableUCPDDeadBattery
</UL>
<BR>[Called By]<UL><LI><a href="#[105]">&gt;&gt;</a>&nbsp;&nbsp;&nbsp;HAL_Init
</UL>

<P><STRONG><a name="[115]"></a>HAL_NVIC_EnableIRQ</STRONG> (Thumb, 40 bytes, Stack size 0 bytes, stm32g4xx_hal_cortex.o(i.HAL_NVIC_EnableIRQ))
<BR><BR>[Called By]<UL><LI><a href="#[113]">&gt;&gt;</a>&nbsp;&nbsp;&nbsp;HAL_TIM_Base_MspInit
</UL>

<P><STRONG><a name="[10a]"></a>HAL_NVIC_SetPriority</STRONG> (Thumb, 122 bytes, Stack size 40 bytes, stm32g4xx_hal_cortex.o(i.HAL_NVIC_SetPriority))
<BR><BR>[Stack]<UL><LI>Max Depth = 48<LI>Call Chain = HAL_NVIC_SetPriority &rArr; __NVIC_SetPriority
</UL>
<BR>[Calls]<UL><LI><a href="#[10d]">&gt;&gt;</a>&nbsp;&nbsp;&nbsp;__NVIC_SetPriority
<LI><a href="#[10c]">&gt;&gt;</a>&nbsp;&nbsp;&nbsp;__NVIC_GetPriorityGrouping
</UL>
<BR>[Called By]<UL><LI><a href="#[113]">&gt;&gt;</a>&nbsp;&nbsp;&nbsp;HAL_TIM_Base_MspInit
<LI><a href="#[107]">&gt;&gt;</a>&nbsp;&nbsp;&nbsp;HAL_InitTick
</UL>

<P><STRONG><a name="[106]"></a>HAL_NVIC_SetPriorityGrouping</STRONG> (Thumb, 32 bytes, Stack size 0 bytes, stm32g4xx_hal_cortex.o(i.HAL_NVIC_SetPriorityGrouping))
<BR><BR>[Called By]<UL><LI><a href="#[105]">&gt;&gt;</a>&nbsp;&nbsp;&nbsp;HAL_Init
</UL>

<P><STRONG><a name="[14e]"></a>HAL_PWREx_ControlVoltageScaling</STRONG> (Thumb, 268 bytes, Stack size 0 bytes, stm32g4xx_hal_pwr_ex.o(i.HAL_PWREx_ControlVoltageScaling))
<BR><BR>[Called By]<UL><LI><a href="#[14d]">&gt;&gt;</a>&nbsp;&nbsp;&nbsp;SystemClock_Config
</UL>

<P><STRONG><a name="[10b]"></a>HAL_PWREx_DisableUCPDDeadBattery</STRONG> (Thumb, 14 bytes, Stack size 0 bytes, stm32g4xx_hal_pwr_ex.o(i.HAL_PWREx_DisableUCPDDeadBattery))
<BR><BR>[Called By]<UL><LI><a href="#[108]">&gt;&gt;</a>&nbsp;&nbsp;&nbsp;HAL_MspInit
</UL>

<P><STRONG><a name="[10e]"></a>HAL_RCC_ClockConfig</STRONG> (Thumb, 522 bytes, Stack size 24 bytes, stm32g4xx_hal_rcc.o(i.HAL_RCC_ClockConfig))
<BR><BR>[Stack]<UL><LI>Max Depth = 88<LI>Call Chain = HAL_RCC_ClockConfig &rArr; HAL_InitTick &rArr; HAL_NVIC_SetPriority &rArr; __NVIC_SetPriority
</UL>
<BR>[Calls]<UL><LI><a href="#[110]">&gt;&gt;</a>&nbsp;&nbsp;&nbsp;HAL_RCC_GetSysClockFreq
<LI><a href="#[10f]">&gt;&gt;</a>&nbsp;&nbsp;&nbsp;RCC_GetSysClockFreqFromPLLSource
<LI><a href="#[107]">&gt;&gt;</a>&nbsp;&nbsp;&nbsp;HAL_InitTick
<LI><a href="#[104]">&gt;&gt;</a>&nbsp;&nbsp;&nbsp;HAL_GetTick
</UL>
<BR>[Called By]<UL><LI><a href="#[14d]">&gt;&gt;</a>&nbsp;&nbsp;&nbsp;SystemClock_Config
</UL>

<P><STRONG><a name="[110]"></a>HAL_RCC_GetSysClockFreq</STRONG> (Thumb, 138 bytes, Stack size 16 bytes, stm32g4xx_hal_rcc.o(i.HAL_RCC_GetSysClockFreq))
<BR><BR>[Stack]<UL><LI>Max Depth = 16<LI>Call Chain = HAL_RCC_GetSysClockFreq
</UL>
<BR>[Called By]<UL><LI><a href="#[10e]">&gt;&gt;</a>&nbsp;&nbsp;&nbsp;HAL_RCC_ClockConfig
</UL>

<P><STRONG><a name="[111]"></a>HAL_RCC_OscConfig</STRONG> (Thumb, 1370 bytes, Stack size 32 bytes, stm32g4xx_hal_rcc.o(i.HAL_RCC_OscConfig))
<BR><BR>[Stack]<UL><LI>Max Depth = 96<LI>Call Chain = HAL_RCC_OscConfig &rArr; HAL_InitTick &rArr; HAL_NVIC_SetPriority &rArr; __NVIC_SetPriority
</UL>
<BR>[Calls]<UL><LI><a href="#[107]">&gt;&gt;</a>&nbsp;&nbsp;&nbsp;HAL_InitTick
<LI><a href="#[104]">&gt;&gt;</a>&nbsp;&nbsp;&nbsp;HAL_GetTick
</UL>
<BR>[Called By]<UL><LI><a href="#[14d]">&gt;&gt;</a>&nbsp;&nbsp;&nbsp;SystemClock_Config
</UL>

<P><STRONG><a name="[109]"></a>HAL_SYSTICK_Config</STRONG> (Thumb, 52 bytes, Stack size 16 bytes, stm32g4xx_hal_cortex.o(i.HAL_SYSTICK_Config))
<BR><BR>[Stack]<UL><LI>Max Depth = 24<LI>Call Chain = HAL_SYSTICK_Config &rArr; __NVIC_SetPriority
</UL>
<BR>[Calls]<UL><LI><a href="#[10d]">&gt;&gt;</a>&nbsp;&nbsp;&nbsp;__NVIC_SetPriority
</UL>
<BR>[Called By]<UL><LI><a href="#[107]">&gt;&gt;</a>&nbsp;&nbsp;&nbsp;HAL_InitTick
</UL>

<P><STRONG><a name="[11c]"></a>HAL_TIMEx_Break2Callback</STRONG> (Thumb, 2 bytes, Stack size 0 bytes, stm32g4xx_hal_tim_ex.o(i.HAL_TIMEx_Break2Callback))
<BR><BR>[Called By]<UL><LI><a href="#[116]">&gt;&gt;</a>&nbsp;&nbsp;&nbsp;HAL_TIM_IRQHandler
</UL>

<P><STRONG><a name="[11b]"></a>HAL_TIMEx_BreakCallback</STRONG> (Thumb, 2 bytes, Stack size 0 bytes, stm32g4xx_hal_tim_ex.o(i.HAL_TIMEx_BreakCallback))
<BR><BR>[Called By]<UL><LI><a href="#[116]">&gt;&gt;</a>&nbsp;&nbsp;&nbsp;HAL_TIM_IRQHandler
</UL>

<P><STRONG><a name="[11e]"></a>HAL_TIMEx_CommutCallback</STRONG> (Thumb, 2 bytes, Stack size 0 bytes, stm32g4xx_hal_tim_ex.o(i.HAL_TIMEx_CommutCallback))
<BR><BR>[Called By]<UL><LI><a href="#[116]">&gt;&gt;</a>&nbsp;&nbsp;&nbsp;HAL_TIM_IRQHandler
</UL>

<P><STRONG><a name="[120]"></a>HAL_TIMEx_DirectionChangeCallback</STRONG> (Thumb, 2 bytes, Stack size 0 bytes, stm32g4xx_hal_tim_ex.o(i.HAL_TIMEx_DirectionChangeCallback))
<BR><BR>[Called By]<UL><LI><a href="#[116]">&gt;&gt;</a>&nbsp;&nbsp;&nbsp;HAL_TIM_IRQHandler
</UL>

<P><STRONG><a name="[11f]"></a>HAL_TIMEx_EncoderIndexCallback</STRONG> (Thumb, 2 bytes, Stack size 0 bytes, stm32g4xx_hal_tim_ex.o(i.HAL_TIMEx_EncoderIndexCallback))
<BR><BR>[Called By]<UL><LI><a href="#[116]">&gt;&gt;</a>&nbsp;&nbsp;&nbsp;HAL_TIM_IRQHandler
</UL>

<P><STRONG><a name="[121]"></a>HAL_TIMEx_IndexErrorCallback</STRONG> (Thumb, 2 bytes, Stack size 0 bytes, stm32g4xx_hal_tim_ex.o(i.HAL_TIMEx_IndexErrorCallback))
<BR><BR>[Called By]<UL><LI><a href="#[116]">&gt;&gt;</a>&nbsp;&nbsp;&nbsp;HAL_TIM_IRQHandler
</UL>

<P><STRONG><a name="[13b]"></a>HAL_TIMEx_MasterConfigSynchronization</STRONG> (Thumb, 158 bytes, Stack size 12 bytes, stm32g4xx_hal_tim_ex.o(i.HAL_TIMEx_MasterConfigSynchronization))
<BR><BR>[Stack]<UL><LI>Max Depth = 12<LI>Call Chain = HAL_TIMEx_MasterConfigSynchronization
</UL>
<BR>[Called By]<UL><LI><a href="#[139]">&gt;&gt;</a>&nbsp;&nbsp;&nbsp;MX_TIM6_Init
</UL>

<P><STRONG><a name="[122]"></a>HAL_TIMEx_TransitionErrorCallback</STRONG> (Thumb, 2 bytes, Stack size 0 bytes, stm32g4xx_hal_tim_ex.o(i.HAL_TIMEx_TransitionErrorCallback))
<BR><BR>[Called By]<UL><LI><a href="#[116]">&gt;&gt;</a>&nbsp;&nbsp;&nbsp;HAL_TIM_IRQHandler
</UL>

<P><STRONG><a name="[112]"></a>HAL_TIM_Base_Init</STRONG> (Thumb, 110 bytes, Stack size 8 bytes, stm32g4xx_hal_tim.o(i.HAL_TIM_Base_Init))
<BR><BR>[Stack]<UL><LI>Max Depth = 72<LI>Call Chain = HAL_TIM_Base_Init &rArr; HAL_TIM_Base_MspInit &rArr; HAL_NVIC_SetPriority &rArr; __NVIC_SetPriority
</UL>
<BR>[Calls]<UL><LI><a href="#[113]">&gt;&gt;</a>&nbsp;&nbsp;&nbsp;HAL_TIM_Base_MspInit
<LI><a href="#[114]">&gt;&gt;</a>&nbsp;&nbsp;&nbsp;TIM_Base_SetConfig
</UL>
<BR>[Called By]<UL><LI><a href="#[139]">&gt;&gt;</a>&nbsp;&nbsp;&nbsp;MX_TIM6_Init
</UL>

<P><STRONG><a name="[113]"></a>HAL_TIM_Base_MspInit</STRONG> (Thumb, 58 bytes, Stack size 16 bytes, tim.o(i.HAL_TIM_Base_MspInit))
<BR><BR>[Stack]<UL><LI>Max Depth = 64<LI>Call Chain = HAL_TIM_Base_MspInit &rArr; HAL_NVIC_SetPriority &rArr; __NVIC_SetPriority
</UL>
<BR>[Calls]<UL><LI><a href="#[10a]">&gt;&gt;</a>&nbsp;&nbsp;&nbsp;HAL_NVIC_SetPriority
<LI><a href="#[115]">&gt;&gt;</a>&nbsp;&nbsp;&nbsp;HAL_NVIC_EnableIRQ
</UL>
<BR>[Called By]<UL><LI><a href="#[112]">&gt;&gt;</a>&nbsp;&nbsp;&nbsp;HAL_TIM_Base_Init
</UL>

<P><STRONG><a name="[13c]"></a>HAL_TIM_Base_Start_IT</STRONG> (Thumb, 130 bytes, Stack size 0 bytes, stm32g4xx_hal_tim.o(i.HAL_TIM_Base_Start_IT))
<BR><BR>[Called By]<UL><LI><a href="#[139]">&gt;&gt;</a>&nbsp;&nbsp;&nbsp;MX_TIM6_Init
</UL>

<P><STRONG><a name="[117]"></a>HAL_TIM_IC_CaptureCallback</STRONG> (Thumb, 2 bytes, Stack size 0 bytes, stm32g4xx_hal_tim.o(i.HAL_TIM_IC_CaptureCallback))
<BR><BR>[Called By]<UL><LI><a href="#[116]">&gt;&gt;</a>&nbsp;&nbsp;&nbsp;HAL_TIM_IRQHandler
</UL>

<P><STRONG><a name="[116]"></a>HAL_TIM_IRQHandler</STRONG> (Thumb, 576 bytes, Stack size 8 bytes, stm32g4xx_hal_tim.o(i.HAL_TIM_IRQHandler))
<BR><BR>[Stack]<UL><LI>Max Depth = 8<LI>Call Chain = HAL_TIM_IRQHandler
</UL>
<BR>[Calls]<UL><LI><a href="#[11a]">&gt;&gt;</a>&nbsp;&nbsp;&nbsp;HAL_TIM_PeriodElapsedCallback
<LI><a href="#[11d]">&gt;&gt;</a>&nbsp;&nbsp;&nbsp;HAL_TIM_TriggerCallback
<LI><a href="#[119]">&gt;&gt;</a>&nbsp;&nbsp;&nbsp;HAL_TIM_PWM_PulseFinishedCallback
<LI><a href="#[118]">&gt;&gt;</a>&nbsp;&nbsp;&nbsp;HAL_TIM_OC_DelayElapsedCallback
<LI><a href="#[117]">&gt;&gt;</a>&nbsp;&nbsp;&nbsp;HAL_TIM_IC_CaptureCallback
<LI><a href="#[122]">&gt;&gt;</a>&nbsp;&nbsp;&nbsp;HAL_TIMEx_TransitionErrorCallback
<LI><a href="#[121]">&gt;&gt;</a>&nbsp;&nbsp;&nbsp;HAL_TIMEx_IndexErrorCallback
<LI><a href="#[11f]">&gt;&gt;</a>&nbsp;&nbsp;&nbsp;HAL_TIMEx_EncoderIndexCallback
<LI><a href="#[120]">&gt;&gt;</a>&nbsp;&nbsp;&nbsp;HAL_TIMEx_DirectionChangeCallback
<LI><a href="#[11e]">&gt;&gt;</a>&nbsp;&nbsp;&nbsp;HAL_TIMEx_CommutCallback
<LI><a href="#[11b]">&gt;&gt;</a>&nbsp;&nbsp;&nbsp;HAL_TIMEx_BreakCallback
<LI><a href="#[11c]">&gt;&gt;</a>&nbsp;&nbsp;&nbsp;HAL_TIMEx_Break2Callback
</UL>
<BR>[Called By]<UL><LI><a href="#[de]">&gt;&gt;</a>&nbsp;&nbsp;&nbsp;TIM6_DAC_IRQHandler
</UL>

<P><STRONG><a name="[118]"></a>HAL_TIM_OC_DelayElapsedCallback</STRONG> (Thumb, 2 bytes, Stack size 0 bytes, stm32g4xx_hal_tim.o(i.HAL_TIM_OC_DelayElapsedCallback))
<BR><BR>[Called By]<UL><LI><a href="#[116]">&gt;&gt;</a>&nbsp;&nbsp;&nbsp;HAL_TIM_IRQHandler
</UL>

<P><STRONG><a name="[119]"></a>HAL_TIM_PWM_PulseFinishedCallback</STRONG> (Thumb, 2 bytes, Stack size 0 bytes, stm32g4xx_hal_tim.o(i.HAL_TIM_PWM_PulseFinishedCallback))
<BR><BR>[Called By]<UL><LI><a href="#[116]">&gt;&gt;</a>&nbsp;&nbsp;&nbsp;HAL_TIM_IRQHandler
</UL>

<P><STRONG><a name="[11a]"></a>HAL_TIM_PeriodElapsedCallback</STRONG> (Thumb, 44 bytes, Stack size 0 bytes, tim.o(i.HAL_TIM_PeriodElapsedCallback))
<BR><BR>[Called By]<UL><LI><a href="#[116]">&gt;&gt;</a>&nbsp;&nbsp;&nbsp;HAL_TIM_IRQHandler
</UL>

<P><STRONG><a name="[11d]"></a>HAL_TIM_TriggerCallback</STRONG> (Thumb, 2 bytes, Stack size 0 bytes, stm32g4xx_hal_tim.o(i.HAL_TIM_TriggerCallback))
<BR><BR>[Called By]<UL><LI><a href="#[116]">&gt;&gt;</a>&nbsp;&nbsp;&nbsp;HAL_TIM_IRQHandler
</UL>

<P><STRONG><a name="[a5]"></a>HardFault_Handler</STRONG> (Thumb, 4 bytes, Stack size 0 bytes, stm32g4xx_it.o(i.HardFault_Handler))
<BR>[Address Reference Count : 1]<UL><LI> startup_stm32g431xx.o(RESET)
</UL>
<P><STRONG><a name="[123]"></a>LCD_BusIn</STRONG> (Thumb, 42 bytes, Stack size 24 bytes, lcd.o(i.LCD_BusIn))
<BR><BR>[Stack]<UL><LI>Max Depth = 44<LI>Call Chain = LCD_BusIn &rArr; HAL_GPIO_Init
</UL>
<BR>[Calls]<UL><LI><a href="#[125]">&gt;&gt;</a>&nbsp;&nbsp;&nbsp;HAL_GPIO_Init
<LI><a href="#[124]">&gt;&gt;</a>&nbsp;&nbsp;&nbsp;__aeabi_memclr4
</UL>
<BR>[Called By]<UL><LI><a href="#[130]">&gt;&gt;</a>&nbsp;&nbsp;&nbsp;LCD_ReadReg
</UL>

<P><STRONG><a name="[126]"></a>LCD_BusOut</STRONG> (Thumb, 42 bytes, Stack size 24 bytes, lcd.o(i.LCD_BusOut))
<BR><BR>[Stack]<UL><LI>Max Depth = 44<LI>Call Chain = LCD_BusOut &rArr; HAL_GPIO_Init
</UL>
<BR>[Calls]<UL><LI><a href="#[125]">&gt;&gt;</a>&nbsp;&nbsp;&nbsp;HAL_GPIO_Init
<LI><a href="#[124]">&gt;&gt;</a>&nbsp;&nbsp;&nbsp;__aeabi_memclr4
</UL>
<BR>[Called By]<UL><LI><a href="#[130]">&gt;&gt;</a>&nbsp;&nbsp;&nbsp;LCD_ReadReg
<LI><a href="#[12b]">&gt;&gt;</a>&nbsp;&nbsp;&nbsp;LCD_CtrlLinesConfig
</UL>

<P><STRONG><a name="[127]"></a>LCD_Clear</STRONG> (Thumb, 38 bytes, Stack size 12 bytes, lcd.o(i.LCD_Clear))
<BR><BR>[Stack]<UL><LI>Max Depth = 24<LI>Call Chain = LCD_Clear &rArr; LCD_SetCursor
</UL>
<BR>[Calls]<UL><LI><a href="#[129]">&gt;&gt;</a>&nbsp;&nbsp;&nbsp;LCD_WriteRAM_Prepare
<LI><a href="#[12a]">&gt;&gt;</a>&nbsp;&nbsp;&nbsp;LCD_WriteRAM
<LI><a href="#[128]">&gt;&gt;</a>&nbsp;&nbsp;&nbsp;LCD_SetCursor
</UL>
<BR>[Called By]<UL><LI><a href="#[12f]">&gt;&gt;</a>&nbsp;&nbsp;&nbsp;LCD_Init
</UL>

<P><STRONG><a name="[12b]"></a>LCD_CtrlLinesConfig</STRONG> (Thumb, 182 bytes, Stack size 32 bytes, lcd.o(i.LCD_CtrlLinesConfig))
<BR><BR>[Stack]<UL><LI>Max Depth = 76<LI>Call Chain = LCD_CtrlLinesConfig &rArr; LCD_BusOut &rArr; HAL_GPIO_Init
</UL>
<BR>[Calls]<UL><LI><a href="#[126]">&gt;&gt;</a>&nbsp;&nbsp;&nbsp;LCD_BusOut
<LI><a href="#[125]">&gt;&gt;</a>&nbsp;&nbsp;&nbsp;HAL_GPIO_Init
<LI><a href="#[124]">&gt;&gt;</a>&nbsp;&nbsp;&nbsp;__aeabi_memclr4
</UL>
<BR>[Called By]<UL><LI><a href="#[12f]">&gt;&gt;</a>&nbsp;&nbsp;&nbsp;LCD_Init
</UL>

<P><STRONG><a name="[12c]"></a>LCD_DisplayChar</STRONG> (Thumb, 34 bytes, Stack size 16 bytes, lcd.o(i.LCD_DisplayChar))
<BR><BR>[Stack]<UL><LI>Max Depth = 56<LI>Call Chain = LCD_DisplayChar &rArr; LCD_DrawChar &rArr; LCD_SetCursor
</UL>
<BR>[Calls]<UL><LI><a href="#[12d]">&gt;&gt;</a>&nbsp;&nbsp;&nbsp;LCD_DrawChar
</UL>
<BR>[Called By]<UL><LI><a href="#[12e]">&gt;&gt;</a>&nbsp;&nbsp;&nbsp;LCD_DisplayStringLine2
</UL>

<P><STRONG><a name="[12e]"></a>LCD_DisplayStringLine2</STRONG> (Thumb, 44 bytes, Stack size 20 bytes, lcd.o(i.LCD_DisplayStringLine2))
<BR><BR>[Stack]<UL><LI>Max Depth = 76<LI>Call Chain = LCD_DisplayStringLine2 &rArr; LCD_DisplayChar &rArr; LCD_DrawChar &rArr; LCD_SetCursor
</UL>
<BR>[Calls]<UL><LI><a href="#[12c]">&gt;&gt;</a>&nbsp;&nbsp;&nbsp;LCD_DisplayChar
</UL>
<BR>[Called By]<UL><LI><a href="#[f3]">&gt;&gt;</a>&nbsp;&nbsp;&nbsp;main
<LI><a href="#[143]">&gt;&gt;</a>&nbsp;&nbsp;&nbsp;NesFrameCycle
</UL>

<P><STRONG><a name="[12d]"></a>LCD_DrawChar</STRONG> (Thumb, 100 bytes, Stack size 28 bytes, lcd.o(i.LCD_DrawChar))
<BR><BR>[Stack]<UL><LI>Max Depth = 40<LI>Call Chain = LCD_DrawChar &rArr; LCD_SetCursor
</UL>
<BR>[Calls]<UL><LI><a href="#[129]">&gt;&gt;</a>&nbsp;&nbsp;&nbsp;LCD_WriteRAM_Prepare
<LI><a href="#[12a]">&gt;&gt;</a>&nbsp;&nbsp;&nbsp;LCD_WriteRAM
<LI><a href="#[128]">&gt;&gt;</a>&nbsp;&nbsp;&nbsp;LCD_SetCursor
</UL>
<BR>[Called By]<UL><LI><a href="#[12c]">&gt;&gt;</a>&nbsp;&nbsp;&nbsp;LCD_DisplayChar
</UL>

<P><STRONG><a name="[12f]"></a>LCD_Init</STRONG> (Thumb, 70 bytes, Stack size 8 bytes, lcd.o(i.LCD_Init))
<BR><BR>[Stack]<UL><LI>Max Depth = 84<LI>Call Chain = LCD_Init &rArr; LCD_CtrlLinesConfig &rArr; LCD_BusOut &rArr; HAL_GPIO_Init
</UL>
<BR>[Calls]<UL><LI><a href="#[132]">&gt;&gt;</a>&nbsp;&nbsp;&nbsp;REG_932X_Init
<LI><a href="#[131]">&gt;&gt;</a>&nbsp;&nbsp;&nbsp;REG_8230_Init
<LI><a href="#[133]">&gt;&gt;</a>&nbsp;&nbsp;&nbsp;LCD_SetTextColor
<LI><a href="#[134]">&gt;&gt;</a>&nbsp;&nbsp;&nbsp;LCD_SetBackColor
<LI><a href="#[130]">&gt;&gt;</a>&nbsp;&nbsp;&nbsp;LCD_ReadReg
<LI><a href="#[12b]">&gt;&gt;</a>&nbsp;&nbsp;&nbsp;LCD_CtrlLinesConfig
<LI><a href="#[127]">&gt;&gt;</a>&nbsp;&nbsp;&nbsp;LCD_Clear
</UL>
<BR>[Called By]<UL><LI><a href="#[f3]">&gt;&gt;</a>&nbsp;&nbsp;&nbsp;main
</UL>

<P><STRONG><a name="[130]"></a>LCD_ReadReg</STRONG> (Thumb, 164 bytes, Stack size 16 bytes, lcd.o(i.LCD_ReadReg))
<BR><BR>[Stack]<UL><LI>Max Depth = 60<LI>Call Chain = LCD_ReadReg &rArr; LCD_BusOut &rArr; HAL_GPIO_Init
</UL>
<BR>[Calls]<UL><LI><a href="#[126]">&gt;&gt;</a>&nbsp;&nbsp;&nbsp;LCD_BusOut
<LI><a href="#[123]">&gt;&gt;</a>&nbsp;&nbsp;&nbsp;LCD_BusIn
</UL>
<BR>[Called By]<UL><LI><a href="#[12f]">&gt;&gt;</a>&nbsp;&nbsp;&nbsp;LCD_Init
</UL>

<P><STRONG><a name="[134]"></a>LCD_SetBackColor</STRONG> (Thumb, 12 bytes, Stack size 8 bytes, lcd.o(i.LCD_SetBackColor))
<BR><BR>[Stack]<UL><LI>Max Depth = 8<LI>Call Chain = LCD_SetBackColor
</UL>
<BR>[Called By]<UL><LI><a href="#[12f]">&gt;&gt;</a>&nbsp;&nbsp;&nbsp;LCD_Init
</UL>

<P><STRONG><a name="[128]"></a>LCD_SetCursor</STRONG> (Thumb, 24 bytes, Stack size 12 bytes, lcd.o(i.LCD_SetCursor))
<BR><BR>[Stack]<UL><LI>Max Depth = 12<LI>Call Chain = LCD_SetCursor
</UL>
<BR>[Calls]<UL><LI><a href="#[135]">&gt;&gt;</a>&nbsp;&nbsp;&nbsp;LCD_WriteReg
</UL>
<BR>[Called By]<UL><LI><a href="#[12d]">&gt;&gt;</a>&nbsp;&nbsp;&nbsp;LCD_DrawChar
<LI><a href="#[127]">&gt;&gt;</a>&nbsp;&nbsp;&nbsp;LCD_Clear
<LI><a href="#[136]">&gt;&gt;</a>&nbsp;&nbsp;&nbsp;LCD_SetDisplayWindow
<LI><a href="#[13d]">&gt;&gt;</a>&nbsp;&nbsp;&nbsp;NES_LCD_DisplayLine
</UL>

<P><STRONG><a name="[136]"></a>LCD_SetDisplayWindow</STRONG> (Thumb, 88 bytes, Stack size 20 bytes, lcd.o(i.LCD_SetDisplayWindow))
<BR><BR>[Stack]<UL><LI>Max Depth = 32<LI>Call Chain = LCD_SetDisplayWindow &rArr; LCD_SetCursor
</UL>
<BR>[Calls]<UL><LI><a href="#[135]">&gt;&gt;</a>&nbsp;&nbsp;&nbsp;LCD_WriteReg
<LI><a href="#[128]">&gt;&gt;</a>&nbsp;&nbsp;&nbsp;LCD_SetCursor
</UL>
<BR>[Called By]<UL><LI><a href="#[f3]">&gt;&gt;</a>&nbsp;&nbsp;&nbsp;main
<LI><a href="#[143]">&gt;&gt;</a>&nbsp;&nbsp;&nbsp;NesFrameCycle
</UL>

<P><STRONG><a name="[133]"></a>LCD_SetTextColor</STRONG> (Thumb, 12 bytes, Stack size 8 bytes, lcd.o(i.LCD_SetTextColor))
<BR><BR>[Stack]<UL><LI>Max Depth = 8<LI>Call Chain = LCD_SetTextColor
</UL>
<BR>[Called By]<UL><LI><a href="#[12f]">&gt;&gt;</a>&nbsp;&nbsp;&nbsp;LCD_Init
</UL>

<P><STRONG><a name="[12a]"></a>LCD_WriteRAM</STRONG> (Thumb, 110 bytes, Stack size 0 bytes, lcd.o(i.LCD_WriteRAM))
<BR><BR>[Called By]<UL><LI><a href="#[12d]">&gt;&gt;</a>&nbsp;&nbsp;&nbsp;LCD_DrawChar
<LI><a href="#[127]">&gt;&gt;</a>&nbsp;&nbsp;&nbsp;LCD_Clear
</UL>

<P><STRONG><a name="[129]"></a>LCD_WriteRAM_Prepare</STRONG> (Thumb, 112 bytes, Stack size 0 bytes, lcd.o(i.LCD_WriteRAM_Prepare))
<BR><BR>[Called By]<UL><LI><a href="#[12d]">&gt;&gt;</a>&nbsp;&nbsp;&nbsp;LCD_DrawChar
<LI><a href="#[127]">&gt;&gt;</a>&nbsp;&nbsp;&nbsp;LCD_Clear
<LI><a href="#[13d]">&gt;&gt;</a>&nbsp;&nbsp;&nbsp;NES_LCD_DisplayLine
</UL>

<P><STRONG><a name="[135]"></a>LCD_WriteReg</STRONG> (Thumb, 136 bytes, Stack size 0 bytes, lcd.o(i.LCD_WriteReg))
<BR><BR>[Called By]<UL><LI><a href="#[132]">&gt;&gt;</a>&nbsp;&nbsp;&nbsp;REG_932X_Init
<LI><a href="#[131]">&gt;&gt;</a>&nbsp;&nbsp;&nbsp;REG_8230_Init
<LI><a href="#[128]">&gt;&gt;</a>&nbsp;&nbsp;&nbsp;LCD_SetCursor
<LI><a href="#[136]">&gt;&gt;</a>&nbsp;&nbsp;&nbsp;LCD_SetDisplayWindow
</UL>

<P><STRONG><a name="[137]"></a>MX_GPIO_Init</STRONG> (Thumb, 254 bytes, Stack size 32 bytes, gpio.o(i.MX_GPIO_Init))
<BR><BR>[Stack]<UL><LI>Max Depth = 52<LI>Call Chain = MX_GPIO_Init &rArr; HAL_GPIO_Init
</UL>
<BR>[Calls]<UL><LI><a href="#[138]">&gt;&gt;</a>&nbsp;&nbsp;&nbsp;HAL_GPIO_WritePin
<LI><a href="#[125]">&gt;&gt;</a>&nbsp;&nbsp;&nbsp;HAL_GPIO_Init
<LI><a href="#[124]">&gt;&gt;</a>&nbsp;&nbsp;&nbsp;__aeabi_memclr4
</UL>
<BR>[Called By]<UL><LI><a href="#[f3]">&gt;&gt;</a>&nbsp;&nbsp;&nbsp;main
</UL>

<P><STRONG><a name="[139]"></a>MX_TIM6_Init</STRONG> (Thumb, 74 bytes, Stack size 16 bytes, tim.o(i.MX_TIM6_Init))
<BR><BR>[Stack]<UL><LI>Max Depth = 88<LI>Call Chain = MX_TIM6_Init &rArr; HAL_TIM_Base_Init &rArr; HAL_TIM_Base_MspInit &rArr; HAL_NVIC_SetPriority &rArr; __NVIC_SetPriority
</UL>
<BR>[Calls]<UL><LI><a href="#[13c]">&gt;&gt;</a>&nbsp;&nbsp;&nbsp;HAL_TIM_Base_Start_IT
<LI><a href="#[112]">&gt;&gt;</a>&nbsp;&nbsp;&nbsp;HAL_TIM_Base_Init
<LI><a href="#[13b]">&gt;&gt;</a>&nbsp;&nbsp;&nbsp;HAL_TIMEx_MasterConfigSynchronization
<LI><a href="#[13a]">&gt;&gt;</a>&nbsp;&nbsp;&nbsp;Error_Handler
</UL>
<BR>[Called By]<UL><LI><a href="#[f3]">&gt;&gt;</a>&nbsp;&nbsp;&nbsp;main
</UL>

<P><STRONG><a name="[a6]"></a>MemManage_Handler</STRONG> (Thumb, 4 bytes, Stack size 0 bytes, stm32g4xx_it.o(i.MemManage_Handler))
<BR>[Address Reference Count : 1]<UL><LI> startup_stm32g431xx.o(RESET)
</UL>
<P><STRONG><a name="[145]"></a>NES_GetSpr0HitFlag</STRONG> (Thumb, 686 bytes, Stack size 60 bytes, ppu.o(i.NES_GetSpr0HitFlag))
<BR><BR>[Stack]<UL><LI>Max Depth = 60<LI>Call Chain = NES_GetSpr0HitFlag
</UL>
<BR>[Called By]<UL><LI><a href="#[143]">&gt;&gt;</a>&nbsp;&nbsp;&nbsp;NesFrameCycle
</UL>

<P><STRONG><a name="[13d]"></a>NES_LCD_DisplayLine</STRONG> (Thumb, 100 bytes, Stack size 16 bytes, ppu.o(i.NES_LCD_DisplayLine))
<BR><BR>[Stack]<UL><LI>Max Depth = 28<LI>Call Chain = NES_LCD_DisplayLine &rArr; LCD_SetCursor
</UL>
<BR>[Calls]<UL><LI><a href="#[129]">&gt;&gt;</a>&nbsp;&nbsp;&nbsp;LCD_WriteRAM_Prepare
<LI><a href="#[128]">&gt;&gt;</a>&nbsp;&nbsp;&nbsp;LCD_SetCursor
</UL>
<BR>[Called By]<UL><LI><a href="#[13e]">&gt;&gt;</a>&nbsp;&nbsp;&nbsp;NES_RenderLine
</UL>

<P><STRONG><a name="[141]"></a>NES_RenderBGLine</STRONG> (Thumb, 524 bytes, Stack size 48 bytes, ppu.o(i.NES_RenderBGLine))
<BR><BR>[Stack]<UL><LI>Max Depth = 48<LI>Call Chain = NES_RenderBGLine
</UL>
<BR>[Called By]<UL><LI><a href="#[13e]">&gt;&gt;</a>&nbsp;&nbsp;&nbsp;NES_RenderLine
</UL>

<P><STRONG><a name="[13e]"></a>NES_RenderLine</STRONG> (Thumb, 384 bytes, Stack size 24 bytes, ppu.o(i.NES_RenderLine))
<BR><BR>[Stack]<UL><LI>Max Depth = 72<LI>Call Chain = NES_RenderLine &rArr; NES_RenderSprite88 &rArr; NES_RenderSprPattern
</UL>
<BR>[Calls]<UL><LI><a href="#[140]">&gt;&gt;</a>&nbsp;&nbsp;&nbsp;NES_RenderSprite88
<LI><a href="#[13f]">&gt;&gt;</a>&nbsp;&nbsp;&nbsp;NES_RenderSprite16
<LI><a href="#[141]">&gt;&gt;</a>&nbsp;&nbsp;&nbsp;NES_RenderBGLine
<LI><a href="#[13d]">&gt;&gt;</a>&nbsp;&nbsp;&nbsp;NES_LCD_DisplayLine
</UL>
<BR>[Called By]<UL><LI><a href="#[143]">&gt;&gt;</a>&nbsp;&nbsp;&nbsp;NesFrameCycle
</UL>

<P><STRONG><a name="[142]"></a>NES_RenderSprPattern</STRONG> (Thumb, 280 bytes, Stack size 32 bytes, ppu.o(i.NES_RenderSprPattern))
<BR><BR>[Stack]<UL><LI>Max Depth = 32<LI>Call Chain = NES_RenderSprPattern
</UL>
<BR>[Called By]<UL><LI><a href="#[140]">&gt;&gt;</a>&nbsp;&nbsp;&nbsp;NES_RenderSprite88
<LI><a href="#[13f]">&gt;&gt;</a>&nbsp;&nbsp;&nbsp;NES_RenderSprite16
</UL>

<P><STRONG><a name="[13f]"></a>NES_RenderSprite16</STRONG> (Thumb, 106 bytes, Stack size 12 bytes, ppu.o(i.NES_RenderSprite16))
<BR><BR>[Stack]<UL><LI>Max Depth = 44<LI>Call Chain = NES_RenderSprite16 &rArr; NES_RenderSprPattern
</UL>
<BR>[Calls]<UL><LI><a href="#[142]">&gt;&gt;</a>&nbsp;&nbsp;&nbsp;NES_RenderSprPattern
</UL>
<BR>[Called By]<UL><LI><a href="#[13e]">&gt;&gt;</a>&nbsp;&nbsp;&nbsp;NES_RenderLine
</UL>

<P><STRONG><a name="[140]"></a>NES_RenderSprite88</STRONG> (Thumb, 44 bytes, Stack size 16 bytes, ppu.o(i.NES_RenderSprite88))
<BR><BR>[Stack]<UL><LI>Max Depth = 48<LI>Call Chain = NES_RenderSprite88 &rArr; NES_RenderSprPattern
</UL>
<BR>[Calls]<UL><LI><a href="#[142]">&gt;&gt;</a>&nbsp;&nbsp;&nbsp;NES_RenderSprPattern
</UL>
<BR>[Called By]<UL><LI><a href="#[13e]">&gt;&gt;</a>&nbsp;&nbsp;&nbsp;NES_RenderLine
</UL>

<P><STRONG><a name="[a4]"></a>NMI_Handler</STRONG> (Thumb, 4 bytes, Stack size 0 bytes, stm32g4xx_it.o(i.NMI_Handler))
<BR>[Address Reference Count : 1]<UL><LI> startup_stm32g431xx.o(RESET)
</UL>
<P><STRONG><a name="[143]"></a>NesFrameCycle</STRONG> (Thumb, 356 bytes, Stack size 8 bytes, nes_main.o(i.NesFrameCycle))
<BR><BR>[Stack]<UL><LI>Max Depth = 84<LI>Call Chain = NesFrameCycle &rArr; LCD_DisplayStringLine2 &rArr; LCD_DisplayChar &rArr; LCD_DrawChar &rArr; LCD_SetCursor
</UL>
<BR>[Calls]<UL><LI><a href="#[136]">&gt;&gt;</a>&nbsp;&nbsp;&nbsp;LCD_SetDisplayWindow
<LI><a href="#[12e]">&gt;&gt;</a>&nbsp;&nbsp;&nbsp;LCD_DisplayStringLine2
<LI><a href="#[13e]">&gt;&gt;</a>&nbsp;&nbsp;&nbsp;NES_RenderLine
<LI><a href="#[145]">&gt;&gt;</a>&nbsp;&nbsp;&nbsp;NES_GetSpr0HitFlag
<LI><a href="#[146]">&gt;&gt;</a>&nbsp;&nbsp;&nbsp;line242NMI
<LI><a href="#[144]">&gt;&gt;</a>&nbsp;&nbsp;&nbsp;run
</UL>
<BR>[Called By]<UL><LI><a href="#[14f]">&gt;&gt;</a>&nbsp;&nbsp;&nbsp;nes_main
</UL>

<P><STRONG><a name="[151]"></a>PPU_Init</STRONG> (Thumb, 86 bytes, Stack size 0 bytes, ppu.o(i.PPU_Init))
<BR><BR>[Called By]<UL><LI><a href="#[14f]">&gt;&gt;</a>&nbsp;&nbsp;&nbsp;nes_main
</UL>

<P><STRONG><a name="[147]"></a>PPU_MemRead</STRONG> (Thumb, 178 bytes, Stack size 4 bytes, ppu.o(i.PPU_MemRead))
<BR><BR>[Stack]<UL><LI>Max Depth = 4<LI>Call Chain = PPU_MemRead
</UL>
<BR>[Calls]<UL><LI><a href="#[148]">&gt;&gt;</a>&nbsp;&nbsp;&nbsp;PPU_NameTablesRead
</UL>
<BR>[Called By]<UL><LI><a href="#[101]">&gt;&gt;</a>&nbsp;&nbsp;&nbsp;PPU_RegRead
</UL>

[...]
<BR>[Address Reference Count : 1]<UL><LI> 6502.o(wram_globals0)
</UL>
<P><STRONG><a name="[3a]"></a>_66</STRONG> (Thumb, 0 bytes, Stack size unknown bytes, 6502.o(cpu_code))
<BR>[Address Reference Count : 1]<UL><LI> 6502.o(wram_globals0)
</UL>
<P><STRONG><a name="[3b]"></a>_68</STRONG> (Thumb, 0 bytes, Stack size unknown bytes, 6502.o(cpu_code))
<BR>[Address Reference Count : 1]<UL><LI> 6502.o(wram_globals0)
</UL>
<P><STRONG><a name="[3c]"></a>_69</STRONG> (Thumb, 0 bytes, Stack size unknown bytes, 6502.o(cpu_code))
<BR>[Address Reference Count : 1]<UL><LI> 6502.o(wram_globals0)
</UL>
<P><STRONG><a name="[3d]"></a>_6A</STRONG> (Thumb, 0 bytes, Stack size unknown bytes, 6502.o(cpu_code))
<BR>[Address Reference Count : 1]<UL><LI> 6502.o(wram_globals0)
</UL>
<P><STRONG><a name="[3e]"></a>_6C</STRONG> (Thumb, 0 bytes, Stack size unknown bytes, 6502.o(cpu_code))
<BR>[Address Reference Count : 1]<UL><LI> 6502.o(wram_globals0)
</UL>
<P><STRONG><a name="[3f]"></a>_6D</STRONG> (Thumb, 0 bytes, Stack size unknown bytes, 6502.o(cpu_code))
<BR>[Address Reference Count : 1]<UL><LI> 6502.o(wram_globals0)
</UL>
<P><STRONG><a name="[40]"></a>_6E</STRONG> (Thumb, 0 bytes, Stack size unknown bytes, 6502.o(cpu_code))
<BR>[Address Reference Count : 1]<UL><LI> 6502.o(wram_globals0)
</UL>
<P><STRONG><a name="[41]"></a>_70</STRONG> (Thumb, 0 bytes, Stack size unknown bytes, 6502.o(cpu_code))
<BR>[Address Reference Count : 1]<UL><LI> 6502.o(wram_globals0)
</UL>
<P><STRONG><a name="[42]"></a>_71</STRONG> (Thumb, 0 bytes, Stack size unknown bytes, 6502.o(cpu_code))
<BR>[Address Reference Count : 1]<UL><LI> 6502.o(wram_globals0)
</UL>
<P><STRONG><a name="[43]"></a>_75</STRONG> (Thumb, 0 bytes, Stack size unknown bytes, 6502.o(cpu_code))
<BR>[Address Reference Count : 1]<UL><LI> 6502.o(wram_globals0)
</UL>
<P><STRONG><a name="[44]"></a>_76</STRONG> (Thumb, 0 bytes, Stack size unknown bytes, 6502.o(cpu_code))
<BR>[Address Reference Count : 1]<UL><LI> 6502.o(wram_globals0)
</UL>
<P><STRONG><a name="[45]"></a>_78</STRONG> (Thumb, 0 bytes, Stack size unknown bytes, 6502.o(cpu_code))
<BR>[Address Reference Count : 1]<UL><LI> 6502.o(wram_globals0)
</UL>
<P><STRONG><a name="[46]"></a>_79</STRONG> (Thumb, 0 bytes, Stack size unknown bytes, 6502.o(cpu_code))
<BR>[Address Reference Count : 1]<UL><LI> 6502.o(wram_globals0)
</UL>
<P><STRONG><a name="[47]"></a>_7D</STRONG> (Thumb, 0 bytes, Stack size unknown bytes, 6502.o(cpu_code))
<BR>[Address Reference Count : 1]<UL><LI> 6502.o(wram_globals0)
</UL>
<P><STRONG><a name="[48]"></a>_7E</STRONG> (Thumb, 0 bytes, Stack size unknown bytes, 6502.o(cpu_code))
<BR>[Address Reference Count : 1]<UL><LI> 6502.o(wram_globals0)
</UL>
<P><STRONG><a name="[49]"></a>_81</STRONG> (Thumb, 0 bytes, Stack size unknown bytes, 6502.o(cpu_code))
<BR>[Address Reference Count : 1]<UL><LI> 6502.o(wram_globals0)
</UL>
<P><STRONG><a name="[4a]"></a>_84</STRONG> (Thumb, 0 bytes, Stack size unknown bytes, 6502.o(cpu_code))
<BR>[Address Reference Count : 1]<UL><LI> 6502.o(wram_globals0)
</UL>
<P><STRONG><a name="[4b]"></a>_85</STRONG> (Thumb, 0 bytes, Stack size unknown bytes, 6502.o(cpu_code))
<BR>[Address Reference Count : 1]<UL><LI> 6502.o(wram_globals0)
</UL>
<P><STRONG><a name="[4c]"></a>_86</STRONG> (Thumb, 0 bytes, Stack size unknown bytes, 6502.o(cpu_code))
<BR>[Address Reference Count : 1]<UL><LI> 6502.o(wram_globals0)
</UL>
<P><STRONG><a name="[4d]"></a>_88</STRONG> (Thumb, 0 bytes, Stack size unknown bytes, 6502.o(cpu_code))
<BR>[Address Reference Count : 1]<UL><LI> 6502.o(wram_globals0)
</UL>
<P><STRONG><a name="[4e]"></a>_8A</STRONG> (Thumb, 0 bytes, Stack size unknown bytes, 6502.o(cpu_code))
<BR>[Address Reference Count : 1]<UL><LI> 6502.o(wram_globals0)
</UL>
<P><STRONG><a name="[4f]"></a>_8C</STRONG> (Thumb, 0 bytes, Stack size unknown bytes, 6502.o(cpu_code))
<BR>[Address Reference Count : 1]<UL><LI> 6502.o(wram_globals0)
</UL>
<P><STRONG><a name="[50]"></a>_8D</STRONG> (Thumb, 0 bytes, Stack size unknown bytes, 6502.o(cpu_code))
<BR>[Address Reference Count : 1]<UL><LI> 6502.o(wram_globals0)
</UL>
<P><STRONG><a name="[51]"></a>_8E</STRONG> (Thumb, 0 bytes, Stack size unknown bytes, 6502.o(cpu_code))
<BR>[Address Reference Count : 1]<UL><LI> 6502.o(wram_globals0)
</UL>
<P><STRONG><a name="[52]"></a>_90</STRONG> (Thumb, 0 bytes, Stack size unknown bytes, 6502.o(cpu_code))
<BR>[Address Reference Count : 1]<UL><LI> 6502.o(wram_globals0)
</UL>
<P><STRONG><a name="[53]"></a>_91</STRONG> (Thumb, 0 bytes, Stack size unknown bytes, 6502.o(cpu_code))
<BR>[Address Reference Count : 1]<UL><LI> 6502.o(wram_globals0)
</UL>
<P><STRONG><a name="[54]"></a>_94</STRONG> (Thumb, 0 bytes, Stack size unknown bytes, 6502.o(cpu_code))
<BR>[Address Reference Count : 1]<UL><LI> 6502.o(wram_globals0)
</UL>
<P><STRONG><a name="[55]"></a>_95</STRONG> (Thumb, 0 bytes, Stack size unknown bytes, 6502.o(cpu_code))
<BR>[Address Reference Count : 1]<UL><LI> 6502.o(wram_globals0)
</UL>
<P><STRONG><a name="[56]"></a>_96</STRONG> (Thumb, 0 bytes, Stack size unknown bytes, 6502.o(cpu_code))
<BR>[Address Reference Count : 1]<UL><LI> 6502.o(wram_globals0)
</UL>
<P><STRONG><a name="[57]"></a>_98</STRONG> (Thumb, 0 bytes, Stack size unknown bytes, 6502.o(cpu_code))
<BR>[Address Reference Count : 1]<UL><LI> 6502.o(wram_globals0)
</UL>
<P><STRONG><a name="[58]"></a>_99</STRONG> (Thumb, 0 bytes, Stack size unknown bytes, 6502.o(cpu_code))
<BR>[Address Reference Count : 1]<UL><LI> 6502.o(wram_globals0)
</UL>
<P><STRONG><a name="[59]"></a>_9A</STRONG> (Thumb, 0 bytes, Stack size unknown bytes, 6502.o(cpu_code))
<BR>[Address Reference Count : 1]<UL><LI> 6502.o(wram_globals0)
</UL>
<P><STRONG><a name="[5a]"></a>_9D</STRONG> (Thumb, 0 bytes, Stack size unknown bytes, 6502.o(cpu_code))
<BR>[Address Reference Count : 1]<UL><LI> 6502.o(wram_globals0)
</UL>
<P><STRONG><a name="[5b]"></a>_A0</STRONG> (Thumb, 0 bytes, Stack size unknown bytes, 6502.o(cpu_code))
<BR>[Address Reference Count : 1]<UL><LI> 6502.o(wram_globals0)
</UL>
<P><STRONG><a name="[5c]"></a>_A1</STRONG> (Thumb, 0 bytes, Stack size unknown bytes, 6502.o(cpu_code))
<BR>[Address Reference Count : 1]<UL><LI> 6502.o(wram_globals0)
</UL>
<P><STRONG><a name="[5d]"></a>_A2</STRONG> (Thumb, 0 bytes, Stack size unknown bytes, 6502.o(cpu_code))
<BR>[Address Reference Count : 1]<UL><LI> 6502.o(wram_globals0)
</UL>
<P><STRONG><a name="[5e]"></a>_A4</STRONG> (Thumb, 0 bytes, Stack size unknown bytes, 6502.o(cpu_code))
<BR>[Address Reference Count : 1]<UL><LI> 6502.o(wram_globals0)
</UL>
<P><STRONG><a name="[5f]"></a>_A5</STRONG> (Thumb, 0 bytes, Stack size unknown bytes, 6502.o(cpu_code))
<BR>[Address Reference Count : 1]<UL><LI> 6502.o(wram_globals0)
</UL>
<P><STRONG><a name="[60]"></a>_A6</STRONG> (Thumb, 0 bytes, Stack size unknown bytes, 6502.o(cpu_code))
<BR>[Address Reference Count : 1]<UL><LI> 6502.o(wram_globals0)
</UL>
<P><STRONG><a name="[61]"></a>_A8</STRONG> (Thumb, 0 bytes, Stack size unknown bytes, 6502.o(cpu_code))
<BR>[Address Reference Count : 1]<UL><LI> 6502.o(wram_globals0)
</UL>
<P><STRONG><a name="[62]"></a>_A9</STRONG> (Thumb, 0 bytes, Stack size unknown bytes, 6502.o(cpu_code))
<BR>[Address Reference Count : 1]<UL><LI> 6502.o(wram_globals0)
</UL>
<P><STRONG><a name="[63]"></a>_AA</STRONG> (Thumb, 0 bytes, Stack size unknown bytes, 6502.o(cpu_code))
<BR>[Address Reference Count : 1]<UL><LI> 6502.o(wram_globals0)
</UL>
<P><STRONG><a name="[64]"></a>_AC</STRONG> (Thumb, 0 bytes, Stack size unknown bytes, 6502.o(cpu_code))
<BR>[Address Reference Count : 1]<UL><LI> 6502.o(wram_globals0)
</UL>
<P><STRONG><a name="[65]"></a>_AD</STRONG> (Thumb, 0 bytes, Stack size unknown bytes, 6502.o(cpu_code))
<BR>[Address Reference Count : 1]<UL><LI> 6502.o(wram_globals0)
</UL>
<P><STRONG><a name="[66]"></a>_AE</STRONG> (Thumb, 0 bytes, Stack size unknown bytes, 6502.o(cpu_code))
<BR>[Address Reference Count : 1]<UL><LI> 6502.o(wram_globals0)
</UL>
<P><STRONG><a name="[67]"></a>_B0</STRONG> (Thumb, 0 bytes, Stack size unknown bytes, 6502.o(cpu_code))
<BR>[Address Reference Count : 1]<UL><LI> 6502.o(wram_globals0)
</UL>
<P><STRONG><a name="[68]"></a>_B1</STRONG> (Thumb, 0 bytes, Stack size unknown bytes, 6502.o(cpu_code))
<BR>[Address Reference Count : 1]<UL><LI> 6502.o(wram_globals0)
</UL>
<P><STRONG><a name="[69]"></a>_B4</STRONG> (Thumb, 0 bytes, Stack size unknown bytes, 6502.o(cpu_code))
<BR>[Address Reference Count : 1]<UL><LI> 6502.o(wram_globals0)
</UL>
<P><STRONG><a name="[6a]"></a>_B5</STRONG> (Thumb, 0 bytes, Stack size unknown bytes, 6502.o(cpu_code))
<BR>[Address Reference Count : 1]<UL><LI> 6502.o(wram_globals0)
</UL>
<P><STRONG><a name="[6b]"></a>_B6</STRONG> (Thumb, 0 bytes, Stack size unknown bytes, 6502.o(cpu_code))
<BR>[Address Reference Count : 1]<UL><LI> 6502.o(wram_globals0)
</UL>
<P><STRONG><a name="[6c]"></a>_B8</STRONG> (Thumb, 0 bytes, Stack size unknown bytes, 6502.o(cpu_code))
<BR>[Address Reference Count : 1]<UL><LI> 6502.o(wram_globals0)
</UL>
<P><STRONG><a name="[6d]"></a>_B9</STRONG> (Thumb, 0 bytes, Stack size unknown bytes, 6502.o(cpu_code))
<BR>[Address Reference Count : 1]<UL><LI> 6502.o(wram_globals0)
</UL>
<P><STRONG><a name="[6e]"></a>_BA</STRONG> (Thumb, 0 bytes, Stack size unknown bytes, 6502.o(cpu_code))
<BR>[Address Reference Count : 1]<UL><LI> 6502.o(wram_globals0)
</UL>
<P><STRONG><a name="[6f]"></a>_BC</STRONG> (Thumb, 0 bytes, Stack size unknown bytes, 6502.o(cpu_code))
<BR>[Address Reference Count : 1]<UL><LI> 6502.o(wram_globals0)
</UL>
<P><STRONG><a name="[70]"></a>_BD</STRONG> (Thumb, 0 bytes, Stack size unknown bytes, 6502.o(cpu_code))
<BR>[Address Reference Count : 1]<UL><LI> 6502.o(wram_globals0)
</UL>
<P><STRONG><a name="[71]"></a>_BE</STRONG> (Thumb, 0 bytes, Stack size unknown bytes, 6502.o(cpu_code))
<BR>[Address Reference Count : 1]<UL><LI> 6502.o(wram_globals0)
</UL>
<P><STRONG><a name="[72]"></a>_C0</STRONG> (Thumb, 0 bytes, Stack size unknown bytes, 6502.o(cpu_code))
<BR>[Address Reference Count : 1]<UL><LI> 6502.o(wram_globals0)
</UL>
<P><STRONG><a name="[73]"></a>_C1</STRONG> (Thumb, 0 bytes, Stack size unknown bytes, 6502.o(cpu_code))
<BR>[Address Reference Count : 1]<UL><LI> 6502.o(wram_globals0)
</UL>
<P><STRONG><a name="[74]"></a>_C4</STRONG> (Thumb, 0 bytes, Stack size unknown bytes, 6502.o(cpu_code))
<BR>[Address Reference Count : 1]<UL><LI> 6502.o(wram_globals0)
</UL>
<P><STRONG><a name="[75]"></a>_C5</STRONG> (Thumb, 0 bytes, Stack size unknown bytes, 6502.o(cpu_code))
<BR>[Address Reference Count : 1]<UL><LI> 6502.o(wram_globals0)
</UL>
<P><STRONG><a name="[76]"></a>_C6</STRONG> (Thumb, 0 bytes, Stack size unknown bytes, 6502.o(cpu_code))
<BR>[Address Reference Count : 1]<UL><LI> 6502.o(wram_globals0)
</UL>
<P><STRONG><a name="[77]"></a>_C8</STRONG> (Thumb, 0 bytes, Stack size unknown bytes, 6502.o(cpu_code))
<BR>[Address Reference Count : 1]<UL><LI> 6502.o(wram_globals0)
</UL>
<P><STRONG><a name="[78]"></a>_C9</STRONG> (Thumb, 0 bytes, Stack size unknown bytes, 6502.o(cpu_code))
<BR>[Address Reference Count : 1]<UL><LI> 6502.o(wram_globals0)
</UL>
<P><STRONG><a name="[79]"></a>_CA</STRONG> (Thumb, 0 bytes, Stack size unknown bytes, 6502.o(cpu_code))
<BR>[Address Reference Count : 1]<UL><LI> 6502.o(wram_globals0)
</UL>
<P><STRONG><a name="[7a]"></a>_CC</STRONG> (Thumb, 0 bytes, Stack size unknown bytes, 6502.o(cpu_code))
<BR>[Address Reference Count : 1]<UL><LI> 6502.o(wram_globals0)
</UL>
<P><STRONG><a name="[7b]"></a>_CD</STRONG> (Thumb, 0 bytes, Stack size unknown bytes, 6502.o(cpu_code))
<BR>[Address Reference Count : 1]<UL><LI> 6502.o(wram_globals0)
</UL>
<P><STRONG><a name="[7c]"></a>_CE</STRONG> (Thumb, 0 bytes, Stack size unknown bytes, 6502.o(cpu_code))
<BR>[Address Reference Count : 1]<UL><LI> 6502.o(wram_globals0)
</UL>
<P><STRONG><a name="[7d]"></a>_D0</STRONG> (Thumb, 0 bytes, Stack size unknown bytes, 6502.o(cpu_code))
<BR>[Address Reference Count : 1]<UL><LI> 6502.o(wram_globals0)
</UL>
<P><STRONG><a name="[7e]"></a>_D1</STRONG> (Thumb, 0 bytes, Stack size unknown bytes, 6502.o(cpu_code))
<BR>[Address Reference Count : 1]<UL><LI> 6502.o(wram_globals0)
</UL>
<P><STRONG><a name="[7f]"></a>_D5</STRONG> (Thumb, 0 bytes, Stack size unknown bytes, 6502.o(cpu_code))
<BR>[Address Reference Count : 1]<UL><LI> 6502.o(wram_globals0)
</UL>
<P><STRONG><a name="[80]"></a>_D6</STRONG> (Thumb, 0 bytes, Stack size unknown bytes, 6502.o(cpu_code))
<BR>[Address Reference Count : 1]<UL><LI> 6502.o(wram_globals0)
</UL>
<P><STRONG><a name="[81]"></a>_D8</STRONG> (Thumb, 0 bytes, Stack size unknown bytes, 6502.o(cpu_code))
<BR>[Address Reference Count : 1]<UL><LI> 6502.o(wram_globals0)
</UL>
<P><STRONG><a name="[82]"></a>_D9</STRONG> (Thumb, 0 bytes, Stack size unknown bytes, 6502.o(cpu_code))
<BR>[Address Reference Count : 1]<UL><LI> 6502.o(wram_globals0)
</UL>
<P><STRONG><a name="[83]"></a>_DD</STRONG> (Thumb, 0 bytes, Stack size unknown bytes, 6502.o(cpu_code))
<BR>[Address Reference Count : 1]<UL><LI> 6502.o(wram_globals0)
</UL>
<P><STRONG><a name="[84]"></a>_DE</STRONG> (Thumb, 0 bytes, Stack size unknown bytes, 6502.o(cpu_code))
<BR>[Address Reference Count : 1]<UL><LI> 6502.o(wram_globals0)
</UL>
<P><STRONG><a name="[85]"></a>_E0</STRONG> (Thumb, 0 bytes, Stack size unknown bytes, 6502.o(cpu_code))
<BR>[Address Reference Count : 1]<UL><LI> 6502.o(wram_globals0)
</UL>
<P><STRONG><a name="[86]"></a>_E1</STRONG> (Thumb, 0 bytes, Stack size unknown bytes, 6502.o(cpu_code))
<BR>[Address Reference Count : 1]<UL><LI> 6502.o(wram_globals0)
</UL>
<P><STRONG><a name="[87]"></a>_E4</STRONG> (Thumb, 0 bytes, Stack size unknown bytes, 6502.o(cpu_code))
<BR>[Address Reference Count : 1]<UL><LI> 6502.o(wram_globals0)
</UL>
<P><STRONG><a name="[88]"></a>_E5</STRONG> (Thumb, 0 bytes, Stack size unknown bytes, 6502.o(cpu_code))
<BR>[Address Reference Count : 1]<UL><LI> 6502.o(wram_globals0)
</UL>
<P><STRONG><a name="[89]"></a>_E6</STRONG> (Thumb, 0 bytes, Stack size unknown bytes, 6502.o(cpu_code))
<BR>[Address Reference Count : 1]<UL><LI> 6502.o(wram_globals0)
</UL>
<P><STRONG><a name="[8a]"></a>_E8</STRONG> (Thumb, 0 bytes, Stack size unknown bytes, 6502.o(cpu_code))
<BR>[Address Reference Count : 1]<UL><LI> 6502.o(wram_globals0)
</UL>
<P><STRONG><a name="[8b]"></a>_E9</STRONG> (Thumb, 0 bytes, Stack size unknown bytes, 6502.o(cpu_code))
<BR>[Address Reference Count : 1]<UL><LI> 6502.o(wram_globals0)
</UL>
<P><STRONG><a name="[8c]"></a>_EA</STRONG> (Thumb, 0 bytes, Stack size unknown bytes, 6502.o(cpu_code))
<BR>[Address Reference Count : 1]<UL><LI> 6502.o(wram_globals0)
</UL>
<P><STRONG><a name="[8d]"></a>_EC</STRONG> (Thumb, 0 bytes, Stack size unknown bytes, 6502.o(cpu_code))
<BR>[Address Reference Count : 1]<UL><LI> 6502.o(wram_globals0)
</UL>
<P><STRONG><a name="[8e]"></a>_ED</STRONG> (Thumb, 0 bytes, Stack size unknown bytes, 6502.o(cpu_code))
<BR>[Address Reference Count : 1]<UL><LI> 6502.o(wram_globals0)
</UL>
<P><STRONG><a name="[8f]"></a>_EE</STRONG> (Thumb, 0 bytes, Stack size unknown bytes, 6502.o(cpu_code))
<BR>[Address Reference Count : 1]<UL><LI> 6502.o(wram_globals0)
</UL>
<P><STRONG><a name="[90]"></a>_F0</STRONG> (Thumb, 0 bytes, Stack size unknown bytes, 6502.o(cpu_code))
<BR>[Address Reference Count : 1]<UL><LI> 6502.o(wram_globals0)
</UL>
<P><STRONG><a name="[91]"></a>_F1</STRONG> (Thumb, 0 bytes, Stack size unknown bytes, 6502.o(cpu_code))
<BR>[Address Reference Count : 1]<UL><LI> 6502.o(wram_globals0)
</UL>
<P><STRONG><a name="[92]"></a>_F5</STRONG> (Thumb, 0 bytes, Stack size unknown bytes, 6502.o(cpu_code))
<BR>[Address Reference Count : 1]<UL><LI> 6502.o(wram_globals0)
</UL>
<P><STRONG><a name="[93]"></a>_F6</STRONG> (Thumb, 0 bytes, Stack size unknown bytes, 6502.o(cpu_code))
<BR>[Address Reference Count : 1]<UL><LI> 6502.o(wram_globals0)
</UL>
<P><STRONG><a name="[94]"></a>_F8</STRONG> (Thumb, 0 bytes, Stack size unknown bytes, 6502.o(cpu_code))
<BR>[Address Reference Count : 1]<UL><LI> 6502.o(wram_globals0)
</UL>
<P><STRONG><a name="[95]"></a>_F9</STRONG> (Thumb, 0 bytes, Stack size unknown bytes, 6502.o(cpu_code))
<BR>[Address Reference Count : 1]<UL><LI> 6502.o(wram_globals0)
</UL>
<P><STRONG><a name="[96]"></a>_FD</STRONG> (Thumb, 0 bytes, Stack size unknown bytes, 6502.o(cpu_code))
<BR>[Address Reference Count : 1]<UL><LI> 6502.o(wram_globals0)
</UL>
<P><STRONG><a name="[97]"></a>_FE</STRONG> (Thumb, 0 bytes, Stack size unknown bytes, 6502.o(cpu_code))
<BR>[Address Reference Count : 1]<UL><LI> 6502.o(wram_globals0)
</UL>
<P><STRONG><a name="[f6]"></a>exit_run</STRONG> (Thumb, 0 bytes, Stack size unknown bytes, 6502.o(cpu_run))
<BR>[Address Reference Count : 1]<UL><LI> 6502.o(cpu_run)
</UL>
<P><STRONG><a name="[102]"></a>VecCont</STRONG> (Thumb, 0 bytes, Stack size unknown bytes, 6502.o(cpu_run))
<BR><BR>[Called By]<UL><LI><a href="#[0]">&gt;&gt;</a>&nbsp;&nbsp;&nbsp;_00
</UL>

<P><STRONG><a name="[2]"></a>_xx</STRONG> (Thumb, 0 bytes, Stack size unknown bytes, 6502.o(cpu_run))
<BR>[Address Reference Count : 1]<UL><LI> 6502.o(wram_globals0)
</UL>
<P><STRONG><a name="[9a]"></a>IO_R</STRONG> (Thumb, 0 bytes, Stack size unknown bytes, 6502.o(io_code))
<BR><BR>[Calls]<UL><LI><a href="#[152]">&gt;&gt;</a>&nbsp;&nbsp;&nbsp;empty_R
</UL>
<BR>[Address Reference Count : 1]<UL><LI> 6502.o(wram_globals0)
</UL>
<P><STRONG><a name="[a2]"></a>IO_W</STRONG> (Thumb, 0 bytes, Stack size unknown bytes, 6502.o(io_code))
<BR>[Address Reference Count : 1]<UL><LI> 6502.o(wram_globals0)
</UL>
<P><STRONG><a name="[f8]"></a>dma_W</STRONG> (Thumb, 0 bytes, Stack size unknown bytes, 6502.o(io_code))
<BR>[Address Reference Count : 1]<UL><LI> 6502.o(io_code)
</UL>
<P><STRONG><a name="[f9]"></a>joy0_W</STRONG> (Thumb, 0 bytes, Stack size unknown bytes, 6502.o(io_code))
<BR>[Address Reference Count : 1]<UL><LI> 6502.o(io_code)
</UL>
<P><STRONG><a name="[f7]"></a>joy0_R</STRONG> (Thumb, 0 bytes, Stack size unknown bytes, 6502.o(io_code))
<BR>[Address Reference Count : 1]<UL><LI> 6502.o(io_code)
</UL>
<P><STRONG><a name="[152]"></a>empty_R</STRONG> (Thumb, 0 bytes, Stack size unknown bytes, 6502.o(rwram_code))
<BR><BR>[Calls]<UL><LI><a href="#[152]">&gt;&gt;</a>&nbsp;&nbsp;&nbsp;empty_R
</UL>
<BR>[Called By]<UL><LI><a href="#[152]">&gt;&gt;</a>&nbsp;&nbsp;&nbsp;empty_R
<LI><a href="#[9a]">&gt;&gt;</a>&nbsp;&nbsp;&nbsp;IO_R
</UL>

<P><STRONG><a name="[9b]"></a>void</STRONG> (Thumb, 0 bytes, Stack size unknown bytes, 6502.o(rwram_code))
<BR>[Address Reference Count : 2]<UL><LI> 6502.o(io_code)
<LI> 6502.o(wram_globals0)
</UL>
<P><STRONG><a name="[98]"></a>ram_R</STRONG> (Thumb, 0 bytes, Stack size unknown bytes, 6502.o(rwram_code))
<BR>[Address Reference Count : 1]<UL><LI> 6502.o(wram_globals0)
</UL>
<P><STRONG><a name="[a0]"></a>ram_W</STRONG> (Thumb, 0 bytes, Stack size unknown bytes, 6502.o(rwram_code))
<BR>[Address Reference Count : 1]<UL><LI> 6502.o(wram_globals0)
</UL>
<P><STRONG><a name="[9c]"></a>rom_R80</STRONG> (Thumb, 0 bytes, Stack size unknown bytes, 6502.o(rwram_code))
<BR>[Address Reference Count : 1]<UL><LI> 6502.o(wram_globals0)
</UL>
<P><STRONG><a name="[9d]"></a>rom_RA0</STRONG> (Thumb, 0 bytes, Stack size unknown bytes, 6502.o(rwram_code))
<BR>[Address Reference Count : 1]<UL><LI> 6502.o(wram_globals0)
</UL>
<P><STRONG><a name="[9e]"></a>rom_RC0</STRONG> (Thumb, 0 bytes, Stack size unknown bytes, 6502.o(rwram_code))
<BR>[Address Reference Count : 1]<UL><LI> 6502.o(wram_globals0)
</UL>
<P><STRONG><a name="[9f]"></a>rom_RE0</STRONG> (Thumb, 0 bytes, Stack size unknown bytes, 6502.o(rwram_code))
<BR>[Address Reference Count : 1]<UL><LI> 6502.o(wram_globals0)
</UL><P>
<H3>
Undefined Global Symbols
</H3><HR></body></html>
