Component: ARM Compiler 6.16 Tool: armlink [5dfeaa00]

==============================================================================

Section Cross References

    startup_stm32g431xx.o(STACK) refers (Special) to heapauxi.o(.text) for __use_two_region_memory
    startup_stm32g431xx.o(HEAP) refers (Special) to heapauxi.o(.text) for __use_two_region_memory
    startup_stm32g431xx.o(RESET) refers (Special) to heapauxi.o(.text) for __use_two_region_memory
    startup_stm32g431xx.o(RESET) refers to startup_stm32g431xx.o(STACK) for __initial_sp
    startup_stm32g431xx.o(RESET) refers to startup_stm32g431xx.o(.text) for Reset_Handler
    startup_stm32g431xx.o(RESET) refers to stm32g4xx_it.o(.text.NMI_Handler) for NMI_Handler
    startup_stm32g431xx.o(RESET) refers to stm32g4xx_it.o(.text.HardFault_Handler) for HardFault_Handler
    startup_stm32g431xx.o(RESET) refers to stm32g4xx_it.o(.text.MemManage_Handler) for MemManage_Handler
    startup_stm32g431xx.o(RESET) refers to stm32g4xx_it.o(.text.BusFault_Handler) for BusFault_Handler
    startup_stm32g431xx.o(RESET) refers to stm32g4xx_it.o(.text.UsageFault_Handler) for UsageFault_Handler
    startup_stm32g431xx.o(RESET) refers to stm32g4xx_it.o(.text.SVC_Handler) for SVC_Handler
    startup_stm32g431xx.o(RESET) refers to stm32g4xx_it.o(.text.DebugMon_Handler) for DebugMon_Handler
    startup_stm32g431xx.o(RESET) refers to stm32g4xx_it.o(.text.PendSV_Handler) for PendSV_Handler
    startup_stm32g431xx.o(RESET) refers to stm32g4xx_it.o(.text.SysTick_Handler) for SysTick_Handler
    startup_stm32g431xx.o(RESET) refers to stm32g4xx_it.o(.text.DMA1_Channel1_IRQHandler) for DMA1_Channel1_IRQHandler
    startup_stm32g431xx.o(RESET) refers to stm32g4xx_it.o(.text.TIM2_IRQHandler) for TIM2_IRQHandler
    startup_stm32g431xx.o(RESET) refers to stm32g4xx_it.o(.text.TIM3_IRQHandler) for TIM3_IRQHandler
    startup_stm32g431xx.o(RESET) refers to usart.o(.text.USART1_IRQHandler) for USART1_IRQHandler
    startup_stm32g431xx.o(RESET) refers to stm32g4xx_it.o(.text.TIM6_DAC_IRQHandler) for TIM6_DAC_IRQHandler
    startup_stm32g431xx.o(.text) refers (Special) to heapauxi.o(.text) for __use_two_region_memory
    startup_stm32g431xx.o(.text) refers to system_stm32g4xx.o(.text.SystemInit) for SystemInit
    startup_stm32g431xx.o(.text) refers to __main.o(!!!main) for __main
    startup_stm32g431xx.o(.text) refers to startup_stm32g431xx.o(HEAP) for Heap_Mem
    startup_stm32g431xx.o(.text) refers to startup_stm32g431xx.o(STACK) for Stack_Mem
    main.o(.text.main) refers to stm32g4xx_hal.o(.text.HAL_Init) for HAL_Init
    main.o(.text.main) refers to main.o(.text.SystemClock_Config) for SystemClock_Config
    main.o(.text.main) refers to gpio.o(.text.MX_GPIO_Init) for MX_GPIO_Init
    main.o(.text.main) refers to dma.o(.text.MX_DMA_Init) for MX_DMA_Init
    main.o(.text.main) refers to tim.o(.text.MX_TIM2_Init) for MX_TIM2_Init
    main.o(.text.main) refers to tim.o(.text.MX_TIM3_Init) for MX_TIM3_Init
    main.o(.text.main) refers to usart.o(.text.MX_USART1_UART_Init) for MX_USART1_UART_Init
    main.o(.text.main) refers to tim.o(.text.MX_TIM6_Init) for MX_TIM6_Init
    main.o(.text.main) refers to my.o(.text.TASK_init) for TASK_init
    main.o(.text.main) refers to my.o(.text.KEY_function) for KEY_function
    main.o(.text.main) refers to my.o(.text.LCD_function) for LCD_function
    main.o(.text.main) refers to my.o(.text.USART1_function) for USART1_function
    main.o(.text.main) refers to my.o(.text.FlagRun_function) for FlagRun_function
    main.o(.text.main) refers to my.o(.text.TIM_IN_function) for TIM_IN_function
    main.o(.ARM.exidx.text.main) refers to main.o(.text.main) for [Anonymous Symbol]
    main.o(.text.SystemClock_Config) refers to rt_memclr_w.o(.text) for __aeabi_memclr4
    main.o(.text.SystemClock_Config) refers to stm32g4xx_hal_pwr_ex.o(.text.HAL_PWREx_ControlVoltageScaling) for HAL_PWREx_ControlVoltageScaling
    main.o(.text.SystemClock_Config) refers to stm32g4xx_hal_rcc.o(.text.HAL_RCC_OscConfig) for HAL_RCC_OscConfig
    main.o(.text.SystemClock_Config) refers to stm32g4xx_hal_rcc.o(.text.HAL_RCC_ClockConfig) for HAL_RCC_ClockConfig
    main.o(.text.SystemClock_Config) refers to main.o(.text.Error_Handler) for Error_Handler
    main.o(.ARM.exidx.text.SystemClock_Config) refers to main.o(.text.SystemClock_Config) for [Anonymous Symbol]
    main.o(.ARM.exidx.text.Error_Handler) refers to main.o(.text.Error_Handler) for [Anonymous Symbol]
    gpio.o(.text.MX_GPIO_Init) refers to stm32g4xx_hal_gpio.o(.text.HAL_GPIO_WritePin) for HAL_GPIO_WritePin
    gpio.o(.text.MX_GPIO_Init) refers to stm32g4xx_hal_gpio.o(.text.HAL_GPIO_Init) for HAL_GPIO_Init
    gpio.o(.ARM.exidx.text.MX_GPIO_Init) refers to gpio.o(.text.MX_GPIO_Init) for [Anonymous Symbol]
    dma.o(.text.MX_DMA_Init) refers to stm32g4xx_hal_cortex.o(.text.HAL_NVIC_SetPriority) for HAL_NVIC_SetPriority
[...]
    [Anonymous Symbol]                       0x080059bc   Section        0  stm32g4xx_hal_cortex.o(.text.__NVIC_SetPriorityGrouping)
    [Anonymous Symbol]                       0x080059dc   Section        0  my.o(.text.get_time)
    [Anonymous Symbol]                       0x080059e8   Section        0  my.o(.text.get_time_task)
    [Anonymous Symbol]                       0x080059fc   Section        0  main.o(.text.main)
    locale$$code                             0x08005a38   Section       44  lc_ctype_c.o(locale$$code)
    $v0                                      0x08005a64   Number         0  fpinit.o(x$fpl$fpinit)
    x$fpl$fpinit                             0x08005a64   Section       26  fpinit.o(x$fpl$fpinit)
    UARTEx_SetNbDataToProcess.numerator      0x08006c7e   Data           8  stm32g4xx_hal_uart_ex.o(.rodata.cst8)
    [Anonymous Symbol]                       0x08006c7e   Section        0  stm32g4xx_hal_uart_ex.o(.rodata.cst8)
    UARTEx_SetNbDataToProcess.denominator    0x08006c86   Data           8  stm32g4xx_hal_uart_ex.o(.rodata.cst8)
    .L.str.4                                 0x08006c8e   Data          20  my.o(.rodata.str1.1)
    [Anonymous Symbol]                       0x08006c8e   Section        0  my.o(.rodata.str1.1)
    .L.str.5                                 0x08006ca2   Data          20  my.o(.rodata.str1.1)
    .L.str                                   0x08006cb6   Data          17  my.o(.rodata.str1.1)
    .L.str.1                                 0x08006cc7   Data          17  my.o(.rodata.str1.1)
    .L.str.3                                 0x08006cd8   Data          20  my.o(.rodata.str1.4)
    [Anonymous Symbol]                       0x08006cd8   Section        0  my.o(.rodata.str1.4)
    .L.str.2                                 0x08006cec   Data          20  my.o(.rodata.str1.4)
    locale$$data                             0x08006d20   Section      272  lc_ctype_c.o(locale$$data)
    __lcctype_c_name                         0x08006d24   Data           2  lc_ctype_c.o(locale$$data)
    __lcctype_c_start                        0x08006d2c   Data           0  lc_ctype_c.o(locale$$data)
    __lcctype_c_end                          0x08006e30   Data           0  lc_ctype_c.o(locale$$data)
    BackColor                                0x20000000   Data           2  lcd.o(.data.BackColor)
    [Anonymous Symbol]                       0x20000000   Section        0  lcd.o(.data.BackColor)
    HAL_TIM_OC_DelayElapsedCallback.pwm1     0x20000003   Data           1  my.o(.data.HAL_TIM_OC_DelayElapsedCallback.pwm1)
    [Anonymous Symbol]                       0x20000003   Section        0  my.o(.data.HAL_TIM_OC_DelayElapsedCallback.pwm1)
    HAL_TIM_OC_DelayElapsedCallback.pwm2     0x20000004   Data           1  my.o(.data.HAL_TIM_OC_DelayElapsedCallback.pwm2)
    [Anonymous Symbol]                       0x20000004   Section        0  my.o(.data.HAL_TIM_OC_DelayElapsedCallback.pwm2)
    .bss                                     0x20000018   Section       96  libspace.o(.bss)
    HAL_TIM_PeriodElapsedCallback.timer_200ms 0x2000007e   Data           2  my.o(.bss.HAL_TIM_PeriodElapsedCallback.timer_200ms)
    [Anonymous Symbol]                       0x2000007e   Section        0  my.o(.bss.HAL_TIM_PeriodElapsedCallback.timer_200ms)
    KEY_function.Old_VALUE                   0x20000083   Data           1  my.o(.bss.KEY_function.Old_VALUE)
    [Anonymous Symbol]                       0x20000083   Section        0  my.o(.bss.KEY_function.Old_VALUE)
    TextColor                                0x200001b8   Data           2  lcd.o(.bss.TextColor)
    [Anonymous Symbol]                       0x200001b8   Section        0  lcd.o(.bss.TextColor)
    Heap_Mem                                 0x20000398   Data         512  startup_stm32g431xx.o(HEAP)
    HEAP                                     0x20000398   Section      512  startup_stm32g431xx.o(HEAP)
    Stack_Mem                                0x20000598   Data        1024  startup_stm32g431xx.o(STACK)
    STACK                                    0x20000598   Section     1024  startup_stm32g431xx.o(STACK)
    __initial_sp                             0x20000998   Data           0  startup_stm32g431xx.o(STACK)

    Global Symbols

    Symbol Name                              Value     Ov Type        Size  Object(Section)

    BuildAttributes$$THM_ISAv4$E$P$D$K$B$S$7EM$VFPi3$EXTD16$VFPS$VFMA$PE$A:L22UL41UL21$X:L11$S22US41US21$IEEE1$IW$~IW$USESV6$~STKCKD$USESV7$~SHL$OTIME$ROPI$EBA8$UX$STANDARDLIB$REQ8$PRES8$EABIv2 0x00000000   Number         0  anon$$obj.o ABSOLUTE
    __ARM_exceptions_init                     - Undefined Weak Reference
    __alloca_initialize                       - Undefined Weak Reference
    __arm_preinit_                            - Undefined Weak Reference
    __cpp_initialize__aeabi_                  - Undefined Weak Reference
    __cxa_finalize                            - Undefined Weak Reference
    __sigvec_lookup                           - Undefined Weak Reference
    _atexit_init                              - Undefined Weak Reference
    _call_atexit_fns                          - Undefined Weak Reference
    _clock_init                               - Undefined Weak Reference
    _fp_trap_init                             - Undefined Weak Reference
    _fp_trap_shutdown                         - Undefined Weak Reference
    _get_lc_collate                           - Undefined Weak Reference
    _get_lc_monetary                          - Undefined Weak Reference
    _get_lc_numeric                           - Undefined Weak Reference
    _get_lc_time                              - Undefined Weak Reference
    _getenv_init                              - Undefined Weak Reference
    _handle_redirection                       - Undefined Weak Reference
    _init_alloc                               - Undefined Weak Reference
    _init_user_alloc                          - Undefined Weak Reference
    _initio                                   - Undefined Weak Reference
    _printf_post_padding                      - Undefined Weak Reference
    _printf_pre_padding                       - Undefined Weak Reference
    _printf_truncate_signed                   - Undefined Weak Reference
    _printf_truncate_unsigned                 - Undefined Weak Reference
    _rand_init                                - Undefined Weak Reference
    _scanf_longlong                           - Undefined Weak Reference
    _scanf_mbtowc                             - Undefined Weak Reference
    _scanf_real                               - Undefined Weak Reference
    _scanf_wctomb                             - Undefined Weak Reference
    _scanf_wstring                            - Undefined Weak Reference
    _signal_finish                            - Undefined Weak Reference
    _signal_init                              - Undefined Weak Reference
    _terminate_alloc                          - Undefined Weak Reference
    _terminate_user_alloc                     - Undefined Weak Reference
    _terminateio                              - Undefined Weak Reference
    __Vectors_Size                           0x000001d8   Number         0  startup_stm32g431xx.o ABSOLUTE
    __Vectors                                0x08000000   Data           4  startup_stm32g431xx.o(RESET)
    __Vectors_End                            0x080001d8   Data           0  startup_stm32g431xx.o(RESET)
    __main                                   0x080001d9   Thumb Code     8  __main.o(!!!main)
    __scatterload                            0x080001e1   Thumb Code     0  __scatter.o(!!!scatter)
    __scatterload_rt2                        0x080001e1   Thumb Code    44  __scatter.o(!!!scatter)
    __scatterload_rt2_thumb_only             0x080001e1   Thumb Code     0  __scatter.o(!!!scatter)
    __scatterload_null                       0x080001ef   Thumb Code     0  __scatter.o(!!!scatter)
    __scatterload_copy                       0x08000215   Thumb Code    26  __scatter_copy.o(!!handler_copy)
    __scatterload_zeroinit                   0x08000231   Thumb Code    28  __scatter_zi.o(!!handler_zi)
    _printf_d                                0x0800024d   Thumb Code     0  _printf_d.o(.ARM.Collect$$_printf_percent$$00000009)
    _printf_percent                          0x0800024d   Thumb Code     0  _printf_percent.o(.ARM.Collect$$_printf_percent$$00000000)
    _printf_percent_end                      0x08000253   Thumb Code     0  _printf_percent_end.o(.ARM.Collect$$_printf_percent$$00000017)
    __rt_lib_init                            0x08000257   Thumb Code     0  libinit.o(.ARM.Collect$$libinit$$00000000)
    __rt_lib_init_fp_1                       0x08000259   Thumb Code     0  libinit2.o(.ARM.Collect$$libinit$$00000001)
    __rt_lib_init_heap_1                     0x0800025d   Thumb Code     0  libinit2.o(.ARM.Collect$$libinit$$0000000A)
    __rt_lib_init_lc_common                  0x0800025d   Thumb Code     0  libinit2.o(.ARM.Collect$$libinit$$0000000F)
    __rt_lib_init_preinit_1                  0x0800025d   Thumb Code     0  libinit2.o(.ARM.Collect$$libinit$$00000004)
    __rt_lib_init_rand_1                     0x0800025d   Thumb Code     0  libinit2.o(.ARM.Collect$$libinit$$0000000E)
    __rt_lib_init_user_alloc_1               0x0800025d   Thumb Code     0  libinit2.o(.ARM.Collect$$libinit$$0000000C)
    __rt_lib_init_lc_collate_1               0x08000263   Thumb Code     0  libinit2.o(.ARM.Collect$$libinit$$00000011)
    __rt_lib_init_lc_ctype_2                 0x08000263   Thumb Code     0  libinit2.o(.ARM.Collect$$libinit$$00000012)
    __rt_lib_init_alloca_1                   0x0800026f   Thumb Code     0  libinit2.o(.ARM.Collect$$libinit$$0000002E)
    __rt_lib_init_argv_1                     0x0800026f   Thumb Code     0  libinit2.o(.ARM.Collect$$libinit$$0000002C)
    __rt_lib_init_atexit_1                   0x0800026f   Thumb Code     0  libinit2.o(.ARM.Collect$$libinit$$0000001B)
    __rt_lib_init_clock_1                    0x0800026f   Thumb Code     0  libinit2.o(.ARM.Collect$$libinit$$00000021)
    __rt_lib_init_cpp_1                      0x0800026f   Thumb Code     0  libinit2.o(.ARM.Collect$$libinit$$00000032)
    __rt_lib_init_exceptions_1               0x0800026f   Thumb Code     0  libinit2.o(.ARM.Collect$$libinit$$00000030)
    __rt_lib_init_fp_trap_1                  0x0800026f   Thumb Code     0  libinit2.o(.ARM.Collect$$libinit$$0000001F)
    __rt_lib_init_getenv_1                   0x0800026f   Thumb Code     0  libinit2.o(.ARM.Collect$$libinit$$00000023)
    __rt_lib_init_lc_ctype_1                 0x0800026f   Thumb Code     0  libinit2.o(.ARM.Collect$$libinit$$00000013)
    __rt_lib_init_lc_monetary_1              0x0800026f   Thumb Code     0  libinit2.o(.ARM.Collect$$libinit$$00000015)
    __rt_lib_init_lc_numeric_1               0x0800026f   Thumb Code     0  libinit2.o(.ARM.Collect$$libinit$$00000017)
    __rt_lib_init_lc_time_1                  0x0800026f   Thumb Code     0  libinit2.o(.ARM.Collect$$libinit$$00000019)
    __rt_lib_init_return                     0x0800026f   Thumb Code     0  libinit2.o(.ARM.Collect$$libinit$$00000033)
    __rt_lib_init_signal_1                   0x0800026f   Thumb Code     0  libinit2.o(.ARM.Collect$$libinit$$0000001D)
    __rt_lib_init_stdio_1                    0x0800026f   Thumb Code     0  libinit2.o(.ARM.Collect$$libinit$$00000025)
    __rt_lib_shutdown                        0x08000271   Thumb Code     0  libshutdown.o(.ARM.Collect$$libshutdown$$00000000)
    __rt_lib_shutdown_cpp_1                  0x08000273   Thumb Code     0  libshutdown2.o(.ARM.Collect$$libshutdown$$00000002)
    __rt_lib_shutdown_fp_trap_1              0x08000273   Thumb Code     0  libshutdown2.o(.ARM.Collect$$libshutdown$$00000007)
    __rt_lib_shutdown_heap_1                 0x08000273   Thumb Code     0  libshutdown2.o(.ARM.Collect$$libshutdown$$0000000F)
    __rt_lib_shutdown_return                 0x08000273   Thumb Code     0  libshutdown2.o(.ARM.Collect$$libshutdown$$00000010)
    __rt_lib_shutdown_signal_1               0x08000273   Thumb Code     0  libshutdown2.o(.ARM.Collect$$libshutdown$$0000000A)
    __rt_lib_shutdown_stdio_1                0x08000273   Thumb Code     0  libshutdown2.o(.ARM.Collect$$libshutdown$$00000004)
    __rt_lib_shutdown_user_alloc_1           0x08000273   Thumb Code     0  libshutdown2.o(.ARM.Collect$$libshutdown$$0000000C)
    __rt_entry                               0x08000275   Thumb Code     0  __rtentry.o(.ARM.Collect$$rtentry$$00000000)
    __rt_entry_presh_1                       0x08000275   Thumb Code     0  __rtentry2.o(.ARM.Collect$$rtentry$$00000002)
    __rt_entry_sh                            0x08000275   Thumb Code     0  __rtentry4.o(.ARM.Collect$$rtentry$$00000004)
    __rt_entry_li                            0x0800027b   Thumb Code     0  __rtentry2.o(.ARM.Collect$$rtentry$$0000000A)
    __rt_entry_postsh_1                      0x0800027b   Thumb Code     0  __rtentry2.o(.ARM.Collect$$rtentry$$00000009)
    __rt_entry_main                          0x0800027f   Thumb Code     0  __rtentry2.o(.ARM.Collect$$rtentry$$0000000D)
    __rt_entry_postli_1                      0x0800027f   Thumb Code     0  __rtentry2.o(.ARM.Collect$$rtentry$$0000000C)
    __rt_exit                                0x08000287   Thumb Code     0  rtexit.o(.ARM.Collect$$rtexit$$00000000)
    __rt_exit_ls                             0x08000289   Thumb Code     0  rtexit2.o(.ARM.Collect$$rtexit$$00000003)
    __rt_exit_prels_1                        0x08000289   Thumb Code     0  rtexit2.o(.ARM.Collect$$rtexit$$00000002)
    __rt_exit_exit                           0x0800028d   Thumb Code     0  rtexit2.o(.ARM.Collect$$rtexit$$00000004)
    Reset_Handler                            0x08000295   Thumb Code     8  startup_stm32g431xx.o(.text)
    ADC1_2_IRQHandler                        0x080002af   Thumb Code     0  startup_stm32g431xx.o(.text)
    COMP1_2_3_IRQHandler                     0x080002af   Thumb Code     0  startup_stm32g431xx.o(.text)
    COMP4_IRQHandler                         0x080002af   Thumb Code     0  startup_stm32g431xx.o(.text)
    CORDIC_IRQHandler                        0x080002af   Thumb Code     0  startup_stm32g431xx.o(.text)
    CRS_IRQHandler                           0x080002af   Thumb Code     0  startup_stm32g431xx.o(.text)
    DMA1_Channel2_IRQHandler                 0x080002af   Thumb Code     0  startup_stm32g431xx.o(.text)
    DMA1_Channel3_IRQHandler                 0x080002af   Thumb Code     0  startup_stm32g431xx.o(.text)
    DMA1_Channel4_IRQHandler                 0x080002af   Thumb Code     0  startup_stm32g431xx.o(.text)
    DMA1_Channel5_IRQHandler                 0x080002af   Thumb Code     0  startup_stm32g431xx.o(.text)
    DMA1_Channel6_IRQHandler                 0x080002af   Thumb Code     0  startup_stm32g431xx.o(.text)
    DMA2_Channel1_IRQHandler                 0x080002af   Thumb Code     0  startup_stm32g431xx.o(.text)
    DMA2_Channel2_IRQHandler                 0x080002af   Thumb Code     0  startup_stm32g431xx.o(.text)
    DMA2_Channel3_IRQHandler                 0x080002af   Thumb Code     0  startup_stm32g431xx.o(.text)
    DMA2_Channel4_IRQHandler                 0x080002af   Thumb Code     0  startup_stm32g431xx.o(.text)
    DMA2_Channel5_IRQHandler                 0x080002af   Thumb Code     0  startup_stm32g431xx.o(.text)
    DMA2_Channel6_IRQHandler                 0x080002af   Thumb Code     0  startup_stm32g431xx.o(.text)
    DMAMUX_OVR_IRQHandler                    0x080002af   Thumb Code     0  startup_stm32g431xx.o(.text)
    EXTI0_IRQHandler                         0x080002af   Thumb Code     0  startup_stm32g431xx.o(.text)
    EXTI15_10_IRQHandler                     0x080002af   Thumb Code     0  startup_stm32g431xx.o(.text)
    EXTI1_IRQHandler                         0x080002af   Thumb Code     0  startup_stm32g431xx.o(.text)
    EXTI2_IRQHandler                         0x080002af   Thumb Code     0  startup_stm32g431xx.o(.text)
    EXTI3_IRQHandler                         0x080002af   Thumb Code     0  startup_stm32g431xx.o(.text)
    EXTI4_IRQHandler                         0x080002af   Thumb Code     0  startup_stm32g431xx.o(.text)
    EXTI9_5_IRQHandler                       0x080002af   Thumb Code     0  startup_stm32g431xx.o(.text)
    FDCAN1_IT0_IRQHandler                    0x080002af   Thumb Code     0  startup_stm32g431xx.o(.text)
    FDCAN1_IT1_IRQHandler                    0x080002af   Thumb Code     0  startup_stm32g431xx.o(.text)
    FLASH_IRQHandler                         0x080002af   Thumb Code     0  startup_stm32g431xx.o(.text)
    FMAC_IRQHandler                          0x080002af   Thumb Code     0  startup_stm32g431xx.o(.text)
    FPU_IRQHandler                           0x080002af   Thumb Code     0  startup_stm32g431xx.o(.text)
    I2C1_ER_IRQHandler                       0x080002af   Thumb Code     0  startup_stm32g431xx.o(.text)
    I2C1_EV_IRQHandler                       0x080002af   Thumb Code     0  startup_stm32g431xx.o(.text)
    I2C2_ER_IRQHandler                       0x080002af   Thumb Code     0  startup_stm32g431xx.o(.text)
    I2C2_EV_IRQHandler                       0x080002af   Thumb Code     0  startup_stm32g431xx.o(.text)
    I2C3_ER_IRQHandler                       0x080002af   Thumb Code     0  startup_stm32g431xx.o(.text)
    I2C3_EV_IRQHandler                       0x080002af   Thumb Code     0  startup_stm32g431xx.o(.text)
    LPTIM1_IRQHandler                        0x080002af   Thumb Code     0  startup_stm32g431xx.o(.text)
    LPUART1_IRQHandler                       0x080002af   Thumb Code     0  startup_stm32g431xx.o(.text)
    PVD_PVM_IRQHandler                       0x080002af   Thumb Code     0  startup_stm32g431xx.o(.text)
    RCC_IRQHandler                           0x080002af   Thumb Code     0  startup_stm32g431xx.o(.text)
    RNG_IRQHandler                           0x080002af   Thumb Code     0  startup_stm32g431xx.o(.text)
    RTC_Alarm_IRQHandler                     0x080002af   Thumb Code     0  startup_stm32g431xx.o(.text)
    RTC_TAMP_LSECSS_IRQHandler               0x080002af   Thumb Code     0  startup_stm32g431xx.o(.text)
    RTC_WKUP_IRQHandler                      0x080002af   Thumb Code     0  startup_stm32g431xx.o(.text)
    SAI1_IRQHandler                          0x080002af   Thumb Code     0  startup_stm32g431xx.o(.text)
    SPI1_IRQHandler                          0x080002af   Thumb Code     0  startup_stm32g431xx.o(.text)
    SPI2_IRQHandler                          0x080002af   Thumb Code     0  startup_stm32g431xx.o(.text)
    SPI3_IRQHandler                          0x080002af   Thumb Code     0  startup_stm32g431xx.o(.text)
    TIM1_BRK_TIM15_IRQHandler                0x080002af   Thumb Code     0  startup_stm32g431xx.o(.text)
    TIM1_CC_IRQHandler                       0x080002af   Thumb Code     0  startup_stm32g431xx.o(.text)
    TIM1_TRG_COM_TIM17_IRQHandler            0x080002af   Thumb Code     0  startup_stm32g431xx.o(.text)
    TIM1_UP_TIM16_IRQHandler                 0x080002af   Thumb Code     0  startup_stm32g431xx.o(.text)
    TIM4_IRQHandler                          0x080002af   Thumb Code     0  startup_stm32g431xx.o(.text)
    TIM7_IRQHandler                          0x080002af   Thumb Code     0  startup_stm32g431xx.o(.text)
    TIM8_BRK_IRQHandler                      0x080002af   Thumb Code     0  startup_stm32g431xx.o(.text)
    TIM8_CC_IRQHandler                       0x080002af   Thumb Code     0  startup_stm32g431xx.o(.text)
    TIM8_TRG_COM_IRQHandler                  0x080002af   Thumb Code     0  startup_stm32g431xx.o(.text)
    TIM8_UP_IRQHandler                       0x080002af   Thumb Code     0  startup_stm32g431xx.o(.text)
    UART4_IRQHandler                         0x080002af   Thumb Code     0  startup_stm32g431xx.o(.text)
    UCPD1_IRQHandler                         0x080002af   Thumb Code     0  startup_stm32g431xx.o(.text)
    USART2_IRQHandler                        0x080002af   Thumb Code     0  startup_stm32g431xx.o(.text)
    USART3_IRQHandler                        0x080002af   Thumb Code     0  startup_stm32g431xx.o(.text)
    USBWakeUp_IRQHandler                     0x080002af   Thumb Code     0  startup_stm32g431xx.o(.text)
    USB_HP_IRQHandler                        0x080002af   Thumb Code     0  startup_stm32g431xx.o(.text)
    USB_LP_IRQHandler                        0x080002af   Thumb Code     0  startup_stm32g431xx.o(.text)
    WWDG_IRQHandler                          0x080002af   Thumb Code     0  startup_stm32g431xx.o(.text)
    __user_initial_stackheap                 0x080002b1   Thumb Code     0  startup_stm32g431xx.o(.text)
    __aeabi_uldivmod                         0x080002d5   Thumb Code     0  lludivv7m.o(.text)
    _ll_udiv                                 0x080002d5   Thumb Code   240  lludivv7m.o(.text)
    __2sprintf                               0x080003c5   Thumb Code    34  noretval__2sprintf.o(.text)
    __printf                                 0x080003ed   Thumb Code   104  __printf.o(.text)
    _printf_int_dec                          0x08000455   Thumb Code   104  _printf_dec.o(.text)
    __0sscanf                                0x080004cd   Thumb Code    52  __0sscanf.o(.text)
    _scanf_int                               0x08000509   Thumb Code   332  _scanf_int.o(.text)
    _scanf_string                            0x08000655   Thumb Code   224  _scanf_str.o(.text)
    __aeabi_memclr4                          0x08000735   Thumb Code     0  rt_memclr_w.o(.text)
    __aeabi_memclr8                          0x08000735   Thumb Code     0  rt_memclr_w.o(.text)
    __rt_memclr_w                            0x08000735   Thumb Code     0  rt_memclr_w.o(.text)
    _memset_w                                0x08000739   Thumb Code    74  rt_memclr_w.o(.text)
    __use_two_region_memory                  0x08000783   Thumb Code     2  heapauxi.o(.text)
    __rt_heap_escrow$2region                 0x08000785   Thumb Code     2  heapauxi.o(.text)
    __rt_heap_expand$2region                 0x08000787   Thumb Code     2  heapauxi.o(.text)
    _printf_int_common                       0x08000789   Thumb Code   178  _printf_intcommon.o(.text)
    _printf_char_common                      0x08000847   Thumb Code    32  _printf_char_common.o(.text)
    _sputc                                   0x0800086d   Thumb Code    10  _sputc.o(.text)
    _chval                                   0x08000877   Thumb Code    28  _chval.o(.text)
    __vfscanf_char                           0x080008a1   Thumb Code    24  scanf_char.o(.text)
    _sgetc                                   0x080008c1   Thumb Code    30  _sgetc.o(.text)
    _sbackspace                              0x080008df   Thumb Code    34  _sgetc.o(.text)
    isspace                                  0x08000901   Thumb Code    18  isspace.o(.text)
    __vfscanf                                0x08000915   Thumb Code   878  _scanf.o(.text)
    __user_setup_stackheap                   0x08000c89   Thumb Code    74  sys_stackheap_outer.o(.text)
    __rt_ctype_table                         0x08000cd5   Thumb Code    16  rt_ctype_table.o(.text)
    exit                                     0x08000ce5   Thumb Code    18  exit.o(.text)
    __user_libspace                          0x08000cf9   Thumb Code     8  libspace.o(.text)
    __user_perproc_libspace                  0x08000cf9   Thumb Code     0  libspace.o(.text)
    __user_perthread_libspace                0x08000cf9   Thumb Code     0  libspace.o(.text)
    __rt_locale                              0x08000d01   Thumb Code     8  rt_locale_intlibspace.o(.text)
    _sys_exit                                0x08000d09   Thumb Code     8  sys_exit.o(.text)
    strcmp                                   0x08000d19   Thumb Code   124  strcmpv7em.o(.text)
    __I$use$semihosting                      0x08000d95   Thumb Code     0  use_no_semi.o(.text)
    __use_no_semihosting_swi                 0x08000d95   Thumb Code     2  use_no_semi.o(.text)
    __semihosting_library_function           0x08000d97   Thumb Code     0  indicate_semi.o(.text)
    Add_Space                                0x08000d99   Thumb Code    30  my.o(.text.Add_Space)
    BusFault_Handler                         0x08000db9   Thumb Code     2  stm32g4xx_it.o(.text.BusFault_Handler)
    DMA1_Channel1_IRQHandler                 0x08000dbd   Thumb Code    16  stm32g4xx_it.o(.text.DMA1_Channel1_IRQHandler)
    DebugMon_Handler                         0x08000e89   Thumb Code     2  stm32g4xx_it.o(.text.DebugMon_Handler)
    EEPROM_Read                              0x08000e8d   Thumb Code    86  my.o(.text.EEPROM_Read)
    EEPROM_Write                             0x08000ee5   Thumb Code    60  my.o(.text.EEPROM_Write)
    Error_Handler                            0x08000f21   Thumb Code    10  main.o(.text.Error_Handler)
    FlagRun_function                         0x08000f2d   Thumb Code   368  my.o(.text.FlagRun_function)
    GPIO_OUT                                 0x080010b1   Thumb Code    48  my.o(.text.GPIO_OUT)
    HAL_DMA_Abort                            0x080010e1   Thumb Code   110  stm32g4xx_hal_dma.o(.text.HAL_DMA_Abort)
    HAL_DMA_Abort_IT                         0x08001151   Thumb Code   122  stm32g4xx_hal_dma.o(.text.HAL_DMA_Abort_IT)
    HAL_DMA_GetError                         0x080011cd   Thumb Code     4  stm32g4xx_hal_dma.o(.text.HAL_DMA_GetError)
    HAL_DMA_IRQHandler                       0x080011d1   Thumb Code   170  stm32g4xx_hal_dma.o(.text.HAL_DMA_IRQHandler)
    HAL_DMA_Init                             0x0800127d   Thumb Code   216  stm32g4xx_hal_dma.o(.text.HAL_DMA_Init)
    HAL_DMA_Start_IT                         0x08001355   Thumb Code   138  stm32g4xx_hal_dma.o(.text.HAL_DMA_Start_IT)
    HAL_Delay                                0x080013e1   Thumb Code    40  stm32g4xx_hal.o(.text.HAL_Delay)
    HAL_GPIO_Init                            0x08001409   Thumb Code   414  stm32g4xx_hal_gpio.o(.text.HAL_GPIO_Init)
    HAL_GPIO_ReadPin                         0x080015a9   Thumb Code    10  stm32g4xx_hal_gpio.o(.text.HAL_GPIO_ReadPin)
    HAL_GPIO_WritePin                        0x080015b5   Thumb Code    12  stm32g4xx_hal_gpio.o(.text.HAL_GPIO_WritePin)
    HAL_GetTick                              0x080015c1   Thumb Code    12  stm32g4xx_hal.o(.text.HAL_GetTick)
    HAL_IncTick                              0x080015cd   Thumb Code    26  stm32g4xx_hal.o(.text.HAL_IncTick)
    HAL_Init                                 0x080015e9   Thumb Code    30  stm32g4xx_hal.o(.text.HAL_Init)
    HAL_InitTick                             0x08001609   Thumb Code    86  stm32g4xx_hal.o(.text.HAL_InitTick)
    HAL_MspInit                              0x08001661   Thumb Code    56  stm32g4xx_hal_msp.o(.text.HAL_MspInit)
    HAL_NVIC_EnableIRQ                       0x08001699   Thumb Code     8  stm32g4xx_hal_cortex.o(.text.HAL_NVIC_EnableIRQ)
    HAL_NVIC_SetPriority                     0x080016a1   Thumb Code    30  stm32g4xx_hal_cortex.o(.text.HAL_NVIC_SetPriority)
    HAL_NVIC_SetPriorityGrouping             0x080016c1   Thumb Code     8  stm32g4xx_hal_cortex.o(.text.HAL_NVIC_SetPriorityGrouping)
    HAL_PWREx_ControlVoltageScaling          0x080016c9   Thumb Code   238  stm32g4xx_hal_pwr_ex.o(.text.HAL_PWREx_ControlVoltageScaling)
    HAL_PWREx_DisableUCPDDeadBattery         0x080017b9   Thumb Code    18  stm32g4xx_hal_pwr_ex.o(.text.HAL_PWREx_DisableUCPDDeadBattery)
    HAL_RCCEx_PeriphCLKConfig                0x080017cd   Thumb Code   658  stm32g4xx_hal_rcc_ex.o(.text.HAL_RCCEx_PeriphCLKConfig)
    HAL_RCC_ClockConfig                      0x08001a61   Thumb Code   518  stm32g4xx_hal_rcc.o(.text.HAL_RCC_ClockConfig)
    HAL_RCC_GetHCLKFreq                      0x08001c69   Thumb Code    12  stm32g4xx_hal_rcc.o(.text.HAL_RCC_GetHCLKFreq)
    HAL_RCC_GetPCLK1Freq                     0x08001c75   Thumb Code    38  stm32g4xx_hal_rcc.o(.text.HAL_RCC_GetPCLK1Freq)
    HAL_RCC_GetPCLK2Freq                     0x08001c9d   Thumb Code    38  stm32g4xx_hal_rcc.o(.text.HAL_RCC_GetPCLK2Freq)
    HAL_RCC_GetSysClockFreq                  0x08001cc5   Thumb Code   122  stm32g4xx_hal_rcc.o(.text.HAL_RCC_GetSysClockFreq)
    HAL_RCC_OscConfig                        0x08001d41   Thumb Code  1148  stm32g4xx_hal_rcc.o(.text.HAL_RCC_OscConfig)
    HAL_SYSTICK_Config                       0x080021bd   Thumb Code     8  stm32g4xx_hal_cortex.o(.text.HAL_SYSTICK_Config)
    HAL_TIMEx_Break2Callback                 0x080021c5   Thumb Code     2  stm32g4xx_hal_tim_ex.o(.text.HAL_TIMEx_Break2Callback)
    HAL_TIMEx_BreakCallback                  0x080021c9   Thumb Code     2  stm32g4xx_hal_tim_ex.o(.text.HAL_TIMEx_BreakCallback)
    HAL_TIMEx_CommutCallback                 0x080021cd   Thumb Code     2  stm32g4xx_hal_tim_ex.o(.text.HAL_TIMEx_CommutCallback)
    HAL_TIMEx_DirectionChangeCallback        0x080021d1   Thumb Code     2  stm32g4xx_hal_tim_ex.o(.text.HAL_TIMEx_DirectionChangeCallback)
    HAL_TIMEx_EncoderIndexCallback           0x080021d5   Thumb Code     2  stm32g4xx_hal_tim_ex.o(.text.HAL_TIMEx_EncoderIndexCallback)
    HAL_TIMEx_IndexErrorCallback             0x080021d9   Thumb Code     2  stm32g4xx_hal_tim_ex.o(.text.HAL_TIMEx_IndexErrorCallback)
    HAL_TIMEx_MasterConfigSynchronization    0x080021dd   Thumb Code   168  stm32g4xx_hal_tim_ex.o(.text.HAL_TIMEx_MasterConfigSynchronization)
    HAL_TIMEx_TransitionErrorCallback        0x08002285   Thumb Code     2  stm32g4xx_hal_tim_ex.o(.text.HAL_TIMEx_TransitionErrorCallback)
    HAL_TIM_Base_Init                        0x08002289   Thumb Code    98  stm32g4xx_hal_tim.o(.text.HAL_TIM_Base_Init)
    HAL_TIM_Base_MspInit                     0x080022ed   Thumb Code   206  tim.o(.text.HAL_TIM_Base_MspInit)
    HAL_TIM_Base_Start_IT                    0x080023bd   Thumb Code   158  stm32g4xx_hal_tim.o(.text.HAL_TIM_Base_Start_IT)
    HAL_TIM_ConfigClockSource                0x0800245d   Thumb Code   276  stm32g4xx_hal_tim.o(.text.HAL_TIM_ConfigClockSource)
    HAL_TIM_IC_CaptureCallback               0x08002571   Thumb Code   316  my.o(.text.HAL_TIM_IC_CaptureCallback)
    HAL_TIM_IC_ConfigChannel                 0x080026ad   Thumb Code   152  stm32g4xx_hal_tim.o(.text.HAL_TIM_IC_ConfigChannel)
    HAL_TIM_IC_Init                          0x08002745   Thumb Code    98  stm32g4xx_hal_tim.o(.text.HAL_TIM_IC_Init)
    HAL_TIM_IC_MspInit                       0x080027a9   Thumb Code     2  stm32g4xx_hal_tim.o(.text.HAL_TIM_IC_MspInit)
    HAL_TIM_IC_Start_IT                      0x080027ad   Thumb Code   368  stm32g4xx_hal_tim.o(.text.HAL_TIM_IC_Start_IT)
    HAL_TIM_IC_Stop_IT                       0x0800292d   Thumb Code   200  stm32g4xx_hal_tim.o(.text.HAL_TIM_IC_Stop_IT)
    HAL_TIM_IRQHandler                       0x08002a05   Thumb Code   512  stm32g4xx_hal_tim.o(.text.HAL_TIM_IRQHandler)
    HAL_TIM_MspPostInit                      0x08002c05   Thumb Code    88  tim.o(.text.HAL_TIM_MspPostInit)
    HAL_TIM_OC_ConfigChannel                 0x08002c5d   Thumb Code    96  stm32g4xx_hal_tim.o(.text.HAL_TIM_OC_ConfigChannel)
    HAL_TIM_OC_DelayElapsedCallback          0x08002cbd   Thumb Code   168  my.o(.text.HAL_TIM_OC_DelayElapsedCallback)
    HAL_TIM_OC_Init                          0x08002d65   Thumb Code    98  stm32g4xx_hal_tim.o(.text.HAL_TIM_OC_Init)
    HAL_TIM_OC_MspInit                       0x08002dc9   Thumb Code     2  stm32g4xx_hal_tim.o(.text.HAL_TIM_OC_MspInit)
    HAL_TIM_OC_Start_IT                      0x08002dcd   Thumb Code   380  stm32g4xx_hal_tim.o(.text.HAL_TIM_OC_Start_IT)
    HAL_TIM_OC_Stop_IT                       0x08002f59   Thumb Code   224  stm32g4xx_hal_tim.o(.text.HAL_TIM_OC_Stop_IT)
    HAL_TIM_PWM_PulseFinishedCallback        0x08003049   Thumb Code     2  stm32g4xx_hal_tim.o(.text.HAL_TIM_PWM_PulseFinishedCallback)
    HAL_TIM_PeriodElapsedCallback            0x0800304d   Thumb Code    72  my.o(.text.HAL_TIM_PeriodElapsedCallback)
    HAL_TIM_TriggerCallback                  0x08003095   Thumb Code     2  stm32g4xx_hal_tim.o(.text.HAL_TIM_TriggerCallback)
    HAL_UARTEx_DisableFifoMode               0x08003099   Thumb Code    54  stm32g4xx_hal_uart_ex.o(.text.HAL_UARTEx_DisableFifoMode)
    HAL_UARTEx_RxEventCallback               0x080030d1   Thumb Code     2  stm32g4xx_hal_uart.o(.text.HAL_UARTEx_RxEventCallback)
    HAL_UARTEx_RxFifoFullCallback            0x080030d5   Thumb Code     2  stm32g4xx_hal_uart_ex.o(.text.HAL_UARTEx_RxFifoFullCallback)
    HAL_UARTEx_SetRxFifoThreshold            0x080030d9   Thumb Code    74  stm32g4xx_hal_uart_ex.o(.text.HAL_UARTEx_SetRxFifoThreshold)
    HAL_UARTEx_SetTxFifoThreshold            0x08003125   Thumb Code    74  stm32g4xx_hal_uart_ex.o(.text.HAL_UARTEx_SetTxFifoThreshold)
    HAL_UARTEx_TxFifoEmptyCallback           0x08003171   Thumb Code     2  stm32g4xx_hal_uart_ex.o(.text.HAL_UARTEx_TxFifoEmptyCallback)
    HAL_UARTEx_WakeupCallback                0x08003175   Thumb Code     2  stm32g4xx_hal_uart_ex.o(.text.HAL_UARTEx_WakeupCallback)
    HAL_UART_DMAStop                         0x08003179   Thumb Code   156  stm32g4xx_hal_uart.o(.text.HAL_UART_DMAStop)
    HAL_UART_ErrorCallback                   0x08003215   Thumb Code     2  stm32g4xx_hal_uart.o(.text.HAL_UART_ErrorCallback)
    HAL_UART_IRQHandler                      0x08003219   Thumb Code   760  stm32g4xx_hal_uart.o(.text.HAL_UART_IRQHandler)
    HAL_UART_Init                            0x08003511   Thumb Code    98  stm32g4xx_hal_uart.o(.text.HAL_UART_Init)
    HAL_UART_MspInit                         0x08003575   Thumb Code   212  usart.o(.text.HAL_UART_MspInit)
    HAL_UART_Receive_DMA                     0x08003649   Thumb Code   106  stm32g4xx_hal_uart.o(.text.HAL_UART_Receive_DMA)
    HAL_UART_RxCpltCallback                  0x080036b5   Thumb Code     2  stm32g4xx_hal_uart.o(.text.HAL_UART_RxCpltCallback)
    HAL_UART_RxHalfCpltCallback              0x080036b9   Thumb Code     2  stm32g4xx_hal_uart.o(.text.HAL_UART_RxHalfCpltCallback)
    HAL_UART_TxCpltCallback                  0x080036bd   Thumb Code     2  stm32g4xx_hal_uart.o(.text.HAL_UART_TxCpltCallback)
    HardFault_Handler                        0x080036c1   Thumb Code     2  stm32g4xx_it.o(.text.HardFault_Handler)
    I2CInit                                  0x080036c5   Thumb Code    40  i2c_hal.o(.text.I2CInit)
    I2CReceiveByte                           0x080036ed   Thumb Code    52  i2c_hal.o(.text.I2CReceiveByte)
    I2CSendAck                               0x08003721   Thumb Code    22  i2c_hal.o(.text.I2CSendAck)
    I2CSendByte                              0x08003739   Thumb Code    44  i2c_hal.o(.text.I2CSendByte)
    I2CSendNotAck                            0x08003765   Thumb Code    22  i2c_hal.o(.text.I2CSendNotAck)
    I2CStart                                 0x0800377d   Thumb Code    28  i2c_hal.o(.text.I2CStart)
    I2CStop                                  0x08003799   Thumb Code    28  i2c_hal.o(.text.I2CStop)
    I2CWaitAck                               0x080037b5   Thumb Code    56  i2c_hal.o(.text.I2CWaitAck)
    KEY_Proc                                 0x080037ed   Thumb Code   112  my.o(.text.KEY_Proc)
    KEY_function                             0x0800385d   Thumb Code   174  my.o(.text.KEY_function)
    LCD_BusIn                                0x0800390d   Thumb Code    40  lcd.o(.text.LCD_BusIn)
    LCD_BusOut                               0x08003935   Thumb Code    42  lcd.o(.text.LCD_BusOut)
    LCD_Clear                                0x08003961   Thumb Code    32  lcd.o(.text.LCD_Clear)
    LCD_CtrlLinesConfig                      0x08003981   Thumb Code   160  lcd.o(.text.LCD_CtrlLinesConfig)
    LCD_Dis                                  0x08003a21   Thumb Code   150  my.o(.text.LCD_Dis)
    LCD_DisplayChar                          0x08003ab9   Thumb Code    30  lcd.o(.text.LCD_DisplayChar)
    LCD_DisplayStringLine                    0x08003ad9   Thumb Code    48  lcd.o(.text.LCD_DisplayStringLine)
    LCD_DrawChar                             0x08003b09   Thumb Code    92  lcd.o(.text.LCD_DrawChar)
    LCD_Init                                 0x08003b65   Thumb Code    52  lcd.o(.text.LCD_Init)
    LCD_ReadReg                              0x08003b99   Thumb Code   136  lcd.o(.text.LCD_ReadReg)
    LCD_SetBackColor                         0x08003c21   Thumb Code    24  lcd.o(.text.LCD_SetBackColor)
    LCD_SetCursor                            0x08003c39   Thumb Code    22  lcd.o(.text.LCD_SetCursor)
    LCD_SetTextColor                         0x08003c51   Thumb Code    24  lcd.o(.text.LCD_SetTextColor)
    LCD_WriteRAM                             0x08003c69   Thumb Code    92  lcd.o(.text.LCD_WriteRAM)
    LCD_WriteRAM_Prepare                     0x08003cc5   Thumb Code    94  lcd.o(.text.LCD_WriteRAM_Prepare)
    LCD_WriteReg                             0x08003d25   Thumb Code   114  lcd.o(.text.LCD_WriteReg)
    LCD_function                             0x08003d99   Thumb Code    72  my.o(.text.LCD_function)
    LED_Dis                                  0x08003de1   Thumb Code    52  my.o(.text.LED_Dis)
    MX_DMA_Init                              0x08003e15   Thumb Code    68  dma.o(.text.MX_DMA_Init)
    MX_GPIO_Init                             0x08003e59   Thumb Code   364  gpio.o(.text.MX_GPIO_Init)
    MX_TIM2_Init                             0x08003fc5   Thumb Code   208  tim.o(.text.MX_TIM2_Init)
    MX_TIM3_Init                             0x08004095   Thumb Code   232  tim.o(.text.MX_TIM3_Init)
    MX_TIM6_Init                             0x0800417d   Thumb Code    84  tim.o(.text.MX_TIM6_Init)
    MX_USART1_UART_Init                      0x080041d1   Thumb Code   160  usart.o(.text.MX_USART1_UART_Init)
    MemManage_Handler                        0x08004271   Thumb Code     2  stm32g4xx_it.o(.text.MemManage_Handler)
    NMI_Handler                              0x08004275   Thumb Code     2  stm32g4xx_it.o(.text.NMI_Handler)
    PWM_OC                                   0x080042a5   Thumb Code    32  my.o(.text.PWM_OC)
    PWM_Read                                 0x080042c5   Thumb Code    46  my.o(.text.PWM_Read)
    PWM_SET_PA6                              0x080042f5   Thumb Code    52  my.o(.text.PWM_SET_PA6)
    PWM_SET_PA7                              0x08004329   Thumb Code    52  my.o(.text.PWM_SET_PA7)
    PWM_Wirte                                0x0800435d   Thumb Code    40  my.o(.text.PWM_Wirte)
    PendSV_Handler                           0x08004385   Thumb Code     2  stm32g4xx_it.o(.text.PendSV_Handler)
    REG_8230_Init                            0x080043d1   Thumb Code   280  lcd.o(.text.REG_8230_Init)
    REG_932X_Init                            0x080044e9   Thumb Code   512  lcd.o(.text.REG_932X_Init)
    SCL_Output                               0x080046e9   Thumb Code    24  i2c_hal.o(.text.SCL_Output)
    SDA_Input                                0x08004701   Thumb Code    26  i2c_hal.o(.text.SDA_Input)
    SDA_Input_Mode                           0x0800471d   Thumb Code    40  i2c_hal.o(.text.SDA_Input_Mode)
    SDA_Output                               0x08004745   Thumb Code    24  i2c_hal.o(.text.SDA_Output)
    SDA_Output_Mode                          0x0800475d   Thumb Code    40  i2c_hal.o(.text.SDA_Output_Mode)
    SVC_Handler                              0x08004785   Thumb Code     2  stm32g4xx_it.o(.text.SVC_Handler)
    SysTick_Handler                          0x080047b9   Thumb Code     8  stm32g4xx_it.o(.text.SysTick_Handler)
    SystemClock_Config                       0x080047c1   Thumb Code   104  main.o(.text.SystemClock_Config)
    SystemInit                               0x08004829   Thumb Code    18  system_stm32g4xx.o(.text.SystemInit)
    TASK_TIME_init                           0x0800483d   Thumb Code    28  my.o(.text.TASK_TIME_init)
    TASK_init                                0x08004859   Thumb Code   112  my.o(.text.TASK_init)
    TIM2_IRQHandler                          0x080048c9   Thumb Code    16  stm32g4xx_it.o(.text.TIM2_IRQHandler)
    TIM3_IRQHandler                          0x080048d9   Thumb Code    16  stm32g4xx_it.o(.text.TIM3_IRQHandler)
    TIM6_DAC_IRQHandler                      0x080048e9   Thumb Code    16  stm32g4xx_it.o(.text.TIM6_DAC_IRQHandler)
    TIM_Base_SetConfig                       0x080048f9   Thumb Code   254  stm32g4xx_hal_tim.o(.text.TIM_Base_SetConfig)
    TIM_CCxChannelCmd                        0x080049f9   Thumb Code    36  stm32g4xx_hal_tim.o(.text.TIM_CCxChannelCmd)
    TIM_ETR_SetConfig                        0x08004a1d   Thumb Code    22  stm32g4xx_hal_tim.o(.text.TIM_ETR_SetConfig)
    TIM_IN_function                          0x08004a35   Thumb Code   358  my.o(.text.TIM_IN_function)
    TIM_OC2_SetConfig                        0x08004c35   Thumb Code   144  stm32g4xx_hal_tim.o(.text.TIM_OC2_SetConfig)
    TIM_TI1_SetConfig                        0x08004ec9   Thumb Code   134  stm32g4xx_hal_tim.o(.text.TIM_TI1_SetConfig)
    UART_AdvFeatureConfig                    0x08005075   Thumb Code   230  stm32g4xx_hal_uart.o(.text.UART_AdvFeatureConfig)
    UART_CheckIdleState                      0x0800515d   Thumb Code   110  stm32g4xx_hal_uart.o(.text.UART_CheckIdleState)
    UART_SetConfig                           0x0800538d   Thumb Code   676  stm32g4xx_hal_uart.o(.text.UART_SetConfig)
    UART_Start_Receive_DMA                   0x08005651   Thumb Code   168  stm32g4xx_hal_uart.o(.text.UART_Start_Receive_DMA)
    UART_WaitOnFlagUntilTimeout              0x080056f9   Thumb Code   236  stm32g4xx_hal_uart.o(.text.UART_WaitOnFlagUntilTimeout)
    USART1_IRQHandler                        0x080057e5   Thumb Code    86  usart.o(.text.USART1_IRQHandler)
    USART1_function                          0x0800583d   Thumb Code   280  my.o(.text.USART1_function)
    UsageFault_Handler                       0x08005965   Thumb Code     2  stm32g4xx_it.o(.text.UsageFault_Handler)
    get_time                                 0x080059dd   Thumb Code    12  my.o(.text.get_time)
    get_time_task                            0x080059e9   Thumb Code    20  my.o(.text.get_time_task)
    main                                     0x080059fd   Thumb Code    58  main.o(.text.main)
    _get_lc_ctype                            0x08005a39   Thumb Code    44  lc_ctype_c.o(locale$$code)
    _fp_init                                 0x08005a65   Thumb Code    26  fpinit.o(x$fpl$fpinit)
    __fplib_config_fpu_vfp                   0x08005a7d   Thumb Code     0  fpinit.o(x$fpl$fpinit)
    __fplib_config_pureend_doubles           0x08005a7d   Thumb Code     0  fpinit.o(x$fpl$fpinit)
    AHBPrescTable                            0x08005a7e   Data          16  system_stm32g4xx.o(.rodata.AHBPrescTable)
    APBPrescTable                            0x08005a8e   Data           8  system_stm32g4xx.o(.rodata.APBPrescTable)
    ASCII_Table                              0x08005a96   Data        4560  lcd.o(.rodata.ASCII_Table)
    UARTPrescTable                           0x08006c66   Data          24  stm32g4xx_hal_uart.o(.rodata.UARTPrescTable)
    Region$$Table$$Base                      0x08006d00   Number         0  anon$$obj.o(Region$$Table)
    Region$$Table$$Limit                     0x08006d20   Number         0  anon$$obj.o(Region$$Table)
    __ctype                                  0x08006d2d   Data           0  lc_ctype_c.o(locale$$data)
    CAPTURE_MODE                             0x20000002   Data           1  my.o(.data.CAPTURE_MODE)
    LCD_State                                0x20000006   Data           2  my.o(.data.LCD_State)
    SystemCoreClock                          0x20000008   Data           4  system_stm32g4xx.o(.data.SystemCoreClock)
    uwTickFreq                               0x2000000c   Data           4  stm32g4xx_hal.o(.data.uwTickFreq)
    uwTickPrio                               0x20000010   Data           4  stm32g4xx_hal.o(.data.uwTickPrio)
    __libspace_start                         0x20000018   Data          96  libspace.o(.bss)
    Data                                     0x20000078   Data           6  my.o(.bss.Data)
    __temporary_stack_top$libspace           0x20000078   Data           0  libspace.o(.bss)
    KEY_DOWN                                 0x20000080   Data           1  my.o(.bss.KEY_DOWN)
    KEY_UP                                   0x20000081   Data           1  my.o(.bss.KEY_UP)
    KEY_VALUE                                0x20000082   Data           1  my.o(.bss.KEY_VALUE)
    LCD_Line_BUFF                            0x20000084   Data         200  my.o(.bss.LCD_Line_BUFF)
    PWM_ic                                   0x2000014c   Data          12  my.o(.bss.PWM_ic)
    PWM_oc                                   0x20000158   Data          16  my.o(.bss.PWM_oc)
    RX_BUFF                                  0x20000168   Data          30  usart.o(.bss.RX_BUFF)
    RX_LEN                                   0x20000186   Data           1  usart.o(.bss.RX_LEN)
    RX_Over_Flag                             0x20000187   Data           1  usart.o(.bss.RX_Over_Flag)
    TASK_TIME                                0x20000188   Data           8  my.o(.bss.TASK_TIME)
    TIM2_CH2                                 0x20000190   Data          20  my.o(.bss.TIM2_CH2)
    TIM2_CH3                                 0x200001a4   Data          20  my.o(.bss.TIM2_CH3)
    dummy                                    0x200001ba   Data           2  lcd.o(.bss.dummy)
    hdma_usart1_rx                           0x200001bc   Data          96  usart.o(.bss.hdma_usart1_rx)
    htim2                                    0x2000021c   Data          76  tim.o(.bss.htim2)
    htim3                                    0x20000268   Data          76  tim.o(.bss.htim3)
    htim6                                    0x200002b4   Data          76  tim.o(.bss.htim6)
    huart1                                   0x20000300   Data         144  usart.o(.bss.huart1)
    sys_time                                 0x20000390   Data           4  my.o(.bss.sys_time)
    uwTick                                   0x20000394   Data           4  stm32g4xx_hal.o(.bss.uwTick)



==============================================================================

Memory Map of the image

  Image Entry point : 0x080001d9

  Load Region LR_IROM1 (Base: 0x08000000, Size: 0x00006e48, Max: 0x00020000, ABSOLUTE)

    Execution Region ER_IROM1 (Exec base: 0x08000000, Load base: 0x08000000, Size: 0x00006e30, Max: 0x00020000, ABSOLUTE)

    Exec Addr    Load Addr    Size         Type   Attr      Idx    E Section Name        Object

    0x08000000   0x08000000   0x000001d8   Data   RO            3    RESET               startup_stm32g431xx.o
    0x080001d8   0x080001d8   0x00000008   Code   RO         1526  * !!!main             c_w.l(__main.o)
    0x080001e0   0x080001e0   0x00000034   Code   RO         1730    !!!scatter          c_w.l(__scatter.o)
    0x08000214   0x08000214   0x0000001a   Code   RO         1732    !!handler_copy      c_w.l(__scatter_copy.o)
    0x0800022e   0x0800022e   0x00000002   PAD
    0x08000230   0x08000230   0x0000001c   Code   RO         1734    !!handler_zi        c_w.l(__scatter_zi.o)
    0x0800024c   0x0800024c   0x00000000   Code   RO         1515    .ARM.Collect$$_printf_percent$$00000000  c_w.l(_printf_percent.o)
    0x0800024c   0x0800024c   0x00000006   Code   RO         1514    .ARM.Collect$$_printf_percent$$00000009  c_w.l(_printf_d.o)
    0x08000252   0x08000252   0x00000004   Code   RO         1539    .ARM.Collect$$_printf_percent$$00000017  c_w.l(_printf_percent_end.o)
    0x08000256   0x08000256   0x00000002   Code   RO         1584    .ARM.Collect$$libinit$$00000000  c_w.l(libinit.o)
    0x08000258   0x08000258   0x00000004   Code   RO         1604    .ARM.Collect$$libinit$$00000001  c_w.l(libinit2.o)
    0x0800025c   0x0800025c   0x00000000   Code   RO         1607    .ARM.Collect$$libinit$$00000004  c_w.l(libinit2.o)
    0x0800025c   0x0800025c   0x00000000   Code   RO         1610    .ARM.Collect$$libinit$$0000000A  c_w.l(libinit2.o)
    0x0800025c   0x0800025c   0x00000000   Code   RO         1612    .ARM.Collect$$libinit$$0000000C  c_w.l(libinit2.o)
    0x0800025c   0x0800025c   0x00000000   Code   RO         1614    .ARM.Collect$$libinit$$0000000E  c_w.l(libinit2.o)
    0x0800025c   0x0800025c   0x00000006   Code   RO         1615    .ARM.Collect$$libinit$$0000000F  c_w.l(libinit2.o)
    0x08000262   0x08000262   0x00000000   Code   RO         1617    .ARM.Collect$$libinit$$00000011  c_w.l(libinit2.o)
    0x08000262   0x08000262   0x0000000c   Code   RO         1618    .ARM.Collect$$libinit$$00000012  c_w.l(libinit2.o)
    0x0800026e   0x0800026e   0x00000000   Code   RO         1619    .ARM.Collect$$libinit$$00000013  c_w.l(libinit2.o)
    0x0800026e   0x0800026e   0x00000000   Code   RO         1621    .ARM.Collect$$libinit$$00000015  c_w.l(libinit2.o)
    0x0800026e   0x0800026e   0x00000000   Code   RO         1623    .ARM.Collect$$libinit$$00000017  c_w.l(libinit2.o)
    0x0800026e   0x0800026e   0x00000000   Code   RO         1625    .ARM.Collect$$libinit$$00000019  c_w.l(libinit2.o)
    0x0800026e   0x0800026e   0x00000000   Code   RO         1627    .ARM.Collect$$libinit$$0000001B  c_w.l(libinit2.o)
    0x0800026e   0x0800026e   0x00000000   Code   RO         1629    .ARM.Collect$$libinit$$0000001D  c_w.l(libinit2.o)
    0x0800026e   0x0800026e   0x00000000   Code   RO         1631    .ARM.Collect$$libinit$$0000001F  c_w.l(libinit2.o)
    0x0800026e   0x0800026e   0x00000000   Code   RO         1633    .ARM.Collect$$libinit$$00000021  c_w.l(libinit2.o)
    0x0800026e   0x0800026e   0x00000000   Code   RO         1635    .ARM.Collect$$libinit$$00000023  c_w.l(libinit2.o)
    0x0800026e   0x0800026e   0x00000000   Code   RO         1637    .ARM.Collect$$libinit$$00000025  c_w.l(libinit2.o)
    0x0800026e   0x0800026e   0x00000000   Code   RO         1641    .ARM.Collect$$libinit$$0000002C  c_w.l(libinit2.o)
    0x0800026e   0x0800026e   0x00000000   Code   RO         1643    .ARM.Collect$$libinit$$0000002E  c_w.l(libinit2.o)
    0x0800026e   0x0800026e   0x00000000   Code   RO         1645    .ARM.Collect$$libinit$$00000030  c_w.l(libinit2.o)
    0x0800026e   0x0800026e   0x00000000   Code   RO         1647    .ARM.Collect$$libinit$$00000032  c_w.l(libinit2.o)
    0x0800026e   0x0800026e   0x00000002   Code   RO         1648    .ARM.Collect$$libinit$$00000033  c_w.l(libinit2.o)
    0x08000270   0x08000270   0x00000002   Code   RO         1685    .ARM.Collect$$libshutdown$$00000000  c_w.l(libshutdown.o)
    0x08000272   0x08000272   0x00000000   Code   RO         1713    .ARM.Collect$$libshutdown$$00000002  c_w.l(libshutdown2.o)
    0x08000272   0x08000272   0x00000000   Code   RO         1715    .ARM.Collect$$libshutdown$$00000004  c_w.l(libshutdown2.o)
    0x08000272   0x08000272   0x00000000   Code   RO         1718    .ARM.Collect$$libshutdown$$00000007  c_w.l(libshutdown2.o)
    0x08000272   0x08000272   0x00000000   Code   RO         1721    .ARM.Collect$$libshutdown$$0000000A  c_w.l(libshutdown2.o)
    0x08000272   0x08000272   0x00000000   Code   RO         1723    .ARM.Collect$$libshutdown$$0000000C  c_w.l(libshutdown2.o)
    0x08000272   0x08000272   0x00000000   Code   RO         1726    .ARM.Collect$$libshutdown$$0000000F  c_w.l(libshutdown2.o)
    0x08000272   0x08000272   0x00000002   Code   RO         1727    .ARM.Collect$$libshutdown$$00000010  c_w.l(libshutdown2.o)
    0x08000274   0x08000274   0x00000000   Code   RO         1528    .ARM.Collect$$rtentry$$00000000  c_w.l(__rtentry.o)
    0x08000274   0x08000274   0x00000000   Code   RO         1547    .ARM.Collect$$rtentry$$00000002  c_w.l(__rtentry2.o)
    0x08000274   0x08000274   0x00000006   Code   RO         1559    .ARM.Collect$$rtentry$$00000004  c_w.l(__rtentry4.o)
    0x0800027a   0x0800027a   0x00000000   Code   RO         1549    .ARM.Collect$$rtentry$$00000009  c_w.l(__rtentry2.o)
    0x0800027a   0x0800027a   0x00000004   Code   RO         1550    .ARM.Collect$$rtentry$$0000000A  c_w.l(__rtentry2.o)
    0x0800027e   0x0800027e   0x00000000   Code   RO         1552    .ARM.Collect$$rtentry$$0000000C  c_w.l(__rtentry2.o)
    0x0800027e   0x0800027e   0x00000008   Code   RO         1553    .ARM.Collect$$rtentry$$0000000D  c_w.l(__rtentry2.o)
    0x08000286   0x08000286   0x00000002   Code   RO         1588    .ARM.Collect$$rtexit$$00000000  c_w.l(rtexit.o)
    0x08000288   0x08000288   0x00000000   Code   RO         1654    .ARM.Collect$$rtexit$$00000002  c_w.l(rtexit2.o)
    0x08000288   0x08000288   0x00000004   Code   RO         1655    .ARM.Collect$$rtexit$$00000003  c_w.l(rtexit2.o)
    0x0800028c   0x0800028c   0x00000006   Code   RO         1656    .ARM.Collect$$rtexit$$00000004  c_w.l(rtexit2.o)
    0x08000292   0x08000292   0x00000002   PAD
    0x08000294   0x08000294   0x00000040   Code   RO            4    .text               startup_stm32g431xx.o
    0x080002d4   0x080002d4   0x000000f0   Code   RO         1484    .text               c_w.l(lludivv7m.o)
    0x080003c4   0x080003c4   0x00000028   Code   RO         1488    .text               c_w.l(noretval__2sprintf.o)
    0x080003ec   0x080003ec   0x00000068   Code   RO         1490    .text               c_w.l(__printf.o)
    0x08000454   0x08000454   0x00000078   Code   RO         1492    .text               c_w.l(_printf_dec.o)
    0x080004cc   0x080004cc   0x0000003c   Code   RO         1516    .text               c_w.l(__0sscanf.o)
    0x08000508   0x08000508   0x0000014c   Code   RO         1518    .text               c_w.l(_scanf_int.o)
    0x08000654   0x08000654   0x000000e0   Code   RO         1520    .text               c_w.l(_scanf_str.o)
    0x08000734   0x08000734   0x0000004e   Code   RO         1522    .text               c_w.l(rt_memclr_w.o)
    0x08000782   0x08000782   0x00000006   Code   RO         1524    .text               c_w.l(heapauxi.o)
    0x08000788   0x08000788   0x000000b2   Code   RO         1533    .text               c_w.l(_printf_intcommon.o)
    0x0800083a   0x0800083a   0x00000002   PAD
    0x0800083c   0x0800083c   0x00000030   Code   RO         1535    .text               c_w.l(_printf_char_common.o)
    0x0800086c   0x0800086c   0x0000000a   Code   RO         1537    .text               c_w.l(_sputc.o)
    0x08000876   0x08000876   0x0000001c   Code   RO         1540    .text               c_w.l(_chval.o)
    0x08000892   0x08000892   0x00000002   PAD
    0x08000894   0x08000894   0x0000002c   Code   RO         1542    .text               c_w.l(scanf_char.o)
    0x080008c0   0x080008c0   0x00000040   Code   RO         1544    .text               c_w.l(_sgetc.o)
    0x08000900   0x08000900   0x00000012   Code   RO         1563    .text               c_w.l(isspace.o)
    0x08000912   0x08000912   0x00000002   PAD
    0x08000914   0x08000914   0x00000374   Code   RO         1567    .text               c_w.l(_scanf.o)
    0x08000c88   0x08000c88   0x0000004a   Code   RO         1569    .text               c_w.l(sys_stackheap_outer.o)
    0x08000cd2   0x08000cd2   0x00000002   PAD
    0x08000cd4   0x08000cd4   0x00000010   Code   RO         1571    .text               c_w.l(rt_ctype_table.o)
    0x08000ce4   0x08000ce4   0x00000012   Code   RO         1573    .text               c_w.l(exit.o)
    0x08000cf6   0x08000cf6   0x00000002   PAD
    0x08000cf8   0x08000cf8   0x00000008   Code   RO         1585    .text               c_w.l(libspace.o)
    0x08000d00   0x08000d00   0x00000008   Code   RO         1595    .text               c_w.l(rt_locale_intlibspace.o)
    0x08000d08   0x08000d08   0x0000000c   Code   RO         1649    .text               c_w.l(sys_exit.o)
    0x08000d14   0x08000d14   0x00000004   PAD
    0x08000d18   0x08000d18   0x0000007c   Code   RO         1664    .text               c_w.l(strcmpv7em.o)
    0x08000d94   0x08000d94   0x00000002   Code   RO         1674    .text               c_w.l(use_no_semi.o)
    0x08000d96   0x08000d96   0x00000000   Code   RO         1676    .text               c_w.l(indicate_semi.o)
    0x08000d96   0x08000d96   0x00000002   PAD
    0x08000d98   0x08000d98   0x0000001e   Code   RO         1418    .text.Add_Space     my.o
    0x08000db6   0x08000db6   0x00000002   PAD
    0x08000db8   0x08000db8   0x00000002   Code   RO           93    .text.BusFault_Handler  stm32g4xx_it.o
    0x08000dba   0x08000dba   0x00000002   PAD
    0x08000dbc   0x08000dbc   0x00000010   Code   RO          105    .text.DMA1_Channel1_IRQHandler  stm32g4xx_it.o
    0x08000dcc   0x08000dcc   0x0000004a   Code   RO          925    .text.DMA_CalcDMAMUXChannelBaseAndMask  stm32g4xx_hal_dma.o
    0x08000e16   0x08000e16   0x00000002   PAD
    0x08000e18   0x08000e18   0x00000026   Code   RO          927    .text.DMA_CalcDMAMUXRequestGenBaseAndMask  stm32g4xx_hal_dma.o
    0x08000e3e   0x08000e3e   0x00000002   PAD
    0x08000e40   0x08000e40   0x00000046   Code   RO          933    .text.DMA_SetConfig  stm32g4xx_hal_dma.o
    0x08000e86   0x08000e86   0x00000002   PAD
    0x08000e88   0x08000e88   0x00000002   Code   RO           99    .text.DebugMon_Handler  stm32g4xx_it.o
    0x08000e8a   0x08000e8a   0x00000002   PAD
    0x08000e8c   0x08000e8c   0x00000056   Code   RO         1438    .text.EEPROM_Read   my.o
    0x08000ee2   0x08000ee2   0x00000002   PAD
    0x08000ee4   0x08000ee4   0x0000003c   Code   RO         1434    .text.EEPROM_Write  my.o
    0x08000f20   0x08000f20   0x0000000a   Code   RO           15    .text.Error_Handler  main.o
    0x08000f2a   0x08000f2a   0x00000002   PAD
    0x08000f2c   0x08000f2c   0x00000184   Code   RO         1428    .text.FlagRun_function  my.o
    0x080010b0   0x080010b0   0x00000030   Code   RO         1406    .text.GPIO_OUT      my.o
    0x080010e0   0x080010e0   0x0000006e   Code   RO          937    .text.HAL_DMA_Abort  stm32g4xx_hal_dma.o
    0x0800114e   0x0800114e   0x00000002   PAD
    0x08001150   0x08001150   0x0000007a   Code   RO          939    .text.HAL_DMA_Abort_IT  stm32g4xx_hal_dma.o
    0x080011ca   0x080011ca   0x00000002   PAD
    0x080011cc   0x080011cc   0x00000004   Code   RO          951    .text.HAL_DMA_GetError  stm32g4xx_hal_dma.o
    0x080011d0   0x080011d0   0x000000aa   Code   RO          943    .text.HAL_DMA_IRQHandler  stm32g4xx_hal_dma.o
    0x0800127a   0x0800127a   0x00000002   PAD
    0x0800127c   0x0800127c   0x000000d8   Code   RO          923    .text.HAL_DMA_Init  stm32g4xx_hal_dma.o
    0x08001354   0x08001354   0x0000008a   Code   RO          935    .text.HAL_DMA_Start_IT  stm32g4xx_hal_dma.o
    0x080013de   0x080013de   0x00000002   PAD
    0x080013e0   0x080013e0   0x00000028   Code   RO          626    .text.HAL_Delay     stm32g4xx_hal.o
    0x08001408   0x08001408   0x0000019e   Code   RO          873    .text.HAL_GPIO_Init  stm32g4xx_hal_gpio.o
    0x080015a6   0x080015a6   0x00000002   PAD
    0x080015a8   0x080015a8   0x0000000a   Code   RO          877    .text.HAL_GPIO_ReadPin  stm32g4xx_hal_gpio.o
    0x080015b2   0x080015b2   0x00000002   PAD
    0x080015b4   0x080015b4   0x0000000c   Code   RO          879    .text.HAL_GPIO_WritePin  stm32g4xx_hal_gpio.o
    0x080015c0   0x080015c0   0x0000000c   Code   RO          618    .text.HAL_GetTick   stm32g4xx_hal.o
    0x080015cc   0x080015cc   0x0000001a   Code   RO          616    .text.HAL_IncTick   stm32g4xx_hal.o
    0x080015e6   0x080015e6   0x00000002   PAD
    0x080015e8   0x080015e8   0x0000001e   Code   RO          606    .text.HAL_Init      stm32g4xx_hal.o
    0x08001606   0x08001606   0x00000002   PAD
    0x08001608   0x08001608   0x00000056   Code   RO          608    .text.HAL_InitTick  stm32g4xx_hal.o
    0x0800165e   0x0800165e   0x00000002   PAD
    0x08001660   0x08001660   0x00000038   Code   RO          120    .text.HAL_MspInit   stm32g4xx_hal_msp.o
    0x08001698   0x08001698   0x00000008   Code   RO         1031    .text.HAL_NVIC_EnableIRQ  stm32g4xx_hal_cortex.o
    0x080016a0   0x080016a0   0x0000001e   Code   RO         1023    .text.HAL_NVIC_SetPriority  stm32g4xx_hal_cortex.o
    0x080016be   0x080016be   0x00000002   PAD
    0x080016c0   0x080016c0   0x00000008   Code   RO         1019    .text.HAL_NVIC_SetPriorityGrouping  stm32g4xx_hal_cortex.o
    0x080016c8   0x080016c8   0x000000ee   Code   RO          526    .text.HAL_PWREx_ControlVoltageScaling  stm32g4xx_hal_pwr_ex.o
    0x080017b6   0x080017b6   0x00000002   PAD
    0x080017b8   0x080017b8   0x00000012   Code   RO          596    .text.HAL_PWREx_DisableUCPDDeadBattery  stm32g4xx_hal_pwr_ex.o
    0x080017ca   0x080017ca   0x00000002   PAD
    0x080017cc   0x080017cc   0x00000292   Code   RO          727    .text.HAL_RCCEx_PeriphCLKConfig  stm32g4xx_hal_rcc_ex.o
    0x08001a5e   0x08001a5e   0x00000002   PAD
    0x08001a60   0x08001a60   0x00000206   Code   RO          691    .text.HAL_RCC_ClockConfig  stm32g4xx_hal_rcc.o
    0x08001c66   0x08001c66   0x00000002   PAD
    0x08001c68   0x08001c68   0x0000000c   Code   RO          699    .text.HAL_RCC_GetHCLKFreq  stm32g4xx_hal_rcc.o
    0x08001c74   0x08001c74   0x00000026   Code   RO          701    .text.HAL_RCC_GetPCLK1Freq  stm32g4xx_hal_rcc.o
    0x08001c9a   0x08001c9a   0x00000002   PAD
    0x08001c9c   0x08001c9c   0x00000026   Code   RO          703    .text.HAL_RCC_GetPCLK2Freq  stm32g4xx_hal_rcc.o
    0x08001cc2   0x08001cc2   0x00000002   PAD
    0x08001cc4   0x08001cc4   0x0000007a   Code   RO          695    .text.HAL_RCC_GetSysClockFreq  stm32g4xx_hal_rcc.o
    0x08001d3e   0x08001d3e   0x00000002   PAD
    0x08001d40   0x08001d40   0x0000047c   Code   RO          689    .text.HAL_RCC_OscConfig  stm32g4xx_hal_rcc.o
    0x080021bc   0x080021bc   0x00000008   Code   RO         1043    .text.HAL_SYSTICK_Config  stm32g4xx_hal_cortex.o
    0x080021c4   0x080021c4   0x00000002   Code   RO          502    .text.HAL_TIMEx_Break2Callback  stm32g4xx_hal_tim_ex.o
    0x080021c6   0x080021c6   0x00000002   PAD
    0x080021c8   0x080021c8   0x00000002   Code   RO          500    .text.HAL_TIMEx_BreakCallback  stm32g4xx_hal_tim_ex.o
    0x080021ca   0x080021ca   0x00000002   PAD
    0x080021cc   0x080021cc   0x00000002   Code   RO          496    .text.HAL_TIMEx_CommutCallback  stm32g4xx_hal_tim_ex.o
    0x080021ce   0x080021ce   0x00000002   PAD
    0x080021d0   0x080021d0   0x00000002   Code   RO          506    .text.HAL_TIMEx_DirectionChangeCallback  stm32g4xx_hal_tim_ex.o
    0x080021d2   0x080021d2   0x00000002   PAD
    0x080021d4   0x080021d4   0x00000002   Code   RO          504    .text.HAL_TIMEx_EncoderIndexCallback  stm32g4xx_hal_tim_ex.o
    0x080021d6   0x080021d6   0x00000002   PAD
    0x080021d8   0x080021d8   0x00000002   Code   RO          508    .text.HAL_TIMEx_IndexErrorCallback  stm32g4xx_hal_tim_ex.o
    0x080021da   0x080021da   0x00000002   PAD
    0x080021dc   0x080021dc   0x000000a8   Code   RO          446    .text.HAL_TIMEx_MasterConfigSynchronization  stm32g4xx_hal_tim_ex.o
    0x08002284   0x08002284   0x00000002   Code   RO          510    .text.HAL_TIMEx_TransitionErrorCallback  stm32g4xx_hal_tim_ex.o
    0x08002286   0x08002286   0x00000002   PAD
    0x08002288   0x08002288   0x00000062   Code   RO          128    .text.HAL_TIM_Base_Init  stm32g4xx_hal_tim.o
    0x080022ea   0x080022ea   0x00000002   PAD
    0x080022ec   0x080022ec   0x000000ce   Code   RO           51    .text.HAL_TIM_Base_MspInit  tim.o
    0x080023ba   0x080023ba   0x00000002   PAD
    0x080023bc   0x080023bc   0x0000009e   Code   RO          142    .text.HAL_TIM_Base_Start_IT  stm32g4xx_hal_tim.o
    0x0800245a   0x0800245a   0x00000002   PAD
    0x0800245c   0x0800245c   0x00000114   Code   RO          324    .text.HAL_TIM_ConfigClockSource  stm32g4xx_hal_tim.o
    0x08002570   0x08002570   0x0000013c   Code   RO         1424    .text.HAL_TIM_IC_CaptureCallback  my.o
    0x080026ac   0x080026ac   0x00000098   Code   RO          288    .text.HAL_TIM_IC_ConfigChannel  stm32g4xx_hal_tim.o
    0x08002744   0x08002744   0x00000062   Code   RO          202    .text.HAL_TIM_IC_Init  stm32g4xx_hal_tim.o
    0x080027a6   0x080027a6   0x00000002   PAD
    0x080027a8   0x080027a8   0x00000002   Code   RO          204    .text.HAL_TIM_IC_MspInit  stm32g4xx_hal_tim.o
    0x080027aa   0x080027aa   0x00000002   PAD
    0x080027ac   0x080027ac   0x00000180   Code   RO          214    .text.HAL_TIM_IC_Start_IT  stm32g4xx_hal_tim.o
    0x0800292c   0x0800292c   0x000000d8   Code   RO          216    .text.HAL_TIM_IC_Stop_IT  stm32g4xx_hal_tim.o
    0x08002a04   0x08002a04   0x00000200   Code   RO          262    .text.HAL_TIM_IRQHandler  stm32g4xx_hal_tim.o
    0x08002c04   0x08002c04   0x00000058   Code   RO           47    .text.HAL_TIM_MspPostInit  tim.o
    0x08002c5c   0x08002c5c   0x00000060   Code   RO          274    .text.HAL_TIM_OC_ConfigChannel  stm32g4xx_hal_tim.o
    0x08002cbc   0x08002cbc   0x000000a8   Code   RO         1422    .text.HAL_TIM_OC_DelayElapsedCallback  my.o
    0x08002d64   0x08002d64   0x00000062   Code   RO          156    .text.HAL_TIM_OC_Init  stm32g4xx_hal_tim.o
    0x08002dc6   0x08002dc6   0x00000002   PAD
    0x08002dc8   0x08002dc8   0x00000002   Code   RO          158    .text.HAL_TIM_OC_MspInit  stm32g4xx_hal_tim.o
    0x08002dca   0x08002dca   0x00000002   PAD
    0x08002dcc   0x08002dcc   0x0000018c   Code   RO          170    .text.HAL_TIM_OC_Start_IT  stm32g4xx_hal_tim.o
    0x08002f58   0x08002f58   0x000000f0   Code   RO          172    .text.HAL_TIM_OC_Stop_IT  stm32g4xx_hal_tim.o
    0x08003048   0x08003048   0x00000002   Code   RO          268    .text.HAL_TIM_PWM_PulseFinishedCallback  stm32g4xx_hal_tim.o
    0x0800304a   0x0800304a   0x00000002   PAD
    0x0800304c   0x0800304c   0x00000048   Code   RO         1454    .text.HAL_TIM_PeriodElapsedCallback  my.o
    0x08003094   0x08003094   0x00000002   Code   RO          272    .text.HAL_TIM_TriggerCallback  stm32g4xx_hal_tim.o
    0x08003096   0x08003096   0x00000002   PAD
    0x08003098   0x08003098   0x00000036   Code   RO         1262    .text.HAL_UARTEx_DisableFifoMode  stm32g4xx_hal_uart_ex.o
    0x080030ce   0x080030ce   0x00000002   PAD
    0x080030d0   0x080030d0   0x00000002   Code   RO         1185    .text.HAL_UARTEx_RxEventCallback  stm32g4xx_hal_uart.o
    0x080030d2   0x080030d2   0x00000002   PAD
    0x080030d4   0x080030d4   0x00000002   Code   RO         1244    .text.HAL_UARTEx_RxFifoFullCallback  stm32g4xx_hal_uart_ex.o
    0x080030d6   0x080030d6   0x00000002   PAD
    0x080030d8   0x080030d8   0x0000004a   Code   RO         1266    .text.HAL_UARTEx_SetRxFifoThreshold  stm32g4xx_hal_uart_ex.o
    0x08003122   0x08003122   0x00000002   PAD
    0x08003124   0x08003124   0x0000004a   Code   RO         1264    .text.HAL_UARTEx_SetTxFifoThreshold  stm32g4xx_hal_uart_ex.o
    0x0800316e   0x0800316e   0x00000002   PAD
    0x08003170   0x08003170   0x00000002   Code   RO         1246    .text.HAL_UARTEx_TxFifoEmptyCallback  stm32g4xx_hal_uart_ex.o
    0x08003172   0x08003172   0x00000002   PAD
    0x08003174   0x08003174   0x00000002   Code   RO         1242    .text.HAL_UARTEx_WakeupCallback  stm32g4xx_hal_uart_ex.o
    0x08003176   0x08003176   0x00000002   PAD
    0x08003178   0x08003178   0x0000009c   Code   RO         1147    .text.HAL_UART_DMAStop  stm32g4xx_hal_uart.o
    0x08003214   0x08003214   0x00000002   Code   RO         1183    .text.HAL_UART_ErrorCallback  stm32g4xx_hal_uart.o
    0x08003216   0x08003216   0x00000002   PAD
    0x08003218   0x08003218   0x000002f8   Code   RO         1179    .text.HAL_UART_IRQHandler  stm32g4xx_hal_uart.o
    0x08003510   0x08003510   0x00000062   Code   RO         1091    .text.HAL_UART_Init  stm32g4xx_hal_uart.o
    0x08003572   0x08003572   0x00000002   PAD
    0x08003574   0x08003574   0x000000d4   Code   RO           68    .text.HAL_UART_MspInit  usart.o
    0x08003648   0x08003648   0x0000006a   Code   RO         1139    .text.HAL_UART_Receive_DMA  stm32g4xx_hal_uart.o
    0x080036b2   0x080036b2   0x00000002   PAD
    0x080036b4   0x080036b4   0x00000002   Code   RO         1193    .text.HAL_UART_RxCpltCallback  stm32g4xx_hal_uart.o
    0x080036b6   0x080036b6   0x00000002   PAD
    0x080036b8   0x080036b8   0x00000002   Code   RO         1195    .text.HAL_UART_RxHalfCpltCallback  stm32g4xx_hal_uart.o
    0x080036ba   0x080036ba   0x00000002   PAD
    0x080036bc   0x080036bc   0x00000002   Code   RO         1189    .text.HAL_UART_TxCpltCallback  stm32g4xx_hal_uart.o
    0x080036be   0x080036be   0x00000002   PAD
    0x080036c0   0x080036c0   0x00000002   Code   RO           89    .text.HardFault_Handler  stm32g4xx_it.o
    0x080036c2   0x080036c2   0x00000002   PAD
    0x080036c4   0x080036c4   0x00000028   Code   RO         1322    .text.I2CInit       i2c_hal.o
    0x080036ec   0x080036ec   0x00000034   Code   RO         1320    .text.I2CReceiveByte  i2c_hal.o
    0x08003720   0x08003720   0x00000016   Code   RO         1314    .text.I2CSendAck    i2c_hal.o
    0x08003736   0x08003736   0x00000002   PAD
    0x08003738   0x08003738   0x0000002c   Code   RO         1318    .text.I2CSendByte   i2c_hal.o
    0x08003764   0x08003764   0x00000016   Code   RO         1316    .text.I2CSendNotAck  i2c_hal.o
    0x0800377a   0x0800377a   0x00000002   PAD
    0x0800377c   0x0800377c   0x0000001c   Code   RO         1308    .text.I2CStart      i2c_hal.o
    0x08003798   0x08003798   0x0000001c   Code   RO         1310    .text.I2CStop       i2c_hal.o
    0x080037b4   0x080037b4   0x00000038   Code   RO         1312    .text.I2CWaitAck    i2c_hal.o
    0x080037ec   0x080037ec   0x00000070   Code   RO         1440    .text.KEY_Proc      my.o
    0x0800385c   0x0800385c   0x000000ae   Code   RO         1442    .text.KEY_function  my.o
    0x0800390a   0x0800390a   0x00000002   PAD
    0x0800390c   0x0800390c   0x00000028   Code   RO         1380    .text.LCD_BusIn     lcd.o
    0x08003934   0x08003934   0x0000002a   Code   RO         1382    .text.LCD_BusOut    lcd.o
    0x0800395e   0x0800395e   0x00000002   PAD
    0x08003960   0x08003960   0x00000020   Code   RO         1354    .text.LCD_Clear     lcd.o
    0x08003980   0x08003980   0x000000a0   Code   RO         1342    .text.LCD_CtrlLinesConfig  lcd.o
    0x08003a20   0x08003a20   0x00000096   Code   RO         1448    .text.LCD_Dis       my.o
    0x08003ab6   0x08003ab6   0x00000002   PAD
    0x08003ab8   0x08003ab8   0x0000001e   Code   RO         1364    .text.LCD_DisplayChar  lcd.o
    0x08003ad6   0x08003ad6   0x00000002   PAD
    0x08003ad8   0x08003ad8   0x00000030   Code   RO         1352    .text.LCD_DisplayStringLine  lcd.o
    0x08003b08   0x08003b08   0x0000005c   Code   RO         1362    .text.LCD_DrawChar  lcd.o
    0x08003b64   0x08003b64   0x00000034   Code   RO         1340    .text.LCD_Init      lcd.o
    0x08003b98   0x08003b98   0x00000088   Code   RO         1344    .text.LCD_ReadReg   lcd.o
    0x08003c20   0x08003c20   0x00000018   Code   RO         1348    .text.LCD_SetBackColor  lcd.o
    0x08003c38   0x08003c38   0x00000016   Code   RO         1356    .text.LCD_SetCursor  lcd.o
    0x08003c4e   0x08003c4e   0x00000002   PAD
    0x08003c50   0x08003c50   0x00000018   Code   RO         1346    .text.LCD_SetTextColor  lcd.o
    0x08003c68   0x08003c68   0x0000005c   Code   RO         1360    .text.LCD_WriteRAM  lcd.o
    0x08003cc4   0x08003cc4   0x0000005e   Code   RO         1358    .text.LCD_WriteRAM_Prepare  lcd.o
    0x08003d22   0x08003d22   0x00000002   PAD
    0x08003d24   0x08003d24   0x00000072   Code   RO         1336    .text.LCD_WriteReg  lcd.o
    0x08003d96   0x08003d96   0x00000002   PAD
    0x08003d98   0x08003d98   0x00000048   Code   RO         1446    .text.LCD_function  my.o
    0x08003de0   0x08003de0   0x00000034   Code   RO         1426    .text.LED_Dis       my.o
    0x08003e14   0x08003e14   0x00000044   Code   RO           34    .text.MX_DMA_Init   dma.o
    0x08003e58   0x08003e58   0x0000016c   Code   RO           25    .text.MX_GPIO_Init  gpio.o
    0x08003fc4   0x08003fc4   0x000000d0   Code   RO           43    .text.MX_TIM2_Init  tim.o
    0x08004094   0x08004094   0x000000e8   Code   RO           45    .text.MX_TIM3_Init  tim.o
    0x0800417c   0x0800417c   0x00000054   Code   RO           49    .text.MX_TIM6_Init  tim.o
    0x080041d0   0x080041d0   0x000000a0   Code   RO           66    .text.MX_USART1_UART_Init  usart.o
    0x08004270   0x08004270   0x00000002   Code   RO           91    .text.MemManage_Handler  stm32g4xx_it.o
    0x08004272   0x08004272   0x00000002   PAD
    0x08004274   0x08004274   0x00000002   Code   RO           87    .text.NMI_Handler   stm32g4xx_it.o
    0x08004276   0x08004276   0x00000002   PAD
    0x08004278   0x08004278   0x0000002c   Code   RO         1029    .text.NVIC_EncodePriority  stm32g4xx_hal_cortex.o
    0x080042a4   0x080042a4   0x00000020   Code   RO         1408    .text.PWM_OC        my.o
    0x080042c4   0x080042c4   0x0000002e   Code   RO         1436    .text.PWM_Read      my.o
    0x080042f2   0x080042f2   0x00000002   PAD
    0x080042f4   0x080042f4   0x00000034   Code   RO         1416    .text.PWM_SET_PA6   my.o
    0x08004328   0x08004328   0x00000034   Code   RO         1420    .text.PWM_SET_PA7   my.o
    0x0800435c   0x0800435c   0x00000028   Code   RO         1430    .text.PWM_Wirte     my.o
    0x08004384   0x08004384   0x00000002   Code   RO          101    .text.PendSV_Handler  stm32g4xx_it.o
    0x08004386   0x08004386   0x00000002   PAD
    0x08004388   0x08004388   0x00000048   Code   RO          693    .text.RCC_GetSysClockFreqFromPLLSource  stm32g4xx_hal_rcc.o
    0x080043d0   0x080043d0   0x00000118   Code   RO         1334    .text.REG_8230_Init  lcd.o
    0x080044e8   0x080044e8   0x00000200   Code   RO         1338    .text.REG_932X_Init  lcd.o
    0x080046e8   0x080046e8   0x00000018   Code   RO         1304    .text.SCL_Output    i2c_hal.o
    0x08004700   0x08004700   0x0000001a   Code   RO         1306    .text.SDA_Input     i2c_hal.o
    0x0800471a   0x0800471a   0x00000002   PAD
    0x0800471c   0x0800471c   0x00000028   Code   RO         1298    .text.SDA_Input_Mode  i2c_hal.o
    0x08004744   0x08004744   0x00000018   Code   RO         1302    .text.SDA_Output    i2c_hal.o
    0x0800475c   0x0800475c   0x00000028   Code   RO         1300    .text.SDA_Output_Mode  i2c_hal.o
    0x08004784   0x08004784   0x00000002   Code   RO           97    .text.SVC_Handler   stm32g4xx_it.o
    0x08004786   0x08004786   0x00000002   PAD
    0x08004788   0x08004788   0x0000002e   Code   RO         1045    .text.SysTick_Config  stm32g4xx_hal_cortex.o
    0x080047b6   0x080047b6   0x00000002   PAD
    0x080047b8   0x080047b8   0x00000008   Code   RO          103    .text.SysTick_Handler  stm32g4xx_it.o
    0x080047c0   0x080047c0   0x00000068   Code   RO           13    .text.SystemClock_Config  main.o
    0x08004828   0x08004828   0x00000012   Code   RO         1283    .text.SystemInit    system_stm32g4xx.o
    0x0800483a   0x0800483a   0x00000002   PAD
    0x0800483c   0x0800483c   0x0000001c   Code   RO         1452    .text.TASK_TIME_init  my.o
    0x08004858   0x08004858   0x00000070   Code   RO         1450    .text.TASK_init     my.o
    0x080048c8   0x080048c8   0x00000010   Code   RO          107    .text.TIM2_IRQHandler  stm32g4xx_it.o
    0x080048d8   0x080048d8   0x00000010   Code   RO          109    .text.TIM3_IRQHandler  stm32g4xx_it.o
    0x080048e8   0x080048e8   0x00000010   Code   RO          111    .text.TIM6_DAC_IRQHandler  stm32g4xx_it.o
    0x080048f8   0x080048f8   0x000000fe   Code   RO          132    .text.TIM_Base_SetConfig  stm32g4xx_hal_tim.o
    0x080049f6   0x080049f6   0x00000002   PAD
    0x080049f8   0x080049f8   0x00000024   Code   RO          166    .text.TIM_CCxChannelCmd  stm32g4xx_hal_tim.o
    0x08004a1c   0x08004a1c   0x00000016   Code   RO          322    .text.TIM_ETR_SetConfig  stm32g4xx_hal_tim.o
    0x08004a32   0x08004a32   0x00000002   PAD
    0x08004a34   0x08004a34   0x00000166   Code   RO         1410    .text.TIM_IN_function  my.o
    0x08004b9a   0x08004b9a   0x00000002   PAD
    0x08004b9c   0x08004b9c   0x00000016   Code   RO          328    .text.TIM_ITRx_SetConfig  stm32g4xx_hal_tim.o
    0x08004bb2   0x08004bb2   0x00000002   PAD
    0x08004bb4   0x08004bb4   0x0000007e   Code   RO          276    .text.TIM_OC1_SetConfig  stm32g4xx_hal_tim.o
    0x08004c32   0x08004c32   0x00000002   PAD
    0x08004c34   0x08004c34   0x00000090   Code   RO          278    .text.TIM_OC2_SetConfig  stm32g4xx_hal_tim.o
    0x08004cc4   0x08004cc4   0x00000090   Code   RO          280    .text.TIM_OC3_SetConfig  stm32g4xx_hal_tim.o
    0x08004d54   0x08004d54   0x00000090   Code   RO          282    .text.TIM_OC4_SetConfig  stm32g4xx_hal_tim.o
    0x08004de4   0x08004de4   0x0000005e   Code   RO          284    .text.TIM_OC5_SetConfig  stm32g4xx_hal_tim.o
    0x08004e42   0x08004e42   0x00000002   PAD
    0x08004e44   0x08004e44   0x00000060   Code   RO          286    .text.TIM_OC6_SetConfig  stm32g4xx_hal_tim.o
    0x08004ea4   0x08004ea4   0x00000022   Code   RO          326    .text.TIM_TI1_ConfigInputStage  stm32g4xx_hal_tim.o
    0x08004ec6   0x08004ec6   0x00000002   PAD
    0x08004ec8   0x08004ec8   0x00000086   Code   RO          290    .text.TIM_TI1_SetConfig  stm32g4xx_hal_tim.o
    0x08004f4e   0x08004f4e   0x00000002   PAD
    0x08004f50   0x08004f50   0x00000024   Code   RO          330    .text.TIM_TI2_ConfigInputStage  stm32g4xx_hal_tim.o
    0x08004f74   0x08004f74   0x0000003c   Code   RO          292    .text.TIM_TI2_SetConfig  stm32g4xx_hal_tim.o
    0x08004fb0   0x08004fb0   0x00000034   Code   RO          294    .text.TIM_TI3_SetConfig  stm32g4xx_hal_tim.o
    0x08004fe4   0x08004fe4   0x0000003c   Code   RO          296    .text.TIM_TI4_SetConfig  stm32g4xx_hal_tim.o
    0x08005020   0x08005020   0x00000054   Code   RO         1260    .text.UARTEx_SetNbDataToProcess  stm32g4xx_hal_uart_ex.o
    0x08005074   0x08005074   0x000000e6   Code   RO         1097    .text.UART_AdvFeatureConfig  stm32g4xx_hal_uart.o
    0x0800515a   0x0800515a   0x00000002   PAD
    0x0800515c   0x0800515c   0x0000006e   Code   RO         1099    .text.UART_CheckIdleState  stm32g4xx_hal_uart.o
    0x080051ca   0x080051ca   0x00000002   PAD
    0x080051cc   0x080051cc   0x00000014   Code   RO         1181    .text.UART_DMAAbortOnError  stm32g4xx_hal_uart.o
    0x080051e0   0x080051e0   0x00000054   Code   RO         1137    .text.UART_DMAError  stm32g4xx_hal_uart.o
    0x08005234   0x08005234   0x00000086   Code   RO         1227    .text.UART_DMAReceiveCplt  stm32g4xx_hal_uart.o
    0x080052ba   0x080052ba   0x00000002   PAD
    0x080052bc   0x080052bc   0x0000001c   Code   RO         1229    .text.UART_DMARxHalfCplt  stm32g4xx_hal_uart.o
    0x080052d8   0x080052d8   0x0000005a   Code   RO         1151    .text.UART_EndRxTransfer  stm32g4xx_hal_uart.o
    0x08005332   0x08005332   0x00000002   PAD
    0x08005334   0x08005334   0x00000028   Code   RO         1187    .text.UART_EndTransmit_IT  stm32g4xx_hal_uart.o
    0x0800535c   0x0800535c   0x00000030   Code   RO         1149    .text.UART_EndTxTransfer  stm32g4xx_hal_uart.o
    0x0800538c   0x0800538c   0x000002c4   Code   RO         1095    .text.UART_SetConfig  stm32g4xx_hal_uart.o
    0x08005650   0x08005650   0x000000a8   Code   RO         1141    .text.UART_Start_Receive_DMA  stm32g4xx_hal_uart.o
    0x080056f8   0x080056f8   0x000000ec   Code   RO         1113    .text.UART_WaitOnFlagUntilTimeout  stm32g4xx_hal_uart.o
    0x080057e4   0x080057e4   0x00000056   Code   RO           72    .text.USART1_IRQHandler  usart.o
    0x0800583a   0x0800583a   0x00000002   PAD
    0x0800583c   0x0800583c   0x00000128   Code   RO         1432    .text.USART1_function  my.o
    0x08005964   0x08005964   0x00000002   Code   RO           95    .text.UsageFault_Handler  stm32g4xx_it.o
    0x08005966   0x08005966   0x00000002   PAD
    0x08005968   0x08005968   0x00000020   Code   RO         1033    .text.__NVIC_EnableIRQ  stm32g4xx_hal_cortex.o
    0x08005988   0x08005988   0x00000010   Code   RO         1025    .text.__NVIC_GetPriorityGrouping  stm32g4xx_hal_cortex.o
    0x08005998   0x08005998   0x00000022   Code   RO         1027    .text.__NVIC_SetPriority  stm32g4xx_hal_cortex.o
    0x080059ba   0x080059ba   0x00000002   PAD
    0x080059bc   0x080059bc   0x00000020   Code   RO         1021    .text.__NVIC_SetPriorityGrouping  stm32g4xx_hal_cortex.o
    0x080059dc   0x080059dc   0x0000000c   Code   RO         1414    .text.get_time      my.o
    0x080059e8   0x080059e8   0x00000014   Code   RO         1412    .text.get_time_task  my.o
    0x080059fc   0x080059fc   0x0000003a   Code   RO           11    .text.main          main.o
    0x08005a36   0x08005a36   0x00000002   PAD
    0x08005a38   0x08005a38   0x0000002c   Code   RO         1598    locale$$code        c_w.l(lc_ctype_c.o)
    0x08005a64   0x08005a64   0x0000001a   Code   RO         1668    x$fpl$fpinit        fz_wm.l(fpinit.o)
    0x08005a7e   0x08005a7e   0x00000010   Data   RO         1288    .rodata.AHBPrescTable  system_stm32g4xx.o
    0x08005a8e   0x08005a8e   0x00000008   Data   RO         1289    .rodata.APBPrescTable  system_stm32g4xx.o
    0x08005a96   0x08005a96   0x000011d0   Data   RO         1394    .rodata.ASCII_Table  lcd.o
    0x08006c66   0x08006c66   0x00000018   Data   RO         1231    .rodata.UARTPrescTable  stm32g4xx_hal_uart.o
    0x08006c7e   0x08006c7e   0x00000010   Data   RO         1274    .rodata.cst8        stm32g4xx_hal_uart_ex.o
    0x08006c8e   0x08006c8e   0x0000004a   Data   RO         1466    .rodata.str1.1      my.o
    0x08006cd8   0x08006cd8   0x00000028   Data   RO         1469    .rodata.str1.4      my.o
    0x08006d00   0x08006d00   0x00000020   Data   RO         1729    Region$$Table       anon$$obj.o
    0x08006d20   0x08006d20   0x00000110   Data   RO         1597    locale$$data        c_w.l(lc_ctype_c.o)


    Execution Region RW_IRAM1 (Exec base: 0x20000000, Load base: 0x08006e30, Size: 0x00000998, Max: 0x00008000, ABSOLUTE)

    Exec Addr    Load Addr    Size         Type   Attr      Idx    E Section Name        Object

    0x20000000   0x08006e30   0x00000002   Data   RW         1397    .data.BackColor     lcd.o
    0x20000002   0x08006e32   0x00000001   Data   RW         1464    .data.CAPTURE_MODE  my.o
    0x20000003   0x08006e33   0x00000001   Data   RW         1467    .data.HAL_TIM_OC_DelayElapsedCallback.pwm1  my.o
    0x20000004   0x08006e34   0x00000001   Data   RW         1468    .data.HAL_TIM_OC_DelayElapsedCallback.pwm2  my.o
    0x20000005   0x08006e35   0x00000001   PAD
    0x20000006   0x08006e36   0x00000002   Data   RW         1463    .data.LCD_State     my.o
    0x20000008   0x08006e38   0x00000004   Data   RW         1287    .data.SystemCoreClock  system_stm32g4xx.o
    0x2000000c   0x08006e3c   0x00000004   Data   RW          677    .data.uwTickFreq    stm32g4xx_hal.o
    0x20000010   0x08006e40   0x00000004   Data   RW          676    .data.uwTickPrio    stm32g4xx_hal.o
    0x20000014   0x08006e44   0x00000004   PAD
    0x20000018        -       0x00000060   Zero   RW         1586    .bss                c_w.l(libspace.o)
    0x20000078        -       0x00000006   Zero   RW         1459    .bss.Data           my.o
    0x2000007e        -       0x00000002   Zero   RW         1474    .bss.HAL_TIM_PeriodElapsedCallback.timer_200ms  my.o
    0x20000080        -       0x00000001   Zero   RW         1473    .bss.KEY_DOWN       my.o
    0x20000081        -       0x00000001   Zero   RW         1472    .bss.KEY_UP         my.o
    0x20000082        -       0x00000001   Zero   RW         1471    .bss.KEY_VALUE      my.o
    0x20000083        -       0x00000001   Zero   RW         1470    .bss.KEY_function.Old_VALUE  my.o
    0x20000084        -       0x000000c8   Zero   RW         1462    .bss.LCD_Line_BUFF  my.o
    0x2000014c        -       0x0000000c   Zero   RW         1460    .bss.PWM_ic         my.o
    0x20000158        -       0x00000010   Zero   RW         1458    .bss.PWM_oc         my.o
    0x20000168        -       0x0000001e   Zero   RW           77    .bss.RX_BUFF        usart.o
    0x20000186        -       0x00000001   Zero   RW           74    .bss.RX_LEN         usart.o
    0x20000187        -       0x00000001   Zero   RW           75    .bss.RX_Over_Flag   usart.o
    0x20000188        -       0x00000008   Zero   RW         1465    .bss.TASK_TIME      my.o
    0x20000190        -       0x00000014   Zero   RW         1456    .bss.TIM2_CH2       my.o
    0x200001a4        -       0x00000014   Zero   RW         1457    .bss.TIM2_CH3       my.o
    0x200001b8        -       0x00000002   Zero   RW         1396    .bss.TextColor      lcd.o
    0x200001ba        -       0x00000002   Zero   RW         1395    .bss.dummy          lcd.o
    0x200001bc        -       0x00000060   Zero   RW           78    .bss.hdma_usart1_rx  usart.o
    0x2000021c        -       0x0000004c   Zero   RW           55    .bss.htim2          tim.o
    0x20000268        -       0x0000004c   Zero   RW           56    .bss.htim3          tim.o
    0x200002b4        -       0x0000004c   Zero   RW           57    .bss.htim6          tim.o
    0x20000300        -       0x00000090   Zero   RW           76    .bss.huart1         usart.o
    0x20000390        -       0x00000004   Zero   RW         1461    .bss.sys_time       my.o
    0x20000394        -       0x00000004   Zero   RW          678    .bss.uwTick         stm32g4xx_hal.o
    0x20000398        -       0x00000200   Zero   RW            2    HEAP                startup_stm32g431xx.o
    0x20000598        -       0x00000400   Zero   RW            1    STACK               startup_stm32g431xx.o


==============================================================================

Image component sizes


      Code (inc. data)   RO Data    RW Data    ZI Data      Debug   Object Name

        68          0          0          0          0       3224   dma.o
       364          0          0          0          0       2526   gpio.o
       446          0          0          0          0       3136   i2c_hal.o
      1794          0       4560          2          4       9888   lcd.o
       172          0          0          0          0       1636   main.o
      2776         48        114          5        292      12207   my.o
        64         26        472          0       1536        800   startup_stm32g431xx.o
       194          0          0          8          4       8560   stm32g4xx_hal.o
       258          0          0          0          0      10407   stm32g4xx_hal_cortex.o
       942          0          0          0          0       8575   stm32g4xx_hal_dma.o
       436          0          0          0          0       5335   stm32g4xx_hal_gpio.o
        56          0          0          0          0       1565   stm32g4xx_hal_msp.o
       256          0          0          0          0       9479   stm32g4xx_hal_pwr_ex.o
      1948          0          0          0          0       9201   stm32g4xx_hal_rcc.o
       658          0          0          0          0      10578   stm32g4xx_hal_rcc_ex.o
      4190        100          0          0          0      49028   stm32g4xx_hal_tim.o
       182          0          0          0          0      27349   stm32g4xx_hal_tim_ex.o
      3026         62         24          0          0      33031   stm32g4xx_hal_uart.o
       292          0         16          0          0      10040   stm32g4xx_hal_uart_ex.o
        88          0          0          0          0       2291   stm32g4xx_it.o
        18          0         24          4          0       2716   system_stm32g4xx.o
       818          0          0          0        228       9458   tim.o
       458          0          0          0        272       8410   usart.o

    ----------------------------------------------------------------------
     19680        236       5242         20       2340     239440   Object Totals
         0          0         32          0          0          0   (incl. Generated)
       176          0          0          1          4          0   (incl. Padding)

    ----------------------------------------------------------------------

      Code (inc. data)   RO Data    RW Data    ZI Data      Debug   Library Member Name

        60          8          0          0          0         84   __0sscanf.o
         8          0          0          0          0         68   __main.o
       104          0          0          0          0         84   __printf.o
         0          0          0          0          0          0   __rtentry.o
        12          0          0          0          0          0   __rtentry2.o
         6          0          0          0          0          0   __rtentry4.o
        52          8          0          0          0          0   __scatter.o
        26          0          0          0          0          0   __scatter_copy.o
        28          0          0          0          0          0   __scatter_zi.o
        28          0          0          0          0         68   _chval.o
        48          6          0          0          0         96   _printf_char_common.o
         6          0          0          0          0          0   _printf_d.o
       120         16          0          0          0         92   _printf_dec.o
       178          0          0          0          0         88   _printf_intcommon.o
         0          0          0          0          0          0   _printf_percent.o
         4          0          0          0          0          0   _printf_percent_end.o
       884          6          0          0          0        100   _scanf.o
       332          0          0          0          0         96   _scanf_int.o
       224          0          0          0          0         96   _scanf_str.o
        64          0          0          0          0         84   _sgetc.o
        10          0          0          0          0         68   _sputc.o
        18          0          0          0          0         80   exit.o
         6          0          0          0          0        152   heapauxi.o
         0          0          0          0          0          0   indicate_semi.o
        18          0          0          0          0         76   isspace.o
        44         10        272          0          0         76   lc_ctype_c.o
         2          0          0          0          0          0   libinit.o
        24          0          0          0          0          0   libinit2.o
         2          0          0          0          0          0   libshutdown.o
         2          0          0          0          0          0   libshutdown2.o
         8          4          0          0         96         68   libspace.o
       240          0          0          0          0        100   lludivv7m.o
        40          6          0          0          0         84   noretval__2sprintf.o
        16          4          0          0          0         76   rt_ctype_table.o
         8          4          0          0          0         68   rt_locale_intlibspace.o
        78          0          0          0          0         80   rt_memclr_w.o
         2          0          0          0          0          0   rtexit.o
        10          0          0          0          0          0   rtexit2.o
        44          8          0          0          0         84   scanf_char.o
       124          0          0          0          0         88   strcmpv7em.o
        12          4          0          0          0         68   sys_exit.o
        74          0          0          0          0         80   sys_stackheap_outer.o
         2          0          0          0          0         68   use_no_semi.o
        26          0          0          0          0        116   fpinit.o

    ----------------------------------------------------------------------
      3014         88        272          0         96       2388   Library Totals
        20          4          0          0          0          0   (incl. Padding)

    ----------------------------------------------------------------------

      Code (inc. data)   RO Data    RW Data    ZI Data      Debug   Library Name

      2968         84        272          0         96       2272   c_w.l
        26          0          0          0          0        116   fz_wm.l

    ----------------------------------------------------------------------
      3014         88        272          0         96       2388   Library Totals

    ----------------------------------------------------------------------

==============================================================================


      Code (inc. data)   RO Data    RW Data    ZI Data      Debug   

     22694        324       5514         20       2436     240212   Grand Totals
     22694        324       5514         20       2436     240212   ELF Image Totals
     22694        324       5514         20          0          0   ROM Totals

==============================================================================

    Total RO  Size (Code + RO Data)                28208 (  27.55kB)
    Total RW  Size (RW Data + ZI Data)              2456 (   2.40kB)
    Total ROM Size (Code + RO Data + RW Data)      28228 (  27.57kB)

==============================================================================

