Component: ARM Compiler 6.16 Tool: armlink [5dfeaa00]

==============================================================================

Section Cross References

    callback.o(.text.HAL_TIM_PeriodElapsedCallback) refers to tim.o(.bss.htim6) for htim6
    callback.o(.text.HAL_TIM_PeriodElapsedCallback) refers to system.o(.data.System) for System
    callback.o(.ARM.exidx.text.HAL_TIM_PeriodElapsedCallback) refers to callback.o(.text.HAL_TIM_PeriodElapsedCallback) for [Anonymous Symbol]
    callback.o(.text.USART1_IRQHandler) refers to usart.o(.bss.huart1) for huart1
    callback.o(.text.USART1_IRQHandler) refers to my_usart1.o(.data.myUSART1) for myUSART1
    callback.o(.text.USART1_IRQHandler) refers to stm32g4xx_hal_uart.o(.text.HAL_UART_Receive_DMA) for HAL_UART_Receive_DMA
    callback.o(.text.USART1_IRQHandler) refers to stm32g4xx_hal_uart.o(.text.HAL_UART_IRQHandler) for HAL_UART_IRQHandler
    callback.o(.ARM.exidx.text.USART1_IRQHandler) refers to callback.o(.text.USART1_IRQHandler) for [Anonymous Symbol]
    system.o(.text.Hardware_Init) refers to tim.o(.bss.htim6) for htim6
    system.o(.text.Hardware_Init) refers to stm32g4xx_hal_tim.o(.text.HAL_TIM_Base_Start_IT) for HAL_TIM_Base_Start_IT
    system.o(.text.Hardware_Init) refers to i2c_hal.o(.text.I2CInit) for I2CInit
    system.o(.text.Hardware_Init) refers to lcd.o(.text.LCD_Init) for LCD_Init
    system.o(.text.Hardware_Init) refers to lcd.o(.text.LCD_Clear) for LCD_Clear
    system.o(.text.Hardware_Init) refers to lcd.o(.text.LCD_SetBackColor) for LCD_SetBackColor
    system.o(.text.Hardware_Init) refers to lcd.o(.text.LCD_SetTextColor) for LCD_SetTextColor
    system.o(.text.Hardware_Init) refers to led.o(.data.Led) for Led
    system.o(.text.Hardware_Init) refers to adc.o(.bss.hadc2) for hadc2
    system.o(.text.Hardware_Init) refers to stm32g4xx_hal_adc_ex.o(.text.HAL_ADCEx_Calibration_Start) for HAL_ADCEx_Calibration_Start
    system.o(.text.Hardware_Init) refers to my_adc.o(.data.myADC) for myADC
    system.o(.text.Hardware_Init) refers to stm32g4xx_hal_adc.o(.text.HAL_ADC_Start_DMA) for HAL_ADC_Start_DMA
    system.o(.text.Hardware_Init) refers to my_pwm.o(.data.myPWM) for myPWM
    system.o(.text.Hardware_Init) refers to tim.o(.bss.htim2) for htim2
    system.o(.text.Hardware_Init) refers to stm32g4xx_hal_tim.o(.text.HAL_TIM_PWM_Start) for HAL_TIM_PWM_Start
    system.o(.text.Hardware_Init) refers to f2d.o(.text) for __aeabi_f2d
    system.o(.text.Hardware_Init) refers to menu.o(.data.Menu) for Menu
    system.o(.text.Hardware_Init) refers to printfa.o(i.__0sprintf) for __2sprintf
    system.o(.text.Hardware_Init) refers to usart.o(.bss.huart1) for huart1
    system.o(.text.Hardware_Init) refers to my_usart1.o(.data.myUSART1) for myUSART1
    system.o(.text.Hardware_Init) refers to stm32g4xx_hal_uart.o(.text.HAL_UART_Receive_DMA) for HAL_UART_Receive_DMA
    system.o(.text.Hardware_Init) refers to puts.o(i.puts) for puts
    system.o(.ARM.exidx.text.Hardware_Init) refers to system.o(.text.Hardware_Init) for [Anonymous Symbol]
    system.o(.text.System_Run) refers to system.o(.text.Task_Pro_Handler) for Task_Pro_Handler
    system.o(.ARM.exidx.text.System_Run) refers to system.o(.text.System_Run) for [Anonymous Symbol]
    system.o(.text.Task_Marks_Handler) refers to task.o(.data.ucTasks_Max) for ucTasks_Max
    system.o(.text.Task_Marks_Handler) refers to task.o(.data.Task) for Task
    system.o(.ARM.exidx.text.Task_Marks_Handler) refers to system.o(.text.Task_Marks_Handler) for [Anonymous Symbol]
    system.o(.text.Task_Pro_Handler) refers to task.o(.data.ucTasks_Max) for ucTasks_Max
    system.o(.text.Task_Pro_Handler) refers to task.o(.data.Task) for Task
    system.o(.ARM.exidx.text.Task_Pro_Handler) refers to system.o(.text.Task_Pro_Handler) for [Anonymous Symbol]
    system.o(.data.System) refers to system.o(.text.Hardware_Init) for Hardware_Init
    system.o(.data.System) refers to system.o(.text.System_Run) for System_Run
    system.o(.data.System) refers to system.o(.text.Task_Marks_Handler) for Task_Marks_Handler
    task.o(.text.TasksHandle_10MS) refers to key.o(.data.Key) for Key
    task.o(.ARM.exidx.text.TasksHandle_10MS) refers to task.o(.text.TasksHandle_10MS) for [Anonymous Symbol]
    task.o(.text.TasksHandle_50MS) refers to my_adc.o(.data.myADC) for myADC
    task.o(.ARM.exidx.text.TasksHandle_50MS) refers to task.o(.text.TasksHandle_50MS) for [Anonymous Symbol]
    task.o(.text.TasksHandle_100MS) refers to led.o(.data.Led) for Led
    task.o(.text.TasksHandle_100MS) refers to menu.o(.data.Menu) for Menu
    task.o(.ARM.exidx.text.TasksHandle_100MS) refers to task.o(.text.TasksHandle_100MS) for [Anonymous Symbol]
    task.o(.text.TasksHandle_200MS) refers to led.o(.data.Led) for Led
    task.o(.ARM.exidx.text.TasksHandle_200MS) refers to task.o(.text.TasksHandle_200MS) for [Anonymous Symbol]
[...]
    __NVIC_SetPriority                       0x08005f29   Thumb Code    34  stm32g4xx_hal_cortex.o(.text.__NVIC_SetPriority)
    [Anonymous Symbol]                       0x08005f28   Section        0  stm32g4xx_hal_cortex.o(.text.__NVIC_SetPriority)
    __NVIC_SetPriorityGrouping               0x08005f4d   Thumb Code    32  stm32g4xx_hal_cortex.o(.text.__NVIC_SetPriorityGrouping)
    [Anonymous Symbol]                       0x08005f4c   Section        0  stm32g4xx_hal_cortex.o(.text.__NVIC_SetPriorityGrouping)
    [Anonymous Symbol]                       0x08005f6c   Section        0  my_usart1.o(.text.fputc)
    [Anonymous Symbol]                       0x08005f8c   Section        0  main.o(.text.main)
    padString                                0x08005fc5   Thumb Code    48  menu.o(.text.padString)
    [Anonymous Symbol]                       0x08005fc4   Section        0  menu.o(.text.padString)
    i.__0sprintf                             0x08005ff4   Section        0  printfa.o(i.__0sprintf)
    i.__scatterload_copy                     0x0800601c   Section       14  handlers.o(i.__scatterload_copy)
    i.__scatterload_null                     0x0800602a   Section        2  handlers.o(i.__scatterload_null)
    i.__scatterload_zeroinit                 0x0800602c   Section       14  handlers.o(i.__scatterload_zeroinit)
    _fp_digits                               0x0800603d   Thumb Code   366  printfa.o(i._fp_digits)
    i._fp_digits                             0x0800603c   Section        0  printfa.o(i._fp_digits)
    _printf_core                             0x080061c1   Thumb Code  1744  printfa.o(i._printf_core)
    i._printf_core                           0x080061c0   Section        0  printfa.o(i._printf_core)
    _printf_post_padding                     0x0800689d   Thumb Code    36  printfa.o(i._printf_post_padding)
    i._printf_post_padding                   0x0800689c   Section        0  printfa.o(i._printf_post_padding)
    _printf_pre_padding                      0x080068c1   Thumb Code    46  printfa.o(i._printf_pre_padding)
    i._printf_pre_padding                    0x080068c0   Section        0  printfa.o(i._printf_pre_padding)
    _sputc                                   0x080068ef   Thumb Code    10  printfa.o(i._sputc)
    i._sputc                                 0x080068ee   Section        0  printfa.o(i._sputc)
    i.puts                                   0x080068f8   Section        0  puts.o(i.puts)
    UARTEx_SetNbDataToProcess.numerator      0x08007b1c   Data           8  stm32g4xx_hal_uart_ex.o(.rodata.cst8)
    [Anonymous Symbol]                       0x08007b1c   Section        0  stm32g4xx_hal_uart_ex.o(.rodata.cst8)
    UARTEx_SetNbDataToProcess.denominator    0x08007b24   Data           8  stm32g4xx_hal_uart_ex.o(.rodata.cst8)
    .data                                    0x20000000   Section        4  stdout.o(.data)
    BackColor                                0x20000004   Data           2  lcd.o(.data.BackColor)
    [Anonymous Symbol]                       0x20000004   Section        0  lcd.o(.data.BackColor)
    RTC_Get_Time.rtc_old_Sec                 0x20000100   Data           1  my_rtc.o(.data.RTC_Get_Time.rtc_old_Sec)
    [Anonymous Symbol]                       0x20000100   Section        0  my_rtc.o(.data.RTC_Get_Time.rtc_old_Sec)
    Key_Scan.uckey_old                       0x20000330   Data           1  key.o(.bss.Key_Scan.uckey_old)
    [Anonymous Symbol]                       0x20000330   Section        0  key.o(.bss.Key_Scan.uckey_old)
    TextColor                                0x20000332   Data           2  lcd.o(.bss.TextColor)
    [Anonymous Symbol]                       0x20000332   Section        0  lcd.o(.bss.TextColor)
    ucUART_Rec_Buff                          0x2000062c   Data          50  my_usart1.o(.bss.ucUART_Rec_Buff)
    [Anonymous Symbol]                       0x2000062c   Section        0  my_usart1.o(.bss.ucUART_Rec_Buff)
    ucUART_Send_Buff                         0x2000065e   Data          60  my_usart1.o(.bss.ucUART_Send_Buff)
    [Anonymous Symbol]                       0x2000065e   Section        0  my_usart1.o(.bss.ucUART_Send_Buff)
    STACK                                    0x200006a0   Section     1024  startup_stm32g431xx.o(STACK)

    Global Symbols

    Symbol Name                              Value     Ov Type        Size  Object(Section)

    BuildAttributes$$THM_ISAv4$E$P$D$K$B$S$7EM$VFPi3$EXTD16$VFPS$VFMA$PE$A:L22UL41UL21$X:L11$S22US41US21$IEEE1$IW$~IW$USESV6$~STKCKD$USESV7$~SHL$OTIME$ROPI$EBA8$MICROLIB$REQ8$PRES8$EABIv2 0x00000000   Number         0  anon$$obj.o ABSOLUTE
    _printf_a                                0x00000000   Number         0  printfstubs.o ABSOLUTE
    _printf_c                                0x00000000   Number         0  printfstubs.o ABSOLUTE
    _printf_charcount                        0x00000000   Number         0  printfstubs.o ABSOLUTE
    _printf_d                                0x00000000   Number         0  printfstubs.o ABSOLUTE
    _printf_e                                0x00000000   Number         0  printfstubs.o ABSOLUTE
    _printf_f                                0x00000000   Number         0  printfstubs.o ABSOLUTE
    _printf_flags                            0x00000000   Number         0  printfstubs.o ABSOLUTE
    _printf_fp_dec                           0x00000000   Number         0  printfstubs.o ABSOLUTE
    _printf_fp_hex                           0x00000000   Number         0  printfstubs.o ABSOLUTE
    _printf_g                                0x00000000   Number         0  printfstubs.o ABSOLUTE
    _printf_i                                0x00000000   Number         0  printfstubs.o ABSOLUTE
    _printf_int_dec                          0x00000000   Number         0  printfstubs.o ABSOLUTE
    _printf_l                                0x00000000   Number         0  printfstubs.o ABSOLUTE
    _printf_lc                               0x00000000   Number         0  printfstubs.o ABSOLUTE
    _printf_ll                               0x00000000   Number         0  printfstubs.o ABSOLUTE
    _printf_lld                              0x00000000   Number         0  printfstubs.o ABSOLUTE
    _printf_lli                              0x00000000   Number         0  printfstubs.o ABSOLUTE
    _printf_llo                              0x00000000   Number         0  printfstubs.o ABSOLUTE
    _printf_llu                              0x00000000   Number         0  printfstubs.o ABSOLUTE
    _printf_llx                              0x00000000   Number         0  printfstubs.o ABSOLUTE
    _printf_longlong_dec                     0x00000000   Number         0  printfstubs.o ABSOLUTE
    _printf_longlong_hex                     0x00000000   Number         0  printfstubs.o ABSOLUTE
    _printf_longlong_oct                     0x00000000   Number         0  printfstubs.o ABSOLUTE
    _printf_ls                               0x00000000   Number         0  printfstubs.o ABSOLUTE
    _printf_mbtowc                           0x00000000   Number         0  printfstubs.o ABSOLUTE
    _printf_n                                0x00000000   Number         0  printfstubs.o ABSOLUTE
    _printf_o                                0x00000000   Number         0  printfstubs.o ABSOLUTE
    _printf_p                                0x00000000   Number         0  printfstubs.o ABSOLUTE
    _printf_percent                          0x00000000   Number         0  printfstubs.o ABSOLUTE
    _printf_pre_padding                      0x00000000   Number         0  printfstubs.o ABSOLUTE
    _printf_return_value                     0x00000000   Number         0  printfstubs.o ABSOLUTE
    _printf_s                                0x00000000   Number         0  printfstubs.o ABSOLUTE
    _printf_sizespec                         0x00000000   Number         0  printfstubs.o ABSOLUTE
    _printf_str                              0x00000000   Number         0  printfstubs.o ABSOLUTE
    _printf_truncate_signed                  0x00000000   Number         0  printfstubs.o ABSOLUTE
    _printf_truncate_unsigned                0x00000000   Number         0  printfstubs.o ABSOLUTE
    _printf_u                                0x00000000   Number         0  printfstubs.o ABSOLUTE
    _printf_wc                               0x00000000   Number         0  printfstubs.o ABSOLUTE
    _printf_wctomb                           0x00000000   Number         0  printfstubs.o ABSOLUTE
    _printf_widthprec                        0x00000000   Number         0  printfstubs.o ABSOLUTE
    _printf_x                                0x00000000   Number         0  printfstubs.o ABSOLUTE
    __cpp_initialize__aeabi_                  - Undefined Weak Reference
    __cxa_finalize                            - Undefined Weak Reference
    _clock_init                               - Undefined Weak Reference
    _microlib_exit                            - Undefined Weak Reference
    __Vectors_Size                           0x000001d8   Number         0  startup_stm32g431xx.o ABSOLUTE
    __Vectors                                0x08000000   Data           4  startup_stm32g431xx.o(RESET)
    __Vectors_End                            0x080001d8   Data           0  startup_stm32g431xx.o(RESET)
    __main                                   0x080001d9   Thumb Code     0  entry.o(.ARM.Collect$$$$00000000)
    _main_stk                                0x080001d9   Thumb Code     0  entry2.o(.ARM.Collect$$$$00000001)
    _main_scatterload                        0x080001dd   Thumb Code     0  entry5.o(.ARM.Collect$$$$00000004)
    __main_after_scatterload                 0x080001e1   Thumb Code     0  entry5.o(.ARM.Collect$$$$00000004)
    _main_clock                              0x080001e1   Thumb Code     0  entry7b.o(.ARM.Collect$$$$00000008)
    _main_cpp_init                           0x080001e1   Thumb Code     0  entry8b.o(.ARM.Collect$$$$0000000A)
    _main_init                               0x080001e1   Thumb Code     0  entry9a.o(.ARM.Collect$$$$0000000B)
    __rt_final_cpp                           0x080001e9   Thumb Code     0  entry10a.o(.ARM.Collect$$$$0000000D)
    __rt_final_exit                          0x080001e9   Thumb Code     0  entry11a.o(.ARM.Collect$$$$0000000F)
    Reset_Handler                            0x080001ed   Thumb Code     8  startup_stm32g431xx.o(.text)
    ADC1_2_IRQHandler                        0x08000207   Thumb Code     0  startup_stm32g431xx.o(.text)
    COMP1_2_3_IRQHandler                     0x08000207   Thumb Code     0  startup_stm32g431xx.o(.text)
    COMP4_IRQHandler                         0x08000207   Thumb Code     0  startup_stm32g431xx.o(.text)
    CORDIC_IRQHandler                        0x08000207   Thumb Code     0  startup_stm32g431xx.o(.text)
    CRS_IRQHandler                           0x08000207   Thumb Code     0  startup_stm32g431xx.o(.text)
    DMA1_Channel2_IRQHandler                 0x08000207   Thumb Code     0  startup_stm32g431xx.o(.text)
    DMA1_Channel4_IRQHandler                 0x08000207   Thumb Code     0  startup_stm32g431xx.o(.text)
    DMA1_Channel5_IRQHandler                 0x08000207   Thumb Code     0  startup_stm32g431xx.o(.text)
    DMA1_Channel6_IRQHandler                 0x08000207   Thumb Code     0  startup_stm32g431xx.o(.text)
    DMA2_Channel1_IRQHandler                 0x08000207   Thumb Code     0  startup_stm32g431xx.o(.text)
    DMA2_Channel2_IRQHandler                 0x08000207   Thumb Code     0  startup_stm32g431xx.o(.text)
    DMA2_Channel3_IRQHandler                 0x08000207   Thumb Code     0  startup_stm32g431xx.o(.text)
    DMA2_Channel4_IRQHandler                 0x08000207   Thumb Code     0  startup_stm32g431xx.o(.text)
    DMA2_Channel5_IRQHandler                 0x08000207   Thumb Code     0  startup_stm32g431xx.o(.text)
    DMA2_Channel6_IRQHandler                 0x08000207   Thumb Code     0  startup_stm32g431xx.o(.text)
    DMAMUX_OVR_IRQHandler                    0x08000207   Thumb Code     0  startup_stm32g431xx.o(.text)
    EXTI0_IRQHandler                         0x08000207   Thumb Code     0  startup_stm32g431xx.o(.text)
    EXTI15_10_IRQHandler                     0x08000207   Thumb Code     0  startup_stm32g431xx.o(.text)
    EXTI1_IRQHandler                         0x08000207   Thumb Code     0  startup_stm32g431xx.o(.text)
    EXTI2_IRQHandler                         0x08000207   Thumb Code     0  startup_stm32g431xx.o(.text)
    EXTI3_IRQHandler                         0x08000207   Thumb Code     0  startup_stm32g431xx.o(.text)
    EXTI4_IRQHandler                         0x08000207   Thumb Code     0  startup_stm32g431xx.o(.text)
    EXTI9_5_IRQHandler                       0x08000207   Thumb Code     0  startup_stm32g431xx.o(.text)
    FDCAN1_IT0_IRQHandler                    0x08000207   Thumb Code     0  startup_stm32g431xx.o(.text)
    FDCAN1_IT1_IRQHandler                    0x08000207   Thumb Code     0  startup_stm32g431xx.o(.text)
    FLASH_IRQHandler                         0x08000207   Thumb Code     0  startup_stm32g431xx.o(.text)
    FMAC_IRQHandler                          0x08000207   Thumb Code     0  startup_stm32g431xx.o(.text)
    FPU_IRQHandler                           0x08000207   Thumb Code     0  startup_stm32g431xx.o(.text)
    I2C1_ER_IRQHandler                       0x08000207   Thumb Code     0  startup_stm32g431xx.o(.text)
    I2C1_EV_IRQHandler                       0x08000207   Thumb Code     0  startup_stm32g431xx.o(.text)
    I2C2_ER_IRQHandler                       0x08000207   Thumb Code     0  startup_stm32g431xx.o(.text)
    I2C2_EV_IRQHandler                       0x08000207   Thumb Code     0  startup_stm32g431xx.o(.text)
    I2C3_ER_IRQHandler                       0x08000207   Thumb Code     0  startup_stm32g431xx.o(.text)
    I2C3_EV_IRQHandler                       0x08000207   Thumb Code     0  startup_stm32g431xx.o(.text)
    LPTIM1_IRQHandler                        0x08000207   Thumb Code     0  startup_stm32g431xx.o(.text)
    LPUART1_IRQHandler                       0x08000207   Thumb Code     0  startup_stm32g431xx.o(.text)
    PVD_PVM_IRQHandler                       0x08000207   Thumb Code     0  startup_stm32g431xx.o(.text)
    RCC_IRQHandler                           0x08000207   Thumb Code     0  startup_stm32g431xx.o(.text)
    RNG_IRQHandler                           0x08000207   Thumb Code     0  startup_stm32g431xx.o(.text)
    RTC_Alarm_IRQHandler                     0x08000207   Thumb Code     0  startup_stm32g431xx.o(.text)
    RTC_TAMP_LSECSS_IRQHandler               0x08000207   Thumb Code     0  startup_stm32g431xx.o(.text)
    RTC_WKUP_IRQHandler                      0x08000207   Thumb Code     0  startup_stm32g431xx.o(.text)
    SAI1_IRQHandler                          0x08000207   Thumb Code     0  startup_stm32g431xx.o(.text)
    SPI1_IRQHandler                          0x08000207   Thumb Code     0  startup_stm32g431xx.o(.text)
    SPI2_IRQHandler                          0x08000207   Thumb Code     0  startup_stm32g431xx.o(.text)
    SPI3_IRQHandler                          0x08000207   Thumb Code     0  startup_stm32g431xx.o(.text)
    TIM1_BRK_TIM15_IRQHandler                0x08000207   Thumb Code     0  startup_stm32g431xx.o(.text)
    TIM1_CC_IRQHandler                       0x08000207   Thumb Code     0  startup_stm32g431xx.o(.text)
    TIM1_TRG_COM_TIM17_IRQHandler            0x08000207   Thumb Code     0  startup_stm32g431xx.o(.text)
    TIM1_UP_TIM16_IRQHandler                 0x08000207   Thumb Code     0  startup_stm32g431xx.o(.text)
    TIM2_IRQHandler                          0x08000207   Thumb Code     0  startup_stm32g431xx.o(.text)
    TIM3_IRQHandler                          0x08000207   Thumb Code     0  startup_stm32g431xx.o(.text)
    TIM4_IRQHandler                          0x08000207   Thumb Code     0  startup_stm32g431xx.o(.text)
    TIM7_IRQHandler                          0x08000207   Thumb Code     0  startup_stm32g431xx.o(.text)
    TIM8_BRK_IRQHandler                      0x08000207   Thumb Code     0  startup_stm32g431xx.o(.text)
    TIM8_CC_IRQHandler                       0x08000207   Thumb Code     0  startup_stm32g431xx.o(.text)
    TIM8_TRG_COM_IRQHandler                  0x08000207   Thumb Code     0  startup_stm32g431xx.o(.text)
    TIM8_UP_IRQHandler                       0x08000207   Thumb Code     0  startup_stm32g431xx.o(.text)
    UART4_IRQHandler                         0x08000207   Thumb Code     0  startup_stm32g431xx.o(.text)
    UCPD1_IRQHandler                         0x08000207   Thumb Code     0  startup_stm32g431xx.o(.text)
    USART2_IRQHandler                        0x08000207   Thumb Code     0  startup_stm32g431xx.o(.text)
    USART3_IRQHandler                        0x08000207   Thumb Code     0  startup_stm32g431xx.o(.text)
    USBWakeUp_IRQHandler                     0x08000207   Thumb Code     0  startup_stm32g431xx.o(.text)
    USB_HP_IRQHandler                        0x08000207   Thumb Code     0  startup_stm32g431xx.o(.text)
    USB_LP_IRQHandler                        0x08000207   Thumb Code     0  startup_stm32g431xx.o(.text)
    WWDG_IRQHandler                          0x08000207   Thumb Code     0  startup_stm32g431xx.o(.text)
    __aeabi_uldivmod                         0x08000211   Thumb Code    98  uldiv.o(.text)
    __aeabi_memset                           0x08000273   Thumb Code    14  memseta.o(.text)
    __aeabi_memset4                          0x08000273   Thumb Code     0  memseta.o(.text)
    __aeabi_memset8                          0x08000273   Thumb Code     0  memseta.o(.text)
    __aeabi_memclr                           0x08000281   Thumb Code     4  memseta.o(.text)
    __aeabi_memclr4                          0x08000281   Thumb Code     0  memseta.o(.text)
    __aeabi_memclr8                          0x08000281   Thumb Code     0  memseta.o(.text)
    _memset$wrapper                          0x08000285   Thumb Code    18  memseta.o(.text)
    strlen                                   0x08000297   Thumb Code    14  strlen.o(.text)
    __aeabi_f2d                              0x080002a5   Thumb Code    38  f2d.o(.text)
    __aeabi_uidiv                            0x080002cb   Thumb Code     0  uidiv.o(.text)
    __aeabi_uidivmod                         0x080002cb   Thumb Code    44  uidiv.o(.text)
    __aeabi_llsl                             0x080002f7   Thumb Code    30  llshl.o(.text)
    _ll_shift_l                              0x080002f7   Thumb Code     0  llshl.o(.text)
    __aeabi_llsr                             0x08000315   Thumb Code    32  llushr.o(.text)
    _ll_ushift_r                             0x08000315   Thumb Code     0  llushr.o(.text)
    __I$use$fp                               0x08000335   Thumb Code     0  iusefp.o(.text)
    __aeabi_dadd                             0x08000335   Thumb Code   322  dadd.o(.text)
    __aeabi_dsub                             0x08000477   Thumb Code     6  dadd.o(.text)
    __aeabi_drsub                            0x0800047d   Thumb Code     6  dadd.o(.text)
    __aeabi_dmul                             0x08000483   Thumb Code   228  dmul.o(.text)
    __aeabi_ddiv                             0x08000567   Thumb Code   222  ddiv.o(.text)
    __aeabi_d2ulz                            0x08000645   Thumb Code    48  dfixul.o(.text)
    __aeabi_cdrcmple                         0x08000675   Thumb Code    48  cdrcmple.o(.text)
    __scatterload                            0x080006a5   Thumb Code    28  init.o(.text)
    __scatterload_rt2                        0x080006a5   Thumb Code     0  init.o(.text)
    __aeabi_lasr                             0x080006c9   Thumb Code    36  llsshr.o(.text)
    _ll_sshift_r                             0x080006c9   Thumb Code     0  llsshr.o(.text)
    _double_round                            0x080006ed   Thumb Code    30  depilogue.o(.text)
    _double_epilogue                         0x0800070b   Thumb Code   156  depilogue.o(.text)
    __decompress                             0x080007a7   Thumb Code     0  __dczerorl.o(.text)
    __decompress0                            0x080007a7   Thumb Code    58  __dczerorl.o(.text)
    ADC_ConversionStop                       0x080007e1   Thumb Code   214  stm32g4xx_hal_adc.o(.text.ADC_ConversionStop)
    ADC_DMAConvCplt                          0x080009a1   Thumb Code   100  stm32g4xx_hal_adc.o(.text.ADC_DMAConvCplt)
    ADC_DMAError                             0x08000a05   Thumb Code    26  stm32g4xx_hal_adc.o(.text.ADC_DMAError)
    ADC_DMAHalfConvCplt                      0x08000a21   Thumb Code    10  stm32g4xx_hal_adc.o(.text.ADC_DMAHalfConvCplt)
    ADC_Disable                              0x08000a2d   Thumb Code   126  stm32g4xx_hal_adc.o(.text.ADC_Disable)
    ADC_Enable                               0x08000aad   Thumb Code   118  stm32g4xx_hal_adc.o(.text.ADC_Enable)
    BusFault_Handler                         0x08000b25   Thumb Code     2  stm32g4xx_it.o(.text.BusFault_Handler)
    DMA1_Channel1_IRQHandler                 0x08000b29   Thumb Code    16  stm32g4xx_it.o(.text.DMA1_Channel1_IRQHandler)
    DMA1_Channel3_IRQHandler                 0x08000b39   Thumb Code    16  stm32g4xx_it.o(.text.DMA1_Channel3_IRQHandler)
    DebugMon_Handler                         0x08000c05   Thumb Code     2  stm32g4xx_it.o(.text.DebugMon_Handler)
    Error_Handler                            0x08000ca1   Thumb Code    10  main.o(.text.Error_Handler)
    HAL_ADCEx_Calibration_Start              0x08000cad   Thumb Code   132  stm32g4xx_hal_adc_ex.o(.text.HAL_ADCEx_Calibration_Start)
    HAL_ADC_ConfigChannel                    0x08000d31   Thumb Code   850  stm32g4xx_hal_adc.o(.text.HAL_ADC_ConfigChannel)
    HAL_ADC_ConvCpltCallback                 0x08001085   Thumb Code     2  stm32g4xx_hal_adc.o(.text.HAL_ADC_ConvCpltCallback)
    HAL_ADC_ConvHalfCpltCallback             0x08001089   Thumb Code     2  stm32g4xx_hal_adc.o(.text.HAL_ADC_ConvHalfCpltCallback)
    HAL_ADC_ErrorCallback                    0x0800108d   Thumb Code     2  stm32g4xx_hal_adc.o(.text.HAL_ADC_ErrorCallback)
    HAL_ADC_Init                             0x08001091   Thumb Code   478  stm32g4xx_hal_adc.o(.text.HAL_ADC_Init)
    HAL_ADC_MspInit                          0x08001271   Thumb Code   212  adc.o(.text.HAL_ADC_MspInit)
    HAL_ADC_Start_DMA                        0x08001345   Thumb Code   246  stm32g4xx_hal_adc.o(.text.HAL_ADC_Start_DMA)
    HAL_ADC_Stop_DMA                         0x0800143d   Thumb Code   116  stm32g4xx_hal_adc.o(.text.HAL_ADC_Stop_DMA)
    HAL_DMA_Abort                            0x080014b1   Thumb Code   110  stm32g4xx_hal_dma.o(.text.HAL_DMA_Abort)
    HAL_DMA_Abort_IT                         0x08001521   Thumb Code   122  stm32g4xx_hal_dma.o(.text.HAL_DMA_Abort_IT)
    HAL_DMA_GetError                         0x0800159d   Thumb Code     4  stm32g4xx_hal_dma.o(.text.HAL_DMA_GetError)
    HAL_DMA_IRQHandler                       0x080015a1   Thumb Code   170  stm32g4xx_hal_dma.o(.text.HAL_DMA_IRQHandler)
    HAL_DMA_Init                             0x0800164d   Thumb Code   216  stm32g4xx_hal_dma.o(.text.HAL_DMA_Init)
    HAL_DMA_Start_IT                         0x08001725   Thumb Code   138  stm32g4xx_hal_dma.o(.text.HAL_DMA_Start_IT)
    HAL_Delay                                0x080017b1   Thumb Code    40  stm32g4xx_hal.o(.text.HAL_Delay)
    HAL_GPIO_Init                            0x080017d9   Thumb Code   414  stm32g4xx_hal_gpio.o(.text.HAL_GPIO_Init)
    HAL_GPIO_ReadPin                         0x08001979   Thumb Code    10  stm32g4xx_hal_gpio.o(.text.HAL_GPIO_ReadPin)
    HAL_GPIO_TogglePin                       0x08001985   Thumb Code    16  stm32g4xx_hal_gpio.o(.text.HAL_GPIO_TogglePin)
    HAL_GPIO_WritePin                        0x08001995   Thumb Code    12  stm32g4xx_hal_gpio.o(.text.HAL_GPIO_WritePin)
    HAL_GetTick                              0x080019a1   Thumb Code    12  stm32g4xx_hal.o(.text.HAL_GetTick)
    HAL_IncTick                              0x080019ad   Thumb Code    26  stm32g4xx_hal.o(.text.HAL_IncTick)
    HAL_Init                                 0x080019c9   Thumb Code    30  stm32g4xx_hal.o(.text.HAL_Init)
    HAL_InitTick                             0x080019e9   Thumb Code    86  stm32g4xx_hal.o(.text.HAL_InitTick)
    HAL_MspInit                              0x08001a41   Thumb Code    56  stm32g4xx_hal_msp.o(.text.HAL_MspInit)
    HAL_NVIC_EnableIRQ                       0x08001a79   Thumb Code     8  stm32g4xx_hal_cortex.o(.text.HAL_NVIC_EnableIRQ)
    HAL_NVIC_SetPriority                     0x08001a81   Thumb Code    30  stm32g4xx_hal_cortex.o(.text.HAL_NVIC_SetPriority)
    HAL_NVIC_SetPriorityGrouping             0x08001aa1   Thumb Code     8  stm32g4xx_hal_cortex.o(.text.HAL_NVIC_SetPriorityGrouping)
    HAL_PWREx_ControlVoltageScaling          0x08001aa9   Thumb Code   238  stm32g4xx_hal_pwr_ex.o(.text.HAL_PWREx_ControlVoltageScaling)
    HAL_PWREx_DisableUCPDDeadBattery         0x08001b99   Thumb Code    18  stm32g4xx_hal_pwr_ex.o(.text.HAL_PWREx_DisableUCPDDeadBattery)
    HAL_RCCEx_PeriphCLKConfig                0x08001bad   Thumb Code   658  stm32g4xx_hal_rcc_ex.o(.text.HAL_RCCEx_PeriphCLKConfig)
    HAL_RCC_ClockConfig                      0x08001e41   Thumb Code   518  stm32g4xx_hal_rcc.o(.text.HAL_RCC_ClockConfig)
    HAL_RCC_GetHCLKFreq                      0x08002049   Thumb Code    12  stm32g4xx_hal_rcc.o(.text.HAL_RCC_GetHCLKFreq)
    HAL_RCC_GetPCLK1Freq                     0x08002055   Thumb Code    38  stm32g4xx_hal_rcc.o(.text.HAL_RCC_GetPCLK1Freq)
    HAL_RCC_GetPCLK2Freq                     0x0800207d   Thumb Code    38  stm32g4xx_hal_rcc.o(.text.HAL_RCC_GetPCLK2Freq)
    HAL_RCC_GetSysClockFreq                  0x080020a5   Thumb Code   122  stm32g4xx_hal_rcc.o(.text.HAL_RCC_GetSysClockFreq)
    HAL_RCC_OscConfig                        0x08002121   Thumb Code  1148  stm32g4xx_hal_rcc.o(.text.HAL_RCC_OscConfig)
    HAL_RTC_GetDate                          0x0800259d   Thumb Code    66  stm32g4xx_hal_rtc.o(.text.HAL_RTC_GetDate)
    HAL_RTC_GetTime                          0x080025e1   Thumb Code    76  stm32g4xx_hal_rtc.o(.text.HAL_RTC_GetTime)
    HAL_RTC_Init                             0x0800262d   Thumb Code   146  stm32g4xx_hal_rtc.o(.text.HAL_RTC_Init)
    HAL_RTC_MspInit                          0x080026c1   Thumb Code    96  rtc_1.o(.text.HAL_RTC_MspInit)
    HAL_RTC_SetDate                          0x08002721   Thumb Code   158  stm32g4xx_hal_rtc.o(.text.HAL_RTC_SetDate)
    HAL_RTC_SetTime                          0x080027c1   Thumb Code   190  stm32g4xx_hal_rtc.o(.text.HAL_RTC_SetTime)
    HAL_RTC_WaitForSynchro                   0x08002881   Thumb Code    48  stm32g4xx_hal_rtc.o(.text.HAL_RTC_WaitForSynchro)
    HAL_SYSTICK_Config                       0x080028b1   Thumb Code     8  stm32g4xx_hal_cortex.o(.text.HAL_SYSTICK_Config)
    HAL_TIMEx_Break2Callback                 0x080028b9   Thumb Code     2  stm32g4xx_hal_tim_ex.o(.text.HAL_TIMEx_Break2Callback)
    HAL_TIMEx_BreakCallback                  0x080028bd   Thumb Code     2  stm32g4xx_hal_tim_ex.o(.text.HAL_TIMEx_BreakCallback)
    HAL_TIMEx_CommutCallback                 0x080028c1   Thumb Code     2  stm32g4xx_hal_tim_ex.o(.text.HAL_TIMEx_CommutCallback)
    HAL_TIMEx_DirectionChangeCallback        0x080028c5   Thumb Code     2  stm32g4xx_hal_tim_ex.o(.text.HAL_TIMEx_DirectionChangeCallback)
    HAL_TIMEx_EncoderIndexCallback           0x080028c9   Thumb Code     2  stm32g4xx_hal_tim_ex.o(.text.HAL_TIMEx_EncoderIndexCallback)
    HAL_TIMEx_IndexErrorCallback             0x080028cd   Thumb Code     2  stm32g4xx_hal_tim_ex.o(.text.HAL_TIMEx_IndexErrorCallback)
    HAL_TIMEx_MasterConfigSynchronization    0x080028d1   Thumb Code   168  stm32g4xx_hal_tim_ex.o(.text.HAL_TIMEx_MasterConfigSynchronization)
    HAL_TIMEx_TransitionErrorCallback        0x08002979   Thumb Code     2  stm32g4xx_hal_tim_ex.o(.text.HAL_TIMEx_TransitionErrorCallback)
    HAL_TIM_Base_Init                        0x0800297d   Thumb Code    98  stm32g4xx_hal_tim.o(.text.HAL_TIM_Base_Init)
    HAL_TIM_Base_MspInit                     0x080029e1   Thumb Code   100  tim.o(.text.HAL_TIM_Base_MspInit)
    HAL_TIM_Base_Start_IT                    0x08002a45   Thumb Code   158  stm32g4xx_hal_tim.o(.text.HAL_TIM_Base_Start_IT)
    HAL_TIM_ConfigClockSource                0x08002ae5   Thumb Code   276  stm32g4xx_hal_tim.o(.text.HAL_TIM_ConfigClockSource)
    HAL_TIM_IC_CaptureCallback               0x08002bf9   Thumb Code     2  stm32g4xx_hal_tim.o(.text.HAL_TIM_IC_CaptureCallback)
    HAL_TIM_IRQHandler                       0x08002bfd   Thumb Code   512  stm32g4xx_hal_tim.o(.text.HAL_TIM_IRQHandler)
    HAL_TIM_MspPostInit                      0x08002dfd   Thumb Code    84  tim.o(.text.HAL_TIM_MspPostInit)
    HAL_TIM_OC_DelayElapsedCallback          0x08002e51   Thumb Code     2  stm32g4xx_hal_tim.o(.text.HAL_TIM_OC_DelayElapsedCallback)
    HAL_TIM_PWM_ConfigChannel                0x08002e55   Thumb Code   186  stm32g4xx_hal_tim.o(.text.HAL_TIM_PWM_ConfigChannel)
    HAL_TIM_PWM_Init                         0x08002f11   Thumb Code    98  stm32g4xx_hal_tim.o(.text.HAL_TIM_PWM_Init)
    HAL_TIM_PWM_MspInit                      0x08002f75   Thumb Code     2  stm32g4xx_hal_tim.o(.text.HAL_TIM_PWM_MspInit)
    HAL_TIM_PWM_PulseFinishedCallback        0x08002f79   Thumb Code     2  stm32g4xx_hal_tim.o(.text.HAL_TIM_PWM_PulseFinishedCallback)
    HAL_TIM_PWM_Start                        0x08002f7d   Thumb Code   356  stm32g4xx_hal_tim.o(.text.HAL_TIM_PWM_Start)
    HAL_TIM_PeriodElapsedCallback            0x080030e1   Thumb Code    34  callback.o(.text.HAL_TIM_PeriodElapsedCallback)
    HAL_TIM_TriggerCallback                  0x08003105   Thumb Code     2  stm32g4xx_hal_tim.o(.text.HAL_TIM_TriggerCallback)
    HAL_UARTEx_DisableFifoMode               0x08003109   Thumb Code    54  stm32g4xx_hal_uart_ex.o(.text.HAL_UARTEx_DisableFifoMode)
    HAL_UARTEx_RxEventCallback               0x08003141   Thumb Code     2  stm32g4xx_hal_uart.o(.text.HAL_UARTEx_RxEventCallback)
    HAL_UARTEx_RxFifoFullCallback            0x08003145   Thumb Code     2  stm32g4xx_hal_uart_ex.o(.text.HAL_UARTEx_RxFifoFullCallback)
    HAL_UARTEx_SetRxFifoThreshold            0x08003149   Thumb Code    74  stm32g4xx_hal_uart_ex.o(.text.HAL_UARTEx_SetRxFifoThreshold)
    HAL_UARTEx_SetTxFifoThreshold            0x08003195   Thumb Code    74  stm32g4xx_hal_uart_ex.o(.text.HAL_UARTEx_SetTxFifoThreshold)
    HAL_UARTEx_TxFifoEmptyCallback           0x080031e1   Thumb Code     2  stm32g4xx_hal_uart_ex.o(.text.HAL_UARTEx_TxFifoEmptyCallback)
    HAL_UARTEx_WakeupCallback                0x080031e5   Thumb Code     2  stm32g4xx_hal_uart_ex.o(.text.HAL_UARTEx_WakeupCallback)
    HAL_UART_DMAStop                         0x080031e9   Thumb Code   156  stm32g4xx_hal_uart.o(.text.HAL_UART_DMAStop)
    HAL_UART_ErrorCallback                   0x08003285   Thumb Code     2  stm32g4xx_hal_uart.o(.text.HAL_UART_ErrorCallback)
    HAL_UART_IRQHandler                      0x08003289   Thumb Code   760  stm32g4xx_hal_uart.o(.text.HAL_UART_IRQHandler)
    HAL_UART_Init                            0x08003581   Thumb Code    98  stm32g4xx_hal_uart.o(.text.HAL_UART_Init)
    HAL_UART_MspInit                         0x080035e5   Thumb Code   272  usart.o(.text.HAL_UART_MspInit)
    HAL_UART_Receive_DMA                     0x080036f5   Thumb Code   106  stm32g4xx_hal_uart.o(.text.HAL_UART_Receive_DMA)
    HAL_UART_RxCpltCallback                  0x08003761   Thumb Code     2  stm32g4xx_hal_uart.o(.text.HAL_UART_RxCpltCallback)
    HAL_UART_RxHalfCpltCallback              0x08003765   Thumb Code     2  stm32g4xx_hal_uart.o(.text.HAL_UART_RxHalfCpltCallback)
    HAL_UART_Transmit                        0x08003769   Thumb Code   218  stm32g4xx_hal_uart.o(.text.HAL_UART_Transmit)
    HAL_UART_Transmit_DMA                    0x08003845   Thumb Code   180  stm32g4xx_hal_uart.o(.text.HAL_UART_Transmit_DMA)
    HAL_UART_TxCpltCallback                  0x080038f9   Thumb Code     2  stm32g4xx_hal_uart.o(.text.HAL_UART_TxCpltCallback)
    HAL_UART_TxHalfCpltCallback              0x080038fd   Thumb Code     2  stm32g4xx_hal_uart.o(.text.HAL_UART_TxHalfCpltCallback)
    HardFault_Handler                        0x08003901   Thumb Code     2  stm32g4xx_it.o(.text.HardFault_Handler)
    I2CInit                                  0x08003a21   Thumb Code    40  i2c_hal.o(.text.I2CInit)
    I2CReceiveByte                           0x08003a49   Thumb Code    52  i2c_hal.o(.text.I2CReceiveByte)
    I2CSendAck                               0x08003a7d   Thumb Code    22  i2c_hal.o(.text.I2CSendAck)
    I2CSendByte                              0x08003a95   Thumb Code    44  i2c_hal.o(.text.I2CSendByte)
    I2CSendNotAck                            0x08003ac1   Thumb Code    22  i2c_hal.o(.text.I2CSendNotAck)
    I2CStart                                 0x08003ad9   Thumb Code    28  i2c_hal.o(.text.I2CStart)
    I2CStop                                  0x08003af5   Thumb Code    28  i2c_hal.o(.text.I2CStop)
    LCD_BusIn                                0x08003d69   Thumb Code    40  lcd.o(.text.LCD_BusIn)
    LCD_BusOut                               0x08003d91   Thumb Code    42  lcd.o(.text.LCD_BusOut)
    LCD_Clear                                0x08003dbd   Thumb Code    32  lcd.o(.text.LCD_Clear)
    LCD_CtrlLinesConfig                      0x08003ddd   Thumb Code   160  lcd.o(.text.LCD_CtrlLinesConfig)
    LCD_DisplayChar                          0x08003e7d   Thumb Code    30  lcd.o(.text.LCD_DisplayChar)
    LCD_DisplayStringLine                    0x08003e9d   Thumb Code    48  lcd.o(.text.LCD_DisplayStringLine)
    LCD_DrawChar                             0x08003ecd   Thumb Code    92  lcd.o(.text.LCD_DrawChar)
    LCD_Init                                 0x08003f29   Thumb Code    52  lcd.o(.text.LCD_Init)
    LCD_ReadReg                              0x08003f5d   Thumb Code   136  lcd.o(.text.LCD_ReadReg)
    LCD_SetBackColor                         0x08003fe5   Thumb Code    24  lcd.o(.text.LCD_SetBackColor)
    LCD_SetCursor                            0x08003ffd   Thumb Code    22  lcd.o(.text.LCD_SetCursor)
    LCD_SetTextColor                         0x08004015   Thumb Code    24  lcd.o(.text.LCD_SetTextColor)
    LCD_WriteRAM                             0x0800402d   Thumb Code    92  lcd.o(.text.LCD_WriteRAM)
    LCD_WriteRAM_Prepare                     0x08004089   Thumb Code    94  lcd.o(.text.LCD_WriteRAM_Prepare)
    LCD_WriteReg                             0x080040e9   Thumb Code   114  lcd.o(.text.LCD_WriteReg)
    MX_ADC2_Init                             0x080043f5   Thumb Code   146  adc.o(.text.MX_ADC2_Init)
    MX_DMA_Init                              0x08004489   Thumb Code    84  dma.o(.text.MX_DMA_Init)
    MX_GPIO_Init                             0x080044dd   Thumb Code   266  gpio.o(.text.MX_GPIO_Init)
    MX_RTC_Init                              0x080045e9   Thumb Code   156  rtc_1.o(.text.MX_RTC_Init)
    MX_TIM2_Init                             0x08004685   Thumb Code   206  tim.o(.text.MX_TIM2_Init)
    MX_TIM6_Init                             0x08004755   Thumb Code    84  tim.o(.text.MX_TIM6_Init)
    MX_USART1_UART_Init                      0x080047a9   Thumb Code   126  usart.o(.text.MX_USART1_UART_Init)
    MemManage_Handler                        0x08004829   Thumb Code     2  stm32g4xx_it.o(.text.MemManage_Handler)
    NMI_Handler                              0x08004881   Thumb Code     2  stm32g4xx_it.o(.text.NMI_Handler)
    PendSV_Handler                           0x08004975   Thumb Code     2  stm32g4xx_it.o(.text.PendSV_Handler)
    REG_8230_Init                            0x080049c1   Thumb Code   280  lcd.o(.text.REG_8230_Init)
    REG_932X_Init                            0x08004ad9   Thumb Code   512  lcd.o(.text.REG_932X_Init)
    RTC_Bcd2ToByte                           0x08004cd9   Thumb Code    18  stm32g4xx_hal_rtc.o(.text.RTC_Bcd2ToByte)
    RTC_ByteToBcd2                           0x08004ced   Thumb Code    46  stm32g4xx_hal_rtc.o(.text.RTC_ByteToBcd2)
    RTC_EnterInitMode                        0x08004d1d   Thumb Code    78  stm32g4xx_hal_rtc.o(.text.RTC_EnterInitMode)
    RTC_ExitInitMode                         0x08004d6d   Thumb Code    78  stm32g4xx_hal_rtc.o(.text.RTC_ExitInitMode)
    SCL_Output                               0x08004e39   Thumb Code    24  i2c_hal.o(.text.SCL_Output)
    SDA_Input                                0x08004e51   Thumb Code    26  i2c_hal.o(.text.SDA_Input)
    SDA_Input_Mode                           0x08004e6d   Thumb Code    40  i2c_hal.o(.text.SDA_Input_Mode)
    SDA_Output                               0x08004e95   Thumb Code    24  i2c_hal.o(.text.SDA_Output)
    SDA_Output_Mode                          0x08004ead   Thumb Code    40  i2c_hal.o(.text.SDA_Output_Mode)
    SVC_Handler                              0x08004ed5   Thumb Code     2  stm32g4xx_it.o(.text.SVC_Handler)
    SysTick_Handler                          0x08004f09   Thumb Code     8  stm32g4xx_it.o(.text.SysTick_Handler)
    SystemClock_Config                       0x08004f11   Thumb Code   108  main.o(.text.SystemClock_Config)
    SystemInit                               0x08004f7d   Thumb Code    18  system_stm32g4xx.o(.text.SystemInit)
    TIM6_DAC_IRQHandler                      0x08004f99   Thumb Code    16  stm32g4xx_it.o(.text.TIM6_DAC_IRQHandler)
    TIM_Base_SetConfig                       0x08004fa9   Thumb Code   254  stm32g4xx_hal_tim.o(.text.TIM_Base_SetConfig)
    TIM_CCxChannelCmd                        0x080050a9   Thumb Code    36  stm32g4xx_hal_tim.o(.text.TIM_CCxChannelCmd)
    TIM_ETR_SetConfig                        0x080050cd   Thumb Code    22  stm32g4xx_hal_tim.o(.text.TIM_ETR_SetConfig)
    TIM_OC2_SetConfig                        0x0800517d   Thumb Code   144  stm32g4xx_hal_tim.o(.text.TIM_OC2_SetConfig)
    UART_AdvFeatureConfig                    0x08005625   Thumb Code   230  stm32g4xx_hal_uart.o(.text.UART_AdvFeatureConfig)
    UART_CheckIdleState                      0x0800570d   Thumb Code   110  stm32g4xx_hal_uart.o(.text.UART_CheckIdleState)
    UART_SetConfig                           0x08005a5d   Thumb Code   676  stm32g4xx_hal_uart.o(.text.UART_SetConfig)
    UART_Start_Receive_DMA                   0x08005d21   Thumb Code   168  stm32g4xx_hal_uart.o(.text.UART_Start_Receive_DMA)
    UART_WaitOnFlagUntilTimeout              0x08005dc9   Thumb Code   236  stm32g4xx_hal_uart.o(.text.UART_WaitOnFlagUntilTimeout)
    USART1_IRQHandler                        0x08005eb5   Thumb Code    64  callback.o(.text.USART1_IRQHandler)
    UsageFault_Handler                       0x08005ef5   Thumb Code     2  stm32g4xx_it.o(.text.UsageFault_Handler)
    fputc                                    0x08005f6d   Thumb Code    30  my_usart1.o(.text.fputc)
    main                                     0x08005f8d   Thumb Code    54  main.o(.text.main)
    __0sprintf                               0x08005ff5   Thumb Code    34  printfa.o(i.__0sprintf)
    __1sprintf                               0x08005ff5   Thumb Code     0  printfa.o(i.__0sprintf)
    __2sprintf                               0x08005ff5   Thumb Code     0  printfa.o(i.__0sprintf)
    __c89sprintf                             0x08005ff5   Thumb Code     0  printfa.o(i.__0sprintf)
    sprintf                                  0x08005ff5   Thumb Code     0  printfa.o(i.__0sprintf)
    __scatterload_copy                       0x0800601d   Thumb Code    14  handlers.o(i.__scatterload_copy)
    __scatterload_null                       0x0800602b   Thumb Code     2  handlers.o(i.__scatterload_null)
    __scatterload_zeroinit                   0x0800602d   Thumb Code    14  handlers.o(i.__scatterload_zeroinit)
    puts                                     0x080068f9   Thumb Code    30  puts.o(i.puts)
    AHBPrescTable                            0x0800691c   Data          16  system_stm32g4xx.o(.rodata.AHBPrescTable)
    APBPrescTable                            0x0800692c   Data           8  system_stm32g4xx.o(.rodata.APBPrescTable)
    ASCII_Table                              0x08006934   Data        4560  lcd.o(.rodata.ASCII_Table)
    UARTPrescTable                           0x08007b04   Data          24  stm32g4xx_hal_uart.o(.rodata.UARTPrescTable)
    Region$$Table$$Base                      0x08007b2c   Number         0  anon$$obj.o(Region$$Table)
    Region$$Table$$Limit                     0x08007b4c   Number         0  anon$$obj.o(Region$$Table)
    __stdout                                 0x20000000   Data           4  stdout.o(.data)
    EEPROM                                   0x20000008   Data           8  eeprom.o(.data.EEPROM)
    Key                                      0x20000010   Data          16  key.o(.data.Key)
    Led                                      0x20000020   Data          16  led.o(.data.Led)
    Menu                                     0x20000030   Data         208  menu.o(.data.Menu)
    System                                   0x20000104   Data          12  system.o(.data.System)
    SystemCoreClock                          0x20000110   Data           4  system_stm32g4xx.o(.data.SystemCoreClock)
    Task                                     0x20000114   Data          72  task.o(.data.Task)
    myADC                                    0x2000015c   Data         408  my_adc.o(.data.myADC)
    myPWM                                    0x200002f4   Data          16  my_pwm.o(.data.myPWM)
    myRTC                                    0x20000304   Data           4  my_rtc.o(.data.myRTC)
    myUSART1                                 0x20000308   Data          24  my_usart1.o(.data.myUSART1)
    ucTasks_Max                              0x20000320   Data           1  task.o(.data.ucTasks_Max)
    uwTickFreq                               0x20000324   Data           4  stm32g4xx_hal.o(.data.uwTickFreq)
    uwTickPrio                               0x20000328   Data           4  stm32g4xx_hal.o(.data.uwTickPrio)
    dummy                                    0x20000334   Data           2  lcd.o(.bss.dummy)
    hadc2                                    0x20000338   Data         108  adc.o(.bss.hadc2)
    hdma_adc2                                0x200003a4   Data          96  adc.o(.bss.hdma_adc2)
    hdma_usart1_rx                           0x20000404   Data          96  usart.o(.bss.hdma_usart1_rx)
    hdma_usart1_tx                           0x20000464   Data          96  usart.o(.bss.hdma_usart1_tx)
    hrtc                                     0x200004c4   Data          40  rtc_1.o(.bss.hrtc)
    htim2                                    0x200004ec   Data          76  tim.o(.bss.htim2)
    htim6                                    0x20000538   Data          76  tim.o(.bss.htim6)
    huart1                                   0x20000584   Data         144  usart.o(.bss.huart1)
    my_date                                  0x20000614   Data           4  my_rtc.o(.bss.my_date)
    my_time                                  0x20000618   Data          20  my_rtc.o(.bss.my_time)
    uwTick                                   0x2000069c   Data           4  stm32g4xx_hal.o(.bss.uwTick)
    __initial_sp                             0x20000aa0   Data           0  startup_stm32g431xx.o(STACK)



==============================================================================

Memory Map of the image

  Image Entry point : 0x080001d9

  Load Region LR_IROM1 (Base: 0x08000000, Size: 0x00007e80, Max: 0x00020000, ABSOLUTE, COMPRESSED[0x00007c00])

    Execution Region ER_IROM1 (Exec base: 0x08000000, Load base: 0x08000000, Size: 0x00007b4c, Max: 0x00020000, ABSOLUTE)

    Exec Addr    Load Addr    Size         Type   Attr      Idx    E Section Name        Object

    0x08000000   0x08000000   0x000001d8   Data   RO          410    RESET               startup_stm32g431xx.o
    0x080001d8   0x080001d8   0x00000000   Code   RO         2006  * .ARM.Collect$$$$00000000  mc_w.l(entry.o)
    0x080001d8   0x080001d8   0x00000004   Code   RO         2282    .ARM.Collect$$$$00000001  mc_w.l(entry2.o)
    0x080001dc   0x080001dc   0x00000004   Code   RO         2285    .ARM.Collect$$$$00000004  mc_w.l(entry5.o)
    0x080001e0   0x080001e0   0x00000000   Code   RO         2287    .ARM.Collect$$$$00000008  mc_w.l(entry7b.o)
    0x080001e0   0x080001e0   0x00000000   Code   RO         2289    .ARM.Collect$$$$0000000A  mc_w.l(entry8b.o)
    0x080001e0   0x080001e0   0x00000008   Code   RO         2290    .ARM.Collect$$$$0000000B  mc_w.l(entry9a.o)
    0x080001e8   0x080001e8   0x00000000   Code   RO         2292    .ARM.Collect$$$$0000000D  mc_w.l(entry10a.o)
    0x080001e8   0x080001e8   0x00000000   Code   RO         2294    .ARM.Collect$$$$0000000F  mc_w.l(entry11a.o)
    0x080001e8   0x080001e8   0x00000004   Code   RO         2283    .ARM.Collect$$$$00002712  mc_w.l(entry2.o)
    0x080001ec   0x080001ec   0x00000024   Code   RO          411    .text               startup_stm32g431xx.o
    0x08000210   0x08000210   0x00000062   Code   RO         2013    .text               mc_w.l(uldiv.o)
    0x08000272   0x08000272   0x00000024   Code   RO         2015    .text               mc_w.l(memseta.o)
    0x08000296   0x08000296   0x0000000e   Code   RO         2017    .text               mc_w.l(strlen.o)
    0x080002a4   0x080002a4   0x00000026   Code   RO         2280    .text               mf_w.l(f2d.o)
    0x080002ca   0x080002ca   0x0000002c   Code   RO         2306    .text               mc_w.l(uidiv.o)
    0x080002f6   0x080002f6   0x0000001e   Code   RO         2308    .text               mc_w.l(llshl.o)
    0x08000314   0x08000314   0x00000020   Code   RO         2310    .text               mc_w.l(llushr.o)
    0x08000334   0x08000334   0x00000000   Code   RO         2312    .text               mc_w.l(iusefp.o)
    0x08000334   0x08000334   0x0000014e   Code   RO         2313    .text               mf_w.l(dadd.o)
    0x08000482   0x08000482   0x000000e4   Code   RO         2315    .text               mf_w.l(dmul.o)
    0x08000566   0x08000566   0x000000de   Code   RO         2317    .text               mf_w.l(ddiv.o)
    0x08000644   0x08000644   0x00000030   Code   RO         2319    .text               mf_w.l(dfixul.o)
    0x08000674   0x08000674   0x00000030   Code   RO         2321    .text               mf_w.l(cdrcmple.o)
    0x080006a4   0x080006a4   0x00000024   Code   RO         2323    .text               mc_w.l(init.o)
    0x080006c8   0x080006c8   0x00000024   Code   RO         2325    .text               mc_w.l(llsshr.o)
    0x080006ec   0x080006ec   0x000000ba   Code   RO         2327    .text               mf_w.l(depilogue.o)
    0x080007a6   0x080007a6   0x0000003a   Code   RO         2337    .text               mc_w.l(__dczerorl.o)
    0x080007e0   0x080007e0   0x000000d6   Code   RO          440    .text.ADC_ConversionStop  stm32g4xx_hal_adc.o
    0x080008b6   0x080008b6   0x00000002   PAD
    0x080008b8   0x080008b8   0x000000e8   Code   RO          226    .text.ADC_Convert   my_adc.o
    0x080009a0   0x080009a0   0x00000064   Code   RO          470    .text.ADC_DMAConvCplt  stm32g4xx_hal_adc.o
    0x08000a04   0x08000a04   0x0000001a   Code   RO          474    .text.ADC_DMAError  stm32g4xx_hal_adc.o
    0x08000a1e   0x08000a1e   0x00000002   PAD
    0x08000a20   0x08000a20   0x0000000a   Code   RO          472    .text.ADC_DMAHalfConvCplt  stm32g4xx_hal_adc.o
    0x08000a2a   0x08000a2a   0x00000002   PAD
    0x08000a2c   0x08000a2c   0x0000007e   Code   RO          442    .text.ADC_Disable   stm32g4xx_hal_adc.o
    0x08000aaa   0x08000aaa   0x00000002   PAD
    0x08000aac   0x08000aac   0x00000076   Code   RO          450    .text.ADC_Enable    stm32g4xx_hal_adc.o
    0x08000b22   0x08000b22   0x00000002   PAD
    0x08000b24   0x08000b24   0x00000002   Code   RO          376    .text.BusFault_Handler  stm32g4xx_it.o
    0x08000b26   0x08000b26   0x00000002   PAD
    0x08000b28   0x08000b28   0x00000010   Code   RO          388    .text.DMA1_Channel1_IRQHandler  stm32g4xx_it.o
    0x08000b38   0x08000b38   0x00000010   Code   RO          390    .text.DMA1_Channel3_IRQHandler  stm32g4xx_it.o
    0x08000b48   0x08000b48   0x0000004a   Code   RO         1000    .text.DMA_CalcDMAMUXChannelBaseAndMask  stm32g4xx_hal_dma.o
    0x08000b92   0x08000b92   0x00000002   PAD
    0x08000b94   0x08000b94   0x00000026   Code   RO         1002    .text.DMA_CalcDMAMUXRequestGenBaseAndMask  stm32g4xx_hal_dma.o
    0x08000bba   0x08000bba   0x00000002   PAD
    0x08000bbc   0x08000bbc   0x00000046   Code   RO         1008    .text.DMA_SetConfig  stm32g4xx_hal_dma.o
    0x08000c02   0x08000c02   0x00000002   PAD
    0x08000c04   0x08000c04   0x00000002   Code   RO          382    .text.DebugMon_Handler  stm32g4xx_it.o
    0x08000c06   0x08000c06   0x00000002   PAD
    0x08000c08   0x08000c08   0x00000056   Code   RO          129    .text.EEPROM_Read   eeprom.o
    0x08000c5e   0x08000c5e   0x00000002   PAD
    0x08000c60   0x08000c60   0x0000003e   Code   RO          127    .text.EEPROM_Write  eeprom.o
    0x08000c9e   0x08000c9e   0x00000002   PAD
    0x08000ca0   0x08000ca0   0x0000000a   Code   RO          274    .text.Error_Handler  main.o
    0x08000caa   0x08000caa   0x00000002   PAD
    0x08000cac   0x08000cac   0x00000084   Code   RO          566    .text.HAL_ADCEx_Calibration_Start  stm32g4xx_hal_adc_ex.o
    0x08000d30   0x08000d30   0x00000352   Code   RO          496    .text.HAL_ADC_ConfigChannel  stm32g4xx_hal_adc.o
    0x08001082   0x08001082   0x00000002   PAD
    0x08001084   0x08001084   0x00000002   Code   RO          486    .text.HAL_ADC_ConvCpltCallback  stm32g4xx_hal_adc.o
    0x08001086   0x08001086   0x00000002   PAD
    0x08001088   0x08001088   0x00000002   Code   RO          494    .text.HAL_ADC_ConvHalfCpltCallback  stm32g4xx_hal_adc.o
    0x0800108a   0x0800108a   0x00000002   PAD
    0x0800108c   0x0800108c   0x00000002   Code   RO          492    .text.HAL_ADC_ErrorCallback  stm32g4xx_hal_adc.o
    0x0800108e   0x0800108e   0x00000002   PAD
    0x08001090   0x08001090   0x000001de   Code   RO          418    .text.HAL_ADC_Init  stm32g4xx_hal_adc.o
    0x0800126e   0x0800126e   0x00000002   PAD
    0x08001270   0x08001270   0x000000d4   Code   RO          295    .text.HAL_ADC_MspInit  adc.o
    0x08001344   0x08001344   0x000000f6   Code   RO          468    .text.HAL_ADC_Start_DMA  stm32g4xx_hal_adc.o
    0x0800143a   0x0800143a   0x00000002   PAD
    0x0800143c   0x0800143c   0x00000074   Code   RO          476    .text.HAL_ADC_Stop_DMA  stm32g4xx_hal_adc.o
    0x080014b0   0x080014b0   0x0000006e   Code   RO         1012    .text.HAL_DMA_Abort  stm32g4xx_hal_dma.o
    0x0800151e   0x0800151e   0x00000002   PAD
    0x08001520   0x08001520   0x0000007a   Code   RO         1014    .text.HAL_DMA_Abort_IT  stm32g4xx_hal_dma.o
    0x0800159a   0x0800159a   0x00000002   PAD
    0x0800159c   0x0800159c   0x00000004   Code   RO         1026    .text.HAL_DMA_GetError  stm32g4xx_hal_dma.o
    0x080015a0   0x080015a0   0x000000aa   Code   RO         1018    .text.HAL_DMA_IRQHandler  stm32g4xx_hal_dma.o
    0x0800164a   0x0800164a   0x00000002   PAD
    0x0800164c   0x0800164c   0x000000d8   Code   RO          998    .text.HAL_DMA_Init  stm32g4xx_hal_dma.o
    0x08001724   0x08001724   0x0000008a   Code   RO         1010    .text.HAL_DMA_Start_IT  stm32g4xx_hal_dma.o
    0x080017ae   0x080017ae   0x00000002   PAD
    0x080017b0   0x080017b0   0x00000028   Code   RO          701    .text.HAL_Delay     stm32g4xx_hal.o
    0x080017d8   0x080017d8   0x0000019e   Code   RO          948    .text.HAL_GPIO_Init  stm32g4xx_hal_gpio.o
    0x08001976   0x08001976   0x00000002   PAD
    0x08001978   0x08001978   0x0000000a   Code   RO          952    .text.HAL_GPIO_ReadPin  stm32g4xx_hal_gpio.o
    0x08001982   0x08001982   0x00000002   PAD
    0x08001984   0x08001984   0x00000010   Code   RO          956    .text.HAL_GPIO_TogglePin  stm32g4xx_hal_gpio.o
    0x08001994   0x08001994   0x0000000c   Code   RO          954    .text.HAL_GPIO_WritePin  stm32g4xx_hal_gpio.o
    0x080019a0   0x080019a0   0x0000000c   Code   RO          693    .text.HAL_GetTick   stm32g4xx_hal.o
    0x080019ac   0x080019ac   0x0000001a   Code   RO          691    .text.HAL_IncTick   stm32g4xx_hal.o
    0x080019c6   0x080019c6   0x00000002   PAD
    0x080019c8   0x080019c8   0x0000001e   Code   RO          681    .text.HAL_Init      stm32g4xx_hal.o
    0x080019e6   0x080019e6   0x00000002   PAD
    0x080019e8   0x080019e8   0x00000056   Code   RO          683    .text.HAL_InitTick  stm32g4xx_hal.o
    0x08001a3e   0x08001a3e   0x00000002   PAD
    0x08001a40   0x08001a40   0x00000038   Code   RO          401    .text.HAL_MspInit   stm32g4xx_hal_msp.o
    0x08001a78   0x08001a78   0x00000008   Code   RO         1188    .text.HAL_NVIC_EnableIRQ  stm32g4xx_hal_cortex.o
    0x08001a80   0x08001a80   0x0000001e   Code   RO         1180    .text.HAL_NVIC_SetPriority  stm32g4xx_hal_cortex.o
    0x08001a9e   0x08001a9e   0x00000002   PAD
    0x08001aa0   0x08001aa0   0x00000008   Code   RO         1176    .text.HAL_NVIC_SetPriorityGrouping  stm32g4xx_hal_cortex.o
    0x08001aa8   0x08001aa8   0x000000ee   Code   RO         1096    .text.HAL_PWREx_ControlVoltageScaling  stm32g4xx_hal_pwr_ex.o
    0x08001b96   0x08001b96   0x00000002   PAD
    0x08001b98   0x08001b98   0x00000012   Code   RO         1166    .text.HAL_PWREx_DisableUCPDDeadBattery  stm32g4xx_hal_pwr_ex.o
    0x08001baa   0x08001baa   0x00000002   PAD
    0x08001bac   0x08001bac   0x00000292   Code   RO          802    .text.HAL_RCCEx_PeriphCLKConfig  stm32g4xx_hal_rcc_ex.o
    0x08001e3e   0x08001e3e   0x00000002   PAD
    0x08001e40   0x08001e40   0x00000206   Code   RO          766    .text.HAL_RCC_ClockConfig  stm32g4xx_hal_rcc.o
    0x08002046   0x08002046   0x00000002   PAD
    0x08002048   0x08002048   0x0000000c   Code   RO          774    .text.HAL_RCC_GetHCLKFreq  stm32g4xx_hal_rcc.o
    0x08002054   0x08002054   0x00000026   Code   RO          776    .text.HAL_RCC_GetPCLK1Freq  stm32g4xx_hal_rcc.o
    0x0800207a   0x0800207a   0x00000002   PAD
    0x0800207c   0x0800207c   0x00000026   Code   RO          778    .text.HAL_RCC_GetPCLK2Freq  stm32g4xx_hal_rcc.o
    0x080020a2   0x080020a2   0x00000002   PAD
    0x080020a4   0x080020a4   0x0000007a   Code   RO          770    .text.HAL_RCC_GetSysClockFreq  stm32g4xx_hal_rcc.o
    0x0800211e   0x0800211e   0x00000002   PAD
    0x08002120   0x08002120   0x0000047c   Code   RO          764    .text.HAL_RCC_OscConfig  stm32g4xx_hal_rcc.o
    0x0800259c   0x0800259c   0x00000042   Code   RO         1272    .text.HAL_RTC_GetDate  stm32g4xx_hal_rtc.o
    0x080025de   0x080025de   0x00000002   PAD
    0x080025e0   0x080025e0   0x0000004c   Code   RO         1266    .text.HAL_RTC_GetTime  stm32g4xx_hal_rtc.o
    0x0800262c   0x0800262c   0x00000092   Code   RO         1248    .text.HAL_RTC_Init  stm32g4xx_hal_rtc.o
    0x080026be   0x080026be   0x00000002   PAD
    0x080026c0   0x080026c0   0x00000060   Code   RO          320    .text.HAL_RTC_MspInit  rtc_1.o
    0x08002720   0x08002720   0x0000009e   Code   RO         1270    .text.HAL_RTC_SetDate  stm32g4xx_hal_rtc.o
    0x080027be   0x080027be   0x00000002   PAD
    0x080027c0   0x080027c0   0x000000be   Code   RO         1262    .text.HAL_RTC_SetTime  stm32g4xx_hal_rtc.o
    0x0800287e   0x0800287e   0x00000002   PAD
    0x08002880   0x08002880   0x00000030   Code   RO         1258    .text.HAL_RTC_WaitForSynchro  stm32g4xx_hal_rtc.o
    0x080028b0   0x080028b0   0x00000008   Code   RO         1200    .text.HAL_SYSTICK_Config  stm32g4xx_hal_cortex.o
    0x080028b8   0x080028b8   0x00000002   Code   RO         1778    .text.HAL_TIMEx_Break2Callback  stm32g4xx_hal_tim_ex.o
    0x080028ba   0x080028ba   0x00000002   PAD
    0x080028bc   0x080028bc   0x00000002   Code   RO         1776    .text.HAL_TIMEx_BreakCallback  stm32g4xx_hal_tim_ex.o
    0x080028be   0x080028be   0x00000002   PAD
    0x080028c0   0x080028c0   0x00000002   Code   RO         1772    .text.HAL_TIMEx_CommutCallback  stm32g4xx_hal_tim_ex.o
    0x080028c2   0x080028c2   0x00000002   PAD
    0x080028c4   0x080028c4   0x00000002   Code   RO         1782    .text.HAL_TIMEx_DirectionChangeCallback  stm32g4xx_hal_tim_ex.o
    0x080028c6   0x080028c6   0x00000002   PAD
    0x080028c8   0x080028c8   0x00000002   Code   RO         1780    .text.HAL_TIMEx_EncoderIndexCallback  stm32g4xx_hal_tim_ex.o
    0x080028ca   0x080028ca   0x00000002   PAD
    0x080028cc   0x080028cc   0x00000002   Code   RO         1784    .text.HAL_TIMEx_IndexErrorCallback  stm32g4xx_hal_tim_ex.o
    0x080028ce   0x080028ce   0x00000002   PAD
    0x080028d0   0x080028d0   0x000000a8   Code   RO         1722    .text.HAL_TIMEx_MasterConfigSynchronization  stm32g4xx_hal_tim_ex.o
    0x08002978   0x08002978   0x00000002   Code   RO         1786    .text.HAL_TIMEx_TransitionErrorCallback  stm32g4xx_hal_tim_ex.o
    0x0800297a   0x0800297a   0x00000002   PAD
    0x0800297c   0x0800297c   0x00000062   Code   RO         1404    .text.HAL_TIM_Base_Init  stm32g4xx_hal_tim.o
    0x080029de   0x080029de   0x00000002   PAD
    0x080029e0   0x080029e0   0x00000064   Code   RO          339    .text.HAL_TIM_Base_MspInit  tim.o
    0x08002a44   0x08002a44   0x0000009e   Code   RO         1418    .text.HAL_TIM_Base_Start_IT  stm32g4xx_hal_tim.o
    0x08002ae2   0x08002ae2   0x00000002   PAD
    0x08002ae4   0x08002ae4   0x00000114   Code   RO         1600    .text.HAL_TIM_ConfigClockSource  stm32g4xx_hal_tim.o
    0x08002bf8   0x08002bf8   0x00000002   Code   RO         1540    .text.HAL_TIM_IC_CaptureCallback  stm32g4xx_hal_tim.o
    0x08002bfa   0x08002bfa   0x00000002   PAD
    0x08002bfc   0x08002bfc   0x00000200   Code   RO         1538    .text.HAL_TIM_IRQHandler  stm32g4xx_hal_tim.o
    0x08002dfc   0x08002dfc   0x00000054   Code   RO          335    .text.HAL_TIM_MspPostInit  tim.o
    0x08002e50   0x08002e50   0x00000002   Code   RO         1542    .text.HAL_TIM_OC_DelayElapsedCallback  stm32g4xx_hal_tim.o
    0x08002e52   0x08002e52   0x00000002   PAD
    0x08002e54   0x08002e54   0x000000ba   Code   RO         1574    .text.HAL_TIM_PWM_ConfigChannel  stm32g4xx_hal_tim.o
    0x08002f0e   0x08002f0e   0x00000002   PAD
    0x08002f10   0x08002f10   0x00000062   Code   RO         1458    .text.HAL_TIM_PWM_Init  stm32g4xx_hal_tim.o
    0x08002f72   0x08002f72   0x00000002   PAD
    0x08002f74   0x08002f74   0x00000002   Code   RO         1460    .text.HAL_TIM_PWM_MspInit  stm32g4xx_hal_tim.o
    0x08002f76   0x08002f76   0x00000002   PAD
    0x08002f78   0x08002f78   0x00000002   Code   RO         1544    .text.HAL_TIM_PWM_PulseFinishedCallback  stm32g4xx_hal_tim.o
    0x08002f7a   0x08002f7a   0x00000002   PAD
    0x08002f7c   0x08002f7c   0x00000164   Code   RO         1466    .text.HAL_TIM_PWM_Start  stm32g4xx_hal_tim.o
    0x080030e0   0x080030e0   0x00000022   Code   RO            2    .text.HAL_TIM_PeriodElapsedCallback  callback.o
    0x08003102   0x08003102   0x00000002   PAD
    0x08003104   0x08003104   0x00000002   Code   RO         1548    .text.HAL_TIM_TriggerCallback  stm32g4xx_hal_tim.o
    0x08003106   0x08003106   0x00000002   PAD
    0x08003108   0x08003108   0x00000036   Code   RO         1971    .text.HAL_UARTEx_DisableFifoMode  stm32g4xx_hal_uart_ex.o
    0x0800313e   0x0800313e   0x00000002   PAD
    0x08003140   0x08003140   0x00000002   Code   RO         1894    .text.HAL_UARTEx_RxEventCallback  stm32g4xx_hal_uart.o
    0x08003142   0x08003142   0x00000002   PAD
    0x08003144   0x08003144   0x00000002   Code   RO         1953    .text.HAL_UARTEx_RxFifoFullCallback  stm32g4xx_hal_uart_ex.o
    0x08003146   0x08003146   0x00000002   PAD
    0x08003148   0x08003148   0x0000004a   Code   RO         1975    .text.HAL_UARTEx_SetRxFifoThreshold  stm32g4xx_hal_uart_ex.o
    0x08003192   0x08003192   0x00000002   PAD
    0x08003194   0x08003194   0x0000004a   Code   RO         1973    .text.HAL_UARTEx_SetTxFifoThreshold  stm32g4xx_hal_uart_ex.o
    0x080031de   0x080031de   0x00000002   PAD
    0x080031e0   0x080031e0   0x00000002   Code   RO         1955    .text.HAL_UARTEx_TxFifoEmptyCallback  stm32g4xx_hal_uart_ex.o
    0x080031e2   0x080031e2   0x00000002   PAD
    0x080031e4   0x080031e4   0x00000002   Code   RO         1951    .text.HAL_UARTEx_WakeupCallback  stm32g4xx_hal_uart_ex.o
    0x080031e6   0x080031e6   0x00000002   PAD
    0x080031e8   0x080031e8   0x0000009c   Code   RO         1856    .text.HAL_UART_DMAStop  stm32g4xx_hal_uart.o
    0x08003284   0x08003284   0x00000002   Code   RO         1892    .text.HAL_UART_ErrorCallback  stm32g4xx_hal_uart.o
    0x08003286   0x08003286   0x00000002   PAD
    0x08003288   0x08003288   0x000002f8   Code   RO         1888    .text.HAL_UART_IRQHandler  stm32g4xx_hal_uart.o
    0x08003580   0x08003580   0x00000062   Code   RO         1800    .text.HAL_UART_Init  stm32g4xx_hal_uart.o
    0x080035e2   0x080035e2   0x00000002   PAD
    0x080035e4   0x080035e4   0x00000110   Code   RO          355    .text.HAL_UART_MspInit  usart.o
    0x080036f4   0x080036f4   0x0000006a   Code   RO         1848    .text.HAL_UART_Receive_DMA  stm32g4xx_hal_uart.o
    0x0800375e   0x0800375e   0x00000002   PAD
    0x08003760   0x08003760   0x00000002   Code   RO         1902    .text.HAL_UART_RxCpltCallback  stm32g4xx_hal_uart.o
    0x08003762   0x08003762   0x00000002   PAD
    0x08003764   0x08003764   0x00000002   Code   RO         1904    .text.HAL_UART_RxHalfCpltCallback  stm32g4xx_hal_uart.o
    0x08003766   0x08003766   0x00000002   PAD
    0x08003768   0x08003768   0x000000da   Code   RO         1820    .text.HAL_UART_Transmit  stm32g4xx_hal_uart.o
    0x08003842   0x08003842   0x00000002   PAD
    0x08003844   0x08003844   0x000000b4   Code   RO         1840    .text.HAL_UART_Transmit_DMA  stm32g4xx_hal_uart.o
    0x080038f8   0x080038f8   0x00000002   Code   RO         1898    .text.HAL_UART_TxCpltCallback  stm32g4xx_hal_uart.o
    0x080038fa   0x080038fa   0x00000002   PAD
    0x080038fc   0x080038fc   0x00000002   Code   RO         1900    .text.HAL_UART_TxHalfCpltCallback  stm32g4xx_hal_uart.o
    0x080038fe   0x080038fe   0x00000002   PAD
    0x08003900   0x08003900   0x00000002   Code   RO          372    .text.HardFault_Handler  stm32g4xx_it.o
    0x08003902   0x08003902   0x00000002   PAD
    0x08003904   0x08003904   0x0000011c   Code   RO           14    .text.Hardware_Init  system.o
    0x08003a20   0x08003a20   0x00000028   Code   RO          260    .text.I2CInit       i2c_hal.o
    0x08003a48   0x08003a48   0x00000034   Code   RO          258    .text.I2CReceiveByte  i2c_hal.o
    0x08003a7c   0x08003a7c   0x00000016   Code   RO          252    .text.I2CSendAck    i2c_hal.o
    0x08003a92   0x08003a92   0x00000002   PAD
    0x08003a94   0x08003a94   0x0000002c   Code   RO          256    .text.I2CSendByte   i2c_hal.o
    0x08003ac0   0x08003ac0   0x00000016   Code   RO          254    .text.I2CSendNotAck  i2c_hal.o
    0x08003ad6   0x08003ad6   0x00000002   PAD
    0x08003ad8   0x08003ad8   0x0000001c   Code   RO          246    .text.I2CStart      i2c_hal.o
    0x08003af4   0x08003af4   0x0000001c   Code   RO          248    .text.I2CStop       i2c_hal.o
    0x08003b10   0x08003b10   0x0000018c   Code   RO          142    .text.Key_Handler   key.o
    0x08003c9c   0x08003c9c   0x00000070   Code   RO          144    .text.Key_Return_Value  key.o
    0x08003d0c   0x08003d0c   0x0000005a   Code   RO          140    .text.Key_Scan      key.o
    0x08003d66   0x08003d66   0x00000002   PAD
    0x08003d68   0x08003d68   0x00000028   Code   RO          101    .text.LCD_BusIn     lcd.o
    0x08003d90   0x08003d90   0x0000002a   Code   RO          103    .text.LCD_BusOut    lcd.o
    0x08003dba   0x08003dba   0x00000002   PAD
    0x08003dbc   0x08003dbc   0x00000020   Code   RO           75    .text.LCD_Clear     lcd.o
    0x08003ddc   0x08003ddc   0x000000a0   Code   RO           63    .text.LCD_CtrlLinesConfig  lcd.o
    0x08003e7c   0x08003e7c   0x0000001e   Code   RO           85    .text.LCD_DisplayChar  lcd.o
    0x08003e9a   0x08003e9a   0x00000002   PAD
    0x08003e9c   0x08003e9c   0x00000030   Code   RO           73    .text.LCD_DisplayStringLine  lcd.o
    0x08003ecc   0x08003ecc   0x0000005c   Code   RO           83    .text.LCD_DrawChar  lcd.o
    0x08003f28   0x08003f28   0x00000034   Code   RO           61    .text.LCD_Init      lcd.o
    0x08003f5c   0x08003f5c   0x00000088   Code   RO           65    .text.LCD_ReadReg   lcd.o
    0x08003fe4   0x08003fe4   0x00000018   Code   RO           69    .text.LCD_SetBackColor  lcd.o
    0x08003ffc   0x08003ffc   0x00000016   Code   RO           77    .text.LCD_SetCursor  lcd.o
    0x08004012   0x08004012   0x00000002   PAD
    0x08004014   0x08004014   0x00000018   Code   RO           67    .text.LCD_SetTextColor  lcd.o
    0x0800402c   0x0800402c   0x0000005c   Code   RO           81    .text.LCD_WriteRAM  lcd.o
    0x08004088   0x08004088   0x0000005e   Code   RO           79    .text.LCD_WriteRAM_Prepare  lcd.o
    0x080040e6   0x080040e6   0x00000002   PAD
    0x080040e8   0x080040e8   0x00000072   Code   RO           57    .text.LCD_WriteReg  lcd.o
    0x0800415a   0x0800415a   0x00000002   PAD
    0x0800415c   0x0800415c   0x00000012   Code   RO          556    .text.LL_ADC_Disable  stm32g4xx_hal_adc.o
    0x0800416e   0x0800416e   0x00000002   PAD
    0x08004170   0x08004170   0x00000010   Code   RO          424    .text.LL_ADC_DisableDeepPowerDown  stm32g4xx_hal_adc.o
    0x08004180   0x08004180   0x00000012   Code   RO          554    .text.LL_ADC_Enable  stm32g4xx_hal_adc.o
    0x08004192   0x08004192   0x00000002   PAD
    0x08004194   0x08004194   0x00000014   Code   RO          428    .text.LL_ADC_EnableInternalRegulator  stm32g4xx_hal_adc.o
    0x080041a8   0x080041a8   0x00000010   Code   RO          516    .text.LL_ADC_GetCommonPathInternalCh  stm32g4xx_hal_adc.o
    0x080041b8   0x080041b8   0x00000010   Code   RO          448    .text.LL_ADC_GetMultimode  stm32g4xx_hal_adc.o
    0x080041c8   0x080041c8   0x0000000c   Code   RO          510    .text.LL_ADC_GetOffsetChannel  stm32g4xx_hal_adc.o
    0x080041d4   0x080041d4   0x00000008   Code   RO          436    .text.LL_ADC_INJ_IsConversionOngoing  stm32g4xx_hal_adc.o
    0x080041dc   0x080041dc   0x00000012   Code   RO          552    .text.LL_ADC_INJ_StopConversion  stm32g4xx_hal_adc.o
    0x080041ee   0x080041ee   0x00000002   PAD
    0x080041f0   0x080041f0   0x00000006   Code   RO          570    .text.LL_ADC_IsCalibrationOnGoing  stm32g4xx_hal_adc_ex.o
    0x080041f6   0x080041f6   0x00000002   PAD
    0x080041f8   0x080041f8   0x00000008   Code   RO          422    .text.LL_ADC_IsDeepPowerDownEnabled  stm32g4xx_hal_adc.o
    0x08004200   0x08004200   0x00000008   Code   RO          548    .text.LL_ADC_IsDisableOngoing  stm32g4xx_hal_adc.o
    0x08004208   0x08004208   0x00000008   Code   RO          432    .text.LL_ADC_IsEnabled  stm32g4xx_hal_adc.o
    0x08004210   0x08004210   0x00000008   Code   RO          426    .text.LL_ADC_IsInternalRegulatorEnabled  stm32g4xx_hal_adc.o
    0x08004218   0x08004218   0x00000008   Code   RO          430    .text.LL_ADC_REG_IsConversionOngoing  stm32g4xx_hal_adc.o
    0x08004220   0x08004220   0x0000000e   Code   RO          460    .text.LL_ADC_REG_IsTriggerSourceSWStart  stm32g4xx_hal_adc.o
    0x0800422e   0x0800422e   0x00000002   PAD
    0x08004230   0x08004230   0x00000026   Code   RO          498    .text.LL_ADC_REG_SetSequencerRanks  stm32g4xx_hal_adc.o
    0x08004256   0x08004256   0x00000002   PAD
    0x08004258   0x08004258   0x00000012   Code   RO          452    .text.LL_ADC_REG_StartConversion  stm32g4xx_hal_adc.o
    0x0800426a   0x0800426a   0x00000002   PAD
    0x0800426c   0x0800426c   0x00000012   Code   RO          550    .text.LL_ADC_REG_StopConversion  stm32g4xx_hal_adc.o
    0x0800427e   0x0800427e   0x00000002   PAD
    0x08004280   0x08004280   0x00000022   Code   RO          500    .text.LL_ADC_SetChannelSamplingTime  stm32g4xx_hal_adc.o
    0x080042a2   0x080042a2   0x00000002   PAD
    0x080042a4   0x080042a4   0x0000001e   Code   RO          514    .text.LL_ADC_SetChannelSingleDiff  stm32g4xx_hal_adc.o
    0x080042c2   0x080042c2   0x00000002   PAD
    0x080042c4   0x080042c4   0x00000014   Code   RO          434    .text.LL_ADC_SetCommonClock  stm32g4xx_hal_adc.o
    0x080042d8   0x080042d8   0x00000014   Code   RO          518    .text.LL_ADC_SetCommonPathInternalCh  stm32g4xx_hal_adc.o
    0x080042ec   0x080042ec   0x00000024   Code   RO          504    .text.LL_ADC_SetOffset  stm32g4xx_hal_adc.o
    0x08004310   0x08004310   0x00000010   Code   RO          508    .text.LL_ADC_SetOffsetSaturation  stm32g4xx_hal_adc.o
    0x08004320   0x08004320   0x00000010   Code   RO          506    .text.LL_ADC_SetOffsetSign  stm32g4xx_hal_adc.o
    0x08004330   0x08004330   0x0000000e   Code   RO          512    .text.LL_ADC_SetOffsetState  stm32g4xx_hal_adc.o
    0x0800433e   0x0800433e   0x00000002   PAD
    0x08004340   0x08004340   0x0000000c   Code   RO          502    .text.LL_ADC_SetSamplingTimeCommonConfig  stm32g4xx_hal_adc.o
    0x0800434c   0x0800434c   0x0000001a   Code   RO          568    .text.LL_ADC_StartCalibration  stm32g4xx_hal_adc_ex.o
    0x08004366   0x08004366   0x00000002   PAD
    0x08004368   0x08004368   0x0000002c   Code   RO          159    .text.Led_Flip      led.o
    0x08004394   0x08004394   0x0000002e   Code   RO          157    .text.Led_OFF       led.o
    0x080043c2   0x080043c2   0x00000002   PAD
    0x080043c4   0x080043c4   0x0000002e   Code   RO          155    .text.Led_ON        led.o
    0x080043f2   0x080043f2   0x00000002   PAD
    0x080043f4   0x080043f4   0x00000092   Code   RO          293    .text.MX_ADC2_Init  adc.o
    0x08004486   0x08004486   0x00000002   PAD
    0x08004488   0x08004488   0x00000054   Code   RO          309    .text.MX_DMA_Init   dma.o
    0x080044dc   0x080044dc   0x0000010a   Code   RO          284    .text.MX_GPIO_Init  gpio.o
    0x080045e6   0x080045e6   0x00000002   PAD
    0x080045e8   0x080045e8   0x0000009c   Code   RO          318    .text.MX_RTC_Init   rtc_1.o
    0x08004684   0x08004684   0x000000ce   Code   RO          333    .text.MX_TIM2_Init  tim.o
    0x08004752   0x08004752   0x00000002   PAD
    0x08004754   0x08004754   0x00000054   Code   RO          337    .text.MX_TIM6_Init  tim.o
    0x080047a8   0x080047a8   0x0000007e   Code   RO          353    .text.MX_USART1_UART_Init  usart.o
    0x08004826   0x08004826   0x00000002   PAD
    0x08004828   0x08004828   0x00000002   Code   RO          374    .text.MemManage_Handler  stm32g4xx_it.o
    0x0800482a   0x0800482a   0x00000002   PAD
    0x0800482c   0x0800482c   0x00000054   Code   RO          170    .text.Menu_Display  menu.o
    0x08004880   0x08004880   0x00000002   Code   RO          370    .text.NMI_Handler   stm32g4xx_it.o
    0x08004882   0x08004882   0x00000002   PAD
    0x08004884   0x08004884   0x0000002c   Code   RO         1186    .text.NVIC_EncodePriority  stm32g4xx_hal_cortex.o
    0x080048b0   0x080048b0   0x0000008c   Code   RO          185    .text.PWM_Read_For_EEPROM  my_pwm.o
    0x0800493c   0x0800493c   0x00000038   Code   RO          183    .text.PWM_Write_For_EEPROM  my_pwm.o
    0x08004974   0x08004974   0x00000002   Code   RO          384    .text.PendSV_Handler  stm32g4xx_it.o
    0x08004976   0x08004976   0x00000002   PAD
    0x08004978   0x08004978   0x00000048   Code   RO          768    .text.RCC_GetSysClockFreqFromPLLSource  stm32g4xx_hal_rcc.o
    0x080049c0   0x080049c0   0x00000118   Code   RO           55    .text.REG_8230_Init  lcd.o
    0x08004ad8   0x08004ad8   0x00000200   Code   RO           59    .text.REG_932X_Init  lcd.o
    0x08004cd8   0x08004cd8   0x00000012   Code   RO         1268    .text.RTC_Bcd2ToByte  stm32g4xx_hal_rtc.o
    0x08004cea   0x08004cea   0x00000002   PAD
    0x08004cec   0x08004cec   0x0000002e   Code   RO         1264    .text.RTC_ByteToBcd2  stm32g4xx_hal_rtc.o
    0x08004d1a   0x08004d1a   0x00000002   PAD
    0x08004d1c   0x08004d1c   0x0000004e   Code   RO         1252    .text.RTC_EnterInitMode  stm32g4xx_hal_rtc.o
    0x08004d6a   0x08004d6a   0x00000002   PAD
    0x08004d6c   0x08004d6c   0x0000004e   Code   RO         1254    .text.RTC_ExitInitMode  stm32g4xx_hal_rtc.o
    0x08004dba   0x08004dba   0x00000002   PAD
    0x08004dbc   0x08004dbc   0x0000007c   Code   RO          195    .text.RTC_Get_Time  my_rtc.o
    0x08004e38   0x08004e38   0x00000018   Code   RO          242    .text.SCL_Output    i2c_hal.o
    0x08004e50   0x08004e50   0x0000001a   Code   RO          244    .text.SDA_Input     i2c_hal.o
    0x08004e6a   0x08004e6a   0x00000002   PAD
    0x08004e6c   0x08004e6c   0x00000028   Code   RO          236    .text.SDA_Input_Mode  i2c_hal.o
    0x08004e94   0x08004e94   0x00000018   Code   RO          240    .text.SDA_Output    i2c_hal.o
    0x08004eac   0x08004eac   0x00000028   Code   RO          238    .text.SDA_Output_Mode  i2c_hal.o
    0x08004ed4   0x08004ed4   0x00000002   Code   RO          380    .text.SVC_Handler   stm32g4xx_it.o
    0x08004ed6   0x08004ed6   0x00000002   PAD
    0x08004ed8   0x08004ed8   0x0000002e   Code   RO         1202    .text.SysTick_Config  stm32g4xx_hal_cortex.o
    0x08004f06   0x08004f06   0x00000002   PAD
    0x08004f08   0x08004f08   0x00000008   Code   RO          386    .text.SysTick_Handler  stm32g4xx_it.o
    0x08004f10   0x08004f10   0x0000006c   Code   RO          272    .text.SystemClock_Config  main.o
    0x08004f7c   0x08004f7c   0x00000012   Code   RO         1992    .text.SystemInit    system_stm32g4xx.o
    0x08004f8e   0x08004f8e   0x00000002   PAD
    0x08004f90   0x08004f90   0x00000008   Code   RO           16    .text.System_Run    system.o
    0x08004f98   0x08004f98   0x00000010   Code   RO          392    .text.TIM6_DAC_IRQHandler  stm32g4xx_it.o
    0x08004fa8   0x08004fa8   0x000000fe   Code   RO         1408    .text.TIM_Base_SetConfig  stm32g4xx_hal_tim.o
    0x080050a6   0x080050a6   0x00000002   PAD
    0x080050a8   0x080050a8   0x00000024   Code   RO         1442    .text.TIM_CCxChannelCmd  stm32g4xx_hal_tim.o
    0x080050cc   0x080050cc   0x00000016   Code   RO         1598    .text.TIM_ETR_SetConfig  stm32g4xx_hal_tim.o
    0x080050e2   0x080050e2   0x00000002   PAD
    0x080050e4   0x080050e4   0x00000016   Code   RO         1604    .text.TIM_ITRx_SetConfig  stm32g4xx_hal_tim.o
    0x080050fa   0x080050fa   0x00000002   PAD
    0x080050fc   0x080050fc   0x0000007e   Code   RO         1552    .text.TIM_OC1_SetConfig  stm32g4xx_hal_tim.o
    0x0800517a   0x0800517a   0x00000002   PAD
    0x0800517c   0x0800517c   0x00000090   Code   RO         1554    .text.TIM_OC2_SetConfig  stm32g4xx_hal_tim.o
    0x0800520c   0x0800520c   0x00000090   Code   RO         1556    .text.TIM_OC3_SetConfig  stm32g4xx_hal_tim.o
    0x0800529c   0x0800529c   0x00000090   Code   RO         1558    .text.TIM_OC4_SetConfig  stm32g4xx_hal_tim.o
    0x0800532c   0x0800532c   0x0000005e   Code   RO         1560    .text.TIM_OC5_SetConfig  stm32g4xx_hal_tim.o
    0x0800538a   0x0800538a   0x00000002   PAD
    0x0800538c   0x0800538c   0x00000060   Code   RO         1562    .text.TIM_OC6_SetConfig  stm32g4xx_hal_tim.o
    0x080053ec   0x080053ec   0x00000022   Code   RO         1602    .text.TIM_TI1_ConfigInputStage  stm32g4xx_hal_tim.o
    0x0800540e   0x0800540e   0x00000002   PAD
    0x08005410   0x08005410   0x00000024   Code   RO         1606    .text.TIM_TI2_ConfigInputStage  stm32g4xx_hal_tim.o
    0x08005434   0x08005434   0x0000004a   Code   RO           18    .text.Task_Marks_Handler  system.o
    0x0800547e   0x0800547e   0x00000002   PAD
    0x08005480   0x08005480   0x00000046   Code   RO           20    .text.Task_Pro_Handler  system.o
    0x080054c6   0x080054c6   0x00000002   PAD
    0x080054c8   0x080054c8   0x00000028   Code   RO           36    .text.TasksHandle_100MS  task.o
    0x080054f0   0x080054f0   0x00000014   Code   RO           32    .text.TasksHandle_10MS  task.o
    0x08005504   0x08005504   0x00000022   Code   RO           38    .text.TasksHandle_200MS  task.o
    0x08005526   0x08005526   0x00000002   PAD
    0x08005528   0x08005528   0x00000010   Code   RO           40    .text.TasksHandle_250MS  task.o
    0x08005538   0x08005538   0x00000084   Code   RO           42    .text.TasksHandle_2S  task.o
    0x080055bc   0x080055bc   0x00000012   Code   RO           34    .text.TasksHandle_50MS  task.o
    0x080055ce   0x080055ce   0x00000002   PAD
    0x080055d0   0x080055d0   0x00000054   Code   RO         1969    .text.UARTEx_SetNbDataToProcess  stm32g4xx_hal_uart_ex.o
    0x08005624   0x08005624   0x000000e6   Code   RO         1806    .text.UART_AdvFeatureConfig  stm32g4xx_hal_uart.o
    0x0800570a   0x0800570a   0x00000002   PAD
    0x0800570c   0x0800570c   0x0000006e   Code   RO         1808    .text.UART_CheckIdleState  stm32g4xx_hal_uart.o
    0x0800577a   0x0800577a   0x00000002   PAD
    0x0800577c   0x0800577c   0x00000014   Code   RO         1890    .text.UART_DMAAbortOnError  stm32g4xx_hal_uart.o
    0x08005790   0x08005790   0x00000054   Code   RO         1846    .text.UART_DMAError  stm32g4xx_hal_uart.o
    0x080057e4   0x080057e4   0x00000086   Code   RO         1936    .text.UART_DMAReceiveCplt  stm32g4xx_hal_uart.o
    0x0800586a   0x0800586a   0x00000002   PAD
    0x0800586c   0x0800586c   0x0000001c   Code   RO         1938    .text.UART_DMARxHalfCplt  stm32g4xx_hal_uart.o
    0x08005888   0x08005888   0x00000044   Code   RO         1842    .text.UART_DMATransmitCplt  stm32g4xx_hal_uart.o
    0x080058cc   0x080058cc   0x0000000a   Code   RO         1844    .text.UART_DMATxHalfCplt  stm32g4xx_hal_uart.o
    0x080058d6   0x080058d6   0x00000002   PAD
    0x080058d8   0x080058d8   0x0000005a   Code   RO         1860    .text.UART_EndRxTransfer  stm32g4xx_hal_uart.o
    0x08005932   0x08005932   0x00000002   PAD
    0x08005934   0x08005934   0x00000028   Code   RO         1896    .text.UART_EndTransmit_IT  stm32g4xx_hal_uart.o
    0x0800595c   0x0800595c   0x00000030   Code   RO         1858    .text.UART_EndTxTransfer  stm32g4xx_hal_uart.o
    0x0800598c   0x0800598c   0x000000a0   Code   RO          211    .text.UART_Protocol_Analysis  my_usart1.o
    0x08005a2c   0x08005a2c   0x00000014   Code   RO          207    .text.UART_Send_Arrary  my_usart1.o
    0x08005a40   0x08005a40   0x0000001a   Code   RO          209    .text.UART_Send_String  my_usart1.o
    0x08005a5a   0x08005a5a   0x00000002   PAD
    0x08005a5c   0x08005a5c   0x000002c4   Code   RO         1804    .text.UART_SetConfig  stm32g4xx_hal_uart.o
    0x08005d20   0x08005d20   0x000000a8   Code   RO         1850    .text.UART_Start_Receive_DMA  stm32g4xx_hal_uart.o
    0x08005dc8   0x08005dc8   0x000000ec   Code   RO         1822    .text.UART_WaitOnFlagUntilTimeout  stm32g4xx_hal_uart.o
    0x08005eb4   0x08005eb4   0x00000040   Code   RO            4    .text.USART1_IRQHandler  callback.o
    0x08005ef4   0x08005ef4   0x00000002   Code   RO          378    .text.UsageFault_Handler  stm32g4xx_it.o
    0x08005ef6   0x08005ef6   0x00000002   PAD
    0x08005ef8   0x08005ef8   0x00000020   Code   RO         1190    .text.__NVIC_EnableIRQ  stm32g4xx_hal_cortex.o
    0x08005f18   0x08005f18   0x00000010   Code   RO         1182    .text.__NVIC_GetPriorityGrouping  stm32g4xx_hal_cortex.o
    0x08005f28   0x08005f28   0x00000022   Code   RO         1184    .text.__NVIC_SetPriority  stm32g4xx_hal_cortex.o
    0x08005f4a   0x08005f4a   0x00000002   PAD
    0x08005f4c   0x08005f4c   0x00000020   Code   RO         1178    .text.__NVIC_SetPriorityGrouping  stm32g4xx_hal_cortex.o
    0x08005f6c   0x08005f6c   0x0000001e   Code   RO          213    .text.fputc         my_usart1.o
    0x08005f8a   0x08005f8a   0x00000002   PAD
    0x08005f8c   0x08005f8c   0x00000036   Code   RO          270    .text.main          main.o
    0x08005fc2   0x08005fc2   0x00000002   PAD
    0x08005fc4   0x08005fc4   0x00000030   Code   RO          172    .text.padString     menu.o
    0x08005ff4   0x08005ff4   0x00000028   Code   RO         2254    i.__0sprintf        mc_w.l(printfa.o)
    0x0800601c   0x0800601c   0x0000000e   Code   RO         2331    i.__scatterload_copy  mc_w.l(handlers.o)
    0x0800602a   0x0800602a   0x00000002   Code   RO         2332    i.__scatterload_null  mc_w.l(handlers.o)
    0x0800602c   0x0800602c   0x0000000e   Code   RO         2333    i.__scatterload_zeroinit  mc_w.l(handlers.o)
    0x0800603a   0x0800603a   0x00000002   PAD
    0x0800603c   0x0800603c   0x00000184   Code   RO         2259    i._fp_digits        mc_w.l(printfa.o)
    0x080061c0   0x080061c0   0x000006dc   Code   RO         2260    i._printf_core      mc_w.l(printfa.o)
    0x0800689c   0x0800689c   0x00000024   Code   RO         2261    i._printf_post_padding  mc_w.l(printfa.o)
    0x080068c0   0x080068c0   0x0000002e   Code   RO         2262    i._printf_pre_padding  mc_w.l(printfa.o)
    0x080068ee   0x080068ee   0x0000000a   Code   RO         2264    i._sputc            mc_w.l(printfa.o)
    0x080068f8   0x080068f8   0x00000024   Code   RO         2009    i.puts              mc_w.l(puts.o)
    0x0800691c   0x0800691c   0x00000010   Data   RO         1997    .rodata.AHBPrescTable  system_stm32g4xx.o
    0x0800692c   0x0800692c   0x00000008   Data   RO         1998    .rodata.APBPrescTable  system_stm32g4xx.o
    0x08006934   0x08006934   0x000011d0   Data   RO          115    .rodata.ASCII_Table  lcd.o
    0x08007b04   0x08007b04   0x00000018   Data   RO         1940    .rodata.UARTPrescTable  stm32g4xx_hal_uart.o
    0x08007b1c   0x08007b1c   0x00000010   Data   RO         1983    .rodata.cst8        stm32g4xx_hal_uart_ex.o
    0x08007b2c   0x08007b2c   0x00000020   Data   RO         2330    Region$$Table       anon$$obj.o


    Execution Region RW_IRAM1 (Exec base: 0x20000000, Load base: 0x08007b50, Size: 0x00000aa0, Max: 0x00008000, ABSOLUTE, COMPRESSED[0x000000b0])

    Exec Addr    Load Addr    Size         Type   Attr      Idx    E Section Name        Object

    0x20000000   COMPRESSED   0x00000004   Data   RW         2296    .data               mc_w.l(stdout.o)
    0x20000004   COMPRESSED   0x00000002   Data   RW          118    .data.BackColor     lcd.o
    0x20000006   COMPRESSED   0x00000002   PAD
    0x20000008   COMPRESSED   0x00000008   Data   RW          131    .data.EEPROM        eeprom.o
    0x20000010   COMPRESSED   0x00000010   Data   RW          146    .data.Key           key.o
    0x20000020   COMPRESSED   0x00000010   Data   RW          161    .data.Led           led.o
    0x20000030   COMPRESSED   0x000000d0   Data   RW          174    .data.Menu          menu.o
    0x20000100   COMPRESSED   0x00000001   Data   RW          200    .data.RTC_Get_Time.rtc_old_Sec  my_rtc.o
    0x20000101   COMPRESSED   0x00000003   PAD
    0x20000104   COMPRESSED   0x0000000c   Data   RW           22    .data.System        system.o
    0x20000110   COMPRESSED   0x00000004   Data   RW         1996    .data.SystemCoreClock  system_stm32g4xx.o
    0x20000114   COMPRESSED   0x00000048   Data   RW           44    .data.Task          task.o
    0x2000015c   COMPRESSED   0x00000198   Data   RW          228    .data.myADC         my_adc.o
    0x200002f4   COMPRESSED   0x00000010   Data   RW          187    .data.myPWM         my_pwm.o
    0x20000304   COMPRESSED   0x00000004   Data   RW          199    .data.myRTC         my_rtc.o
    0x20000308   COMPRESSED   0x00000018   Data   RW          217    .data.myUSART1      my_usart1.o
    0x20000320   COMPRESSED   0x00000001   Data   RW           45    .data.ucTasks_Max   task.o
    0x20000321   COMPRESSED   0x00000003   PAD
    0x20000324   COMPRESSED   0x00000004   Data   RW          752    .data.uwTickFreq    stm32g4xx_hal.o
    0x20000328   COMPRESSED   0x00000004   Data   RW          751    .data.uwTickPrio    stm32g4xx_hal.o
    0x2000032c   COMPRESSED   0x00000004   PAD
    0x20000330        -       0x00000001   Zero   RW          147    .bss.Key_Scan.uckey_old  key.o
    0x20000331   COMPRESSED   0x00000001   PAD
    0x20000332        -       0x00000002   Zero   RW          117    .bss.TextColor      lcd.o
    0x20000334        -       0x00000002   Zero   RW          116    .bss.dummy          lcd.o
    0x20000336   COMPRESSED   0x00000002   PAD
    0x20000338        -       0x0000006c   Zero   RW          299    .bss.hadc2          adc.o
    0x200003a4        -       0x00000060   Zero   RW          300    .bss.hdma_adc2      adc.o
    0x20000404        -       0x00000060   Zero   RW          360    .bss.hdma_usart1_rx  usart.o
    0x20000464        -       0x00000060   Zero   RW          361    .bss.hdma_usart1_tx  usart.o
    0x200004c4        -       0x00000028   Zero   RW          324    .bss.hrtc           rtc_1.o
    0x200004ec        -       0x0000004c   Zero   RW          343    .bss.htim2          tim.o
    0x20000538        -       0x0000004c   Zero   RW          344    .bss.htim6          tim.o
    0x20000584        -       0x00000090   Zero   RW          359    .bss.huart1         usart.o
    0x20000614        -       0x00000004   Zero   RW          198    .bss.my_date        my_rtc.o
    0x20000618        -       0x00000014   Zero   RW          197    .bss.my_time        my_rtc.o
    0x2000062c        -       0x00000032   Zero   RW          216    .bss.ucUART_Rec_Buff  my_usart1.o
    0x2000065e        -       0x0000003c   Zero   RW          215    .bss.ucUART_Send_Buff  my_usart1.o
    0x2000069a   COMPRESSED   0x00000002   PAD
    0x2000069c        -       0x00000004   Zero   RW          753    .bss.uwTick         stm32g4xx_hal.o
    0x200006a0        -       0x00000400   Zero   RW          408    STACK               startup_stm32g431xx.o


==============================================================================

Image component sizes


      Code (inc. data)   RO Data    RW Data    ZI Data      Debug   Object Name

       358          0          0          0        204       6988   adc.o
        98          0          0          0          0       4540   callback.o
        84          0          0          0          0       3240   dma.o
       148          0          0          8          0       1256   eeprom.o
       266          0          0          0          0       2442   gpio.o
       390          0          0          0          0       3150   i2c_hal.o
       598         48          0         16          1       2894   key.o
      1794          0       4560          2          4       9902   lcd.o
       136          0          0         16          0       1821   led.o
       172          0          0          0          0       1658   main.o
       132         24          0        208          0       1308   menu.o
       232         20          0        408          0       1784   my_adc.o
       196          8          0         16          0       1782   my_pwm.o
       124         16          0          5         24       1573   my_rtc.o
       236          0          0         24        110       2509   my_usart1.o
       252          0          0          0         40       4324   rtc_1.o
        36          8        472          0       1024        808   startup_stm32g431xx.o
       194          0          0          8          4       8574   stm32g4xx_hal.o
      2758          0          0          0          0      23699   stm32g4xx_hal_adc.o
       164          0          0          0          0      21166   stm32g4xx_hal_adc_ex.o
       258          0          0          0          0      10421   stm32g4xx_hal_cortex.o
       942          0          0          0          0       8589   stm32g4xx_hal_dma.o
       452          0          0          0          0       5349   stm32g4xx_hal_gpio.o
        56          0          0          0          0       1579   stm32g4xx_hal_msp.o
       256          0          0          0          0       9493   stm32g4xx_hal_pwr_ex.o
      1948          0          0          0          0       9215   stm32g4xx_hal_rcc.o
       658          0          0          0          0      10592   stm32g4xx_hal_rcc_ex.o
       904          0          0          0          0      11751   stm32g4xx_hal_rtc.o
      2846         14          0          0          0      49042   stm32g4xx_hal_tim.o
       182          0          0          0          0      27363   stm32g4xx_hal_tim_ex.o
      3504         62         24          0          0      33050   stm32g4xx_hal_uart.o
       292          0         16          0          0      10054   stm32g4xx_hal_uart_ex.o
        72          0          0          0          0       2224   stm32g4xx_it.o
       436         36          0         12          0       2780   system.o
        18          0         24          4          0       2730   system_stm32g4xx.o
       260         40          0         73          0       1601   task.o
       474          0          0          0        152       8890   tim.o
       398          0          0          0        336       8221   usart.o

    ----------------------------------------------------------------------
     22584        276       5128        808       1908     318362   Object Totals
         0          0         32          0          0          0   (incl. Generated)
       260          0          0          8          9          0   (incl. Padding)

    ----------------------------------------------------------------------

      Code (inc. data)   RO Data    RW Data    ZI Data      Debug   Library Member Name

        58          0          0          0          0          0   __dczerorl.o
         0          0          0          0          0          0   entry.o
         0          0          0          0          0          0   entry10a.o
         0          0          0          0          0          0   entry11a.o
         8          4          0          0          0          0   entry2.o
         4          0          0          0          0          0   entry5.o
         0          0          0          0          0          0   entry7b.o
         0          0          0          0          0          0   entry8b.o
         8          4          0          0          0          0   entry9a.o
        30          0          0          0          0          0   handlers.o
        36          8          0          0          0         68   init.o
         0          0          0          0          0          0   iusefp.o
        30          0          0          0          0         68   llshl.o
        36          0          0          0          0         68   llsshr.o
        32          0          0          0          0         68   llushr.o
        36          0          0          0          0        108   memseta.o
      2276         86          0          0          0        520   printfa.o
        36          6          0          0          0         80   puts.o
         0          0          0          4          0          0   stdout.o
        14          0          0          0          0         68   strlen.o
        44          0          0          0          0         80   uidiv.o
        98          0          0          0          0         92   uldiv.o
        48          0          0          0          0         68   cdrcmple.o
       334          0          0          0          0        148   dadd.o
       222          0          0          0          0        100   ddiv.o
       186          0          0          0          0        176   depilogue.o
        48          0          0          0          0         68   dfixul.o
       228          0          0          0          0         96   dmul.o
        38          0          0          0          0         68   f2d.o

    ----------------------------------------------------------------------
      3852        108          0          4          0       1944   Library Totals
         2          0          0          0          0          0   (incl. Padding)

    ----------------------------------------------------------------------

      Code (inc. data)   RO Data    RW Data    ZI Data      Debug   Library Name

      2746        108          0          4          0       1220   mc_w.l
      1104          0          0          0          0        724   mf_w.l

    ----------------------------------------------------------------------
      3852        108          0          4          0       1944   Library Totals

    ----------------------------------------------------------------------

==============================================================================


      Code (inc. data)   RO Data    RW Data    ZI Data      Debug   

     26436        384       5128        812       1908     318882   Grand Totals
     26436        384       5128        176       1908     318882   ELF Image Totals (compressed)
     26436        384       5128        176          0          0   ROM Totals

==============================================================================

    Total RO  Size (Code + RO Data)                31564 (  30.82kB)
    Total RW  Size (RW Data + ZI Data)              2720 (   2.66kB)
    Total ROM Size (Code + RO Data + RW Data)      31740 (  31.00kB)

==============================================================================

