<html>
<body>
<pre>
<h1>µVision Build Log</h1>
<h2>Tool Versions:</h2>
IDE-Version: ¦ÌVision V5.36.0.0
Copyright (C) 2021 ARM Ltd and ARM Germany GmbH. All rights reserved.
License Information: 122 4447837, HP Inc., LIC=JL28G-VRIXS-454T5-GD2EK-I2FWP-ZVLZH
 
Tool Versions:
Toolchain:       MDK-ARM Plus  Version: 5.36.0.0
Toolchain Path:  C:\Keil_v5\ARM\ARMCC\Bin
C Compiler:      Armcc.exe V5.06 update 7 (build 960)
Assembler:       Armasm.exe V5.06 update 7 (build 960)
Linker/Locator:  ArmLink.exe V5.06 update 7 (build 960)
Library Manager: ArmAr.exe V5.06 update 7 (build 960)
Hex Converter:   FromElf.exe V5.06 update 7 (build 960)
CPU DLL:         SARMCM3.DLL V5.36.0.0
Dialog DLL:      DCM.DLL V1.17.3.0
Target DLL:      CMSIS_AGDI.dll V1.33.0.0
Dialog DLL:      TCM.DLL V1.53.0.0
 
<h2>Project:</h2>
G:\lan_g4\pro_1\lan_g4\MDK-ARM\lan_g4.uvprojx
Project File Date:  02/12/2023

<h2>Output:</h2>
*** Using Compiler 'V5.06 update 7 (build 960)', folder: 'C:\Keil_v5\ARM\ARMCC\Bin'
Build target 'lan_g4'
assembling startup_stm32g431xx.s...
compiling dma.c...
compiling stm32g4xx_hal_msp.c...
compiling stm32g4xx_it.c...
compiling tim.c...
compiling adc.c...
compiling gpio.c...
compiling rtc.c...
compiling dac.c...
compiling stm32g4xx_hal_adc.c...
compiling main.c...
compiling usart.c...
../Core/Src/usart.c(209): warning:  #177-D: variable "j"  was declared but never referenced
  	uint8_t i = 0,j = 0;
../Core/Src/usart.c: 1 warning, 0 errors
compiling stm32g4xx_hal_adc_ex.c...
compiling stm32g4xx_hal.c...
compiling stm32g4xx_hal_rcc_ex.c...
compiling stm32g4xx_hal_rcc.c...
compiling stm32g4xx_hal_dma.c...
compiling stm32g4xx_hal_flash_ex.c...
compiling stm32g4xx_hal_flash.c...
compiling stm32g4xx_hal_dma_ex.c...
compiling stm32g4xx_hal_gpio.c...
compiling stm32g4xx_hal_flash_ramfunc.c...
compiling stm32g4xx_hal_exti.c...
compiling stm32g4xx_hal_pwr.c...
compiling stm32g4xx_hal_pwr_ex.c...
compiling stm32g4xx_hal_dac.c...
compiling stm32g4xx_hal_rtc.c...
compiling stm32g4xx_hal_cortex.c...
compiling stm32g4xx_hal_dac_ex.c...
compiling LED.c...
compiling stm32g4xx_hal_rtc_ex.c...
compiling stm32g4xx_hal_tim.c...
compiling system_stm32g4xx.c...
compiling stm32g4xx_hal_tim_ex.c...
compiling KEY.c...
compiling stm32g4xx_hal_uart_ex.c...
compiling stm32g4xx_hal_uart.c...
compiling TIMER.c...
compiling USART1.c...
compiling lcd.c...
compiling EXTI.c...
compiling MY_LCD.c...
..\APP\My_LCD\MY_LCD.c(76): warning:  #177-D: variable "ADC5_Num"  was declared but never referenced
      uint8_t ADC5_Num[20] = "";	//ADC1Í¨µÀ5
..\APP\My_LCD\MY_LCD.c: 1 warning, 0 errors
compiling i2c_hal.c...
compiling my_adc.c...
compiling EEPROM.c...
compiling PWM.c...
linking...
Program Size: Code=31372 RO-data=5148 RW-data=144 ZI-data=2568  
FromELF: creating hex file...
"lan_g4\lan_g4.axf" - 0 Error(s), 2 Warning(s).

<h2>Software Packages used:</h2>

Package Vendor: ARM
                http://www.keil.com/pack/ARM.CMSIS.5.8.0.pack
                ARM.CMSIS.5.8.0
                CMSIS (Common Microcontroller Software Interface Standard)
   * Component: CORE Version: 5.5.0

Package Vendor: Keil
                http://www.keil.com/pack/Keil.STM32G4xx_DFP.1.2.0.pack
                Keil.STM32G4xx_DFP.1.2.0
                STMicroelectronics STM32G4 Series Device Support, Drivers and Examples

<h2>Collection of Component include folders:</h2>
  .\RTE\_lan_g4
  C:\Users\44478\AppData\Local\Arm\Packs\ARM\CMSIS\5.8.0\CMSIS\Core\Include
  C:\Users\44478\AppData\Local\Arm\Packs\Keil\STM32G4xx_DFP\1.2.0\Drivers\CMSIS\Device\ST\STM32G4xx\Include

<h2>Collection of Component Files used:</h2>

   * Component: ARM::CMSIS:CORE:5.5.0
      Include file:  CMSIS\Core\Include\tz_context.h
Build Time Elapsed:  00:00:29
</pre>
</body>
</html>
